Component: ARM Compiler 5.06 update 7 (build 960) Tool: armlink [4d3601]

==============================================================================

Section Cross References

    startup_stm32f10x_md.o(STACK) refers (Special) to heapauxi.o(.text) for __use_two_region_memory
    startup_stm32f10x_md.o(HEAP) refers (Special) to heapauxi.o(.text) for __use_two_region_memory
    startup_stm32f10x_md.o(RESET) refers (Special) to heapauxi.o(.text) for __use_two_region_memory
    startup_stm32f10x_md.o(RESET) refers to startup_stm32f10x_md.o(STACK) for __initial_sp
    startup_stm32f10x_md.o(RESET) refers to startup_stm32f10x_md.o(.text) for Reset_Handler
    startup_stm32f10x_md.o(RESET) refers to stm32f10x_it.o(i.NMI_Handler) for NMI_Handler
    startup_stm32f10x_md.o(RESET) refers to stm32f10x_it.o(i.HardFault_Handler) for HardFault_Handler
    startup_stm32f10x_md.o(RESET) refers to stm32f10x_it.o(i.MemManage_Handler) for MemManage_Handler
    startup_stm32f10x_md.o(RESET) refers to stm32f10x_it.o(i.BusFault_Handler) for BusFault_Handler
    startup_stm32f10x_md.o(RESET) refers to stm32f10x_it.o(i.UsageFault_Handler) for UsageFault_Handler
    startup_stm32f10x_md.o(RESET) refers to port.o(.emb_text) for SVC_Handler
    startup_stm32f10x_md.o(RESET) refers to stm32f10x_it.o(i.DebugMon_Handler) for DebugMon_Handler
    startup_stm32f10x_md.o(RESET) refers to port.o(i.SysTick_Handler) for SysTick_Handler
    startup_stm32f10x_md.o(.text) refers (Special) to heapauxi.o(.text) for __use_two_region_memory
    startup_stm32f10x_md.o(.text) refers to system_stm32f10x.o(i.SystemInit) for SystemInit
    startup_stm32f10x_md.o(.text) refers to __main.o(!!!main) for __main
    startup_stm32f10x_md.o(.text) refers to startup_stm32f10x_md.o(HEAP) for Heap_Mem
    startup_stm32f10x_md.o(.text) refers to startup_stm32f10x_md.o(STACK) for Stack_Mem
    system_stm32f10x.o(i.SetSysClock) refers to system_stm32f10x.o(i.SetSysClockTo72) for SetSysClockTo72
    system_stm32f10x.o(i.SystemCoreClockUpdate) refers to system_stm32f10x.o(.data) for SystemCoreClock
    system_stm32f10x.o(i.SystemInit) refers to system_stm32f10x.o(i.SetSysClock) for SetSysClock
    main.o(i.main) refers to delay.o(i.delay_init) for delay_init
    main.o(i.main) refers to lcd_st7735s.o(i.lcdInit) for lcdInit
    main.o(i.main) refers to key.o(i.Key_Init) for Key_Init
    main.o(i.main) refers to nrf24l01.o(i.Init_NRF24L01) for Init_NRF24L01
    main.o(i.main) refers to lcd_st7735s.o(i.lcdClear) for lcdClear
    main.o(i.main) refers to dvr.o(i.Power_Init) for Power_Init
    main.o(i.main) refers to lcd_st7735s.o(i.LCD_ShowString) for LCD_ShowString
    main.o(i.main) refers to nrf24l01.o(i.NRF24L01_Check) for NRF24L01_Check
    main.o(i.main) refers to queue.o(i.xQueueGenericCreate) for xQueueGenericCreate
    main.o(i.main) refers to tasks.o(i.xTaskCreate) for xTaskCreate
    main.o(i.main) refers to tasks.o(i.vTaskStartScheduler) for vTaskStartScheduler
    main.o(i.main) refers to freertos_demo.o(.data) for xQueue_Send_Data
    main.o(i.main) refers to main.o(.data) for Task_NRF_TX_Handle
    main.o(i.main) refers to freertos_demo.o(i.Task_NRF_TX) for Task_NRF_TX
    main.o(i.main) refers to freertos_demo.o(i.Task_Dvr_Get_data) for Task_Dvr_Get_data
    freertos_demo.o(i.KEY_Scan) refers to stm32f10x_gpio.o(i.GPIO_ReadInputDataBit) for GPIO_ReadInputDataBit
    freertos_demo.o(i.KEY_Scan) refers to tasks.o(i.vTaskDelay) for vTaskDelay
    freertos_demo.o(i.KEY_Scan) refers to key.o(.data) for Key_con
    freertos_demo.o(i.Send_ADC_Data) refers to stm32f10x_gpio.o(i.GPIO_ReadInputDataBit) for GPIO_ReadInputDataBit
    freertos_demo.o(i.Send_ADC_Data) refers to led.o(i.LED_R) for LED_R
    freertos_demo.o(i.Send_ADC_Data) refers to queue.o(i.xQueueGenericSend) for xQueueGenericSend
    freertos_demo.o(i.Send_ADC_Data) refers to dvr.o(.data) for Dvr
    freertos_demo.o(i.Send_ADC_Data) refers to freertos_demo.o(.data) for xQueue_Send_Data
    freertos_demo.o(i.Task_Dvr_Get_data) refers to dvr.o(i.ADC_DVR_SCAN) for ADC_DVR_SCAN
    freertos_demo.o(i.Task_Dvr_Get_data) refers to freertos_demo.o(i.Send_ADC_Data) for Send_ADC_Data
    freertos_demo.o(i.Task_Dvr_Get_data) refers to delay.o(i.delay_us) for delay_us
    freertos_demo.o(i.Task_Dvr_Get_data) refers to lcd_st7735s.o(i.LCD_ShowString) for LCD_ShowString
    freertos_demo.o(i.Task_Dvr_Get_data) refers to lcd_st7735s.o(i.LCD_ShowIntNum) for LCD_ShowIntNum
    freertos_demo.o(i.Task_Dvr_Get_data) refers to tasks.o(i.vTaskDelay) for vTaskDelay
    freertos_demo.o(i.Task_Dvr_Get_data) refers to freertos_demo.o(.data) for Show
    freertos_demo.o(i.Task_Dvr_Get_data) refers to dvr.o(.data) for Dvr
    freertos_demo.o(i.Task_NRF_RX) refers to nrf24l01.o(i.RX_Mode) for RX_Mode
    freertos_demo.o(i.Task_NRF_RX) refers to delay.o(i.delay_ms) for delay_ms
    freertos_demo.o(i.Task_NRF_RX) refers to nrf24l01.o(i.NRF24L01_RxPacket) for NRF24L01_RxPacket
[...]
    ../clib/angel/sysapp.c                   0x00000000   Number         0  sys_wrch.o ABSOLUTE
    ../clib/angel/sysapp.c                   0x00000000   Number         0  sys_exit.o ABSOLUTE
    ../clib/angel/sysapp.c                   0x00000000   Number         0  sys_command.o ABSOLUTE
    ../clib/armsys.c                         0x00000000   Number         0  _get_argv_nomalloc.o ABSOLUTE
    ../clib/armsys.c                         0x00000000   Number         0  argv_veneer.o ABSOLUTE
    ../clib/armsys.c                         0x00000000   Number         0  argv_veneer.o ABSOLUTE
    ../clib/armsys.c                         0x00000000   Number         0  no_argv.o ABSOLUTE
    ../clib/heapalloc.c                      0x00000000   Number         0  hrguard.o ABSOLUTE
    ../clib/heapaux.c                        0x00000000   Number         0  heapauxi.o ABSOLUTE
    ../clib/libinit.s                        0x00000000   Number         0  libshutdown.o ABSOLUTE
    ../clib/libinit.s                        0x00000000   Number         0  libinit2.o ABSOLUTE
    ../clib/libinit.s                        0x00000000   Number         0  libinit.o ABSOLUTE
    ../clib/libinit.s                        0x00000000   Number         0  libshutdown2.o ABSOLUTE
    ../clib/memcpset.s                       0x00000000   Number         0  rt_memcpy_v6.o ABSOLUTE
    ../clib/memcpset.s                       0x00000000   Number         0  rt_memclr_w.o ABSOLUTE
    ../clib/memcpset.s                       0x00000000   Number         0  rt_memclr.o ABSOLUTE
    ../clib/memcpset.s                       0x00000000   Number         0  rt_memcpy_w.o ABSOLUTE
    ../clib/signal.c                         0x00000000   Number         0  defsig_general.o ABSOLUTE
    ../clib/signal.c                         0x00000000   Number         0  __raise.o ABSOLUTE
    ../clib/signal.c                         0x00000000   Number         0  defsig_rtmem_inner.o ABSOLUTE
    ../clib/signal.c                         0x00000000   Number         0  defsig_other.o ABSOLUTE
    ../clib/signal.c                         0x00000000   Number         0  defsig_segv_inner.o ABSOLUTE
    ../clib/signal.c                         0x00000000   Number         0  defsig_cppl_inner.o ABSOLUTE
    ../clib/signal.c                         0x00000000   Number         0  defsig_rtmem_outer.o ABSOLUTE
    ../clib/signal.c                         0x00000000   Number         0  defsig_rtmem_formal.o ABSOLUTE
    ../clib/signal.c                         0x00000000   Number         0  defsig_pvfn_inner.o ABSOLUTE
    ../clib/signal.c                         0x00000000   Number         0  defsig_stak_inner.o ABSOLUTE
    ../clib/signal.c                         0x00000000   Number         0  defsig_exit.o ABSOLUTE
    ../clib/signal.c                         0x00000000   Number         0  defsig_rtred_inner.o ABSOLUTE
    ../clib/signal.c                         0x00000000   Number         0  defsig_fpe_inner.o ABSOLUTE
    ../clib/signal.c                         0x00000000   Number         0  defsig_abrt_inner.o ABSOLUTE
    ../clib/signal.s                         0x00000000   Number         0  defsig.o ABSOLUTE
    ../clib/stdlib.c                         0x00000000   Number         0  exit.o ABSOLUTE
    ../fplib/daddsub.s                       0x00000000   Number         0  daddsub_clz.o ABSOLUTE
    ../fplib/dfix.s                          0x00000000   Number         0  dfix.o ABSOLUTE
    ../fplib/dflt.s                          0x00000000   Number         0  dflt_clz.o ABSOLUTE
    ../fplib/dmul.s                          0x00000000   Number         0  dmul.o ABSOLUTE
    ../fplib/dnaninf.s                       0x00000000   Number         0  dnaninf.o ABSOLUTE
    ../fplib/dretinf.s                       0x00000000   Number         0  dretinf.o ABSOLUTE
    ../fplib/fdiv.s                          0x00000000   Number         0  fdiv.o ABSOLUTE
    ../fplib/ffixu.s                         0x00000000   Number         0  ffixu.o ABSOLUTE
    ../fplib/fflt.s                          0x00000000   Number         0  fflt_clz.o ABSOLUTE
    ../fplib/fmul.s                          0x00000000   Number         0  fmul.o ABSOLUTE
    ../fplib/fnaninf.s                       0x00000000   Number         0  fnaninf.o ABSOLUTE
    ../fplib/fpinit.s                        0x00000000   Number         0  fpinit.o ABSOLUTE
    ../fplib/fretinf.s                       0x00000000   Number         0  fretinf.o ABSOLUTE
    ../fplib/usenofp.s                       0x00000000   Number         0  usenofp.o ABSOLUTE
    FreeRTOS\\portable\\RVDS\\ARM_CM3\\port.c 0x00000000   Number         0  port.o ABSOLUTE
    FreeRTOS\croutine.c                      0x00000000   Number         0  croutine.o ABSOLUTE
    FreeRTOS\event_groups.c                  0x00000000   Number         0  event_groups.o ABSOLUTE
    FreeRTOS\list.c                          0x00000000   Number         0  list.o ABSOLUTE
    FreeRTOS\portable\MemMang\heap_4.c       0x00000000   Number         0  heap_4.o ABSOLUTE
    FreeRTOS\portable\RVDS\ARM_CM3\port.c    0x00000000   Number         0  port.o ABSOLUTE
    FreeRTOS\queue.c                         0x00000000   Number         0  queue.o ABSOLUTE
    FreeRTOS\stream_buffer.c                 0x00000000   Number         0  stream_buffer.o ABSOLUTE
    FreeRTOS\tasks.c                         0x00000000   Number         0  tasks.o ABSOLUTE
    FreeRTOS\timers.c                        0x00000000   Number         0  timers.o ABSOLUTE
    Haedware\LCD_ST7735S.c                   0x00000000   Number         0  lcd_st7735s.o ABSOLUTE
    Haedware\LED.c                           0x00000000   Number         0  led.o ABSOLUTE
    Haedware\compute.c                       0x00000000   Number         0  compute.o ABSOLUTE
    Haedware\dvr.c                           0x00000000   Number         0  dvr.o ABSOLUTE
    Haedware\key.c                           0x00000000   Number         0  key.o ABSOLUTE
    Haedware\nrf24l01.c                      0x00000000   Number         0  nrf24l01.o ABSOLUTE
    Library\misc.c                           0x00000000   Number         0  misc.o ABSOLUTE
    Library\stm32f10x_adc.c                  0x00000000   Number         0  stm32f10x_adc.o ABSOLUTE
    Library\stm32f10x_bkp.c                  0x00000000   Number         0  stm32f10x_bkp.o ABSOLUTE
    Library\stm32f10x_can.c                  0x00000000   Number         0  stm32f10x_can.o ABSOLUTE
    Library\stm32f10x_cec.c                  0x00000000   Number         0  stm32f10x_cec.o ABSOLUTE
    Library\stm32f10x_crc.c                  0x00000000   Number         0  stm32f10x_crc.o ABSOLUTE
    Library\stm32f10x_dac.c                  0x00000000   Number         0  stm32f10x_dac.o ABSOLUTE
    Library\stm32f10x_dbgmcu.c               0x00000000   Number         0  stm32f10x_dbgmcu.o ABSOLUTE
    Library\stm32f10x_dma.c                  0x00000000   Number         0  stm32f10x_dma.o ABSOLUTE
    Library\stm32f10x_exti.c                 0x00000000   Number         0  stm32f10x_exti.o ABSOLUTE
    Library\stm32f10x_flash.c                0x00000000   Number         0  stm32f10x_flash.o ABSOLUTE
    Library\stm32f10x_fsmc.c                 0x00000000   Number         0  stm32f10x_fsmc.o ABSOLUTE
    Library\stm32f10x_gpio.c                 0x00000000   Number         0  stm32f10x_gpio.o ABSOLUTE
    Library\stm32f10x_i2c.c                  0x00000000   Number         0  stm32f10x_i2c.o ABSOLUTE
    Library\stm32f10x_iwdg.c                 0x00000000   Number         0  stm32f10x_iwdg.o ABSOLUTE
    Library\stm32f10x_pwr.c                  0x00000000   Number         0  stm32f10x_pwr.o ABSOLUTE
    Library\stm32f10x_rcc.c                  0x00000000   Number         0  stm32f10x_rcc.o ABSOLUTE
    Library\stm32f10x_rtc.c                  0x00000000   Number         0  stm32f10x_rtc.o ABSOLUTE
    Library\stm32f10x_sdio.c                 0x00000000   Number         0  stm32f10x_sdio.o ABSOLUTE
    Library\stm32f10x_spi.c                  0x00000000   Number         0  stm32f10x_spi.o ABSOLUTE
    Library\stm32f10x_tim.c                  0x00000000   Number         0  stm32f10x_tim.o ABSOLUTE
    Library\stm32f10x_usart.c                0x00000000   Number         0  stm32f10x_usart.o ABSOLUTE
    Library\stm32f10x_wwdg.c                 0x00000000   Number         0  stm32f10x_wwdg.o ABSOLUTE
    Start\\core_cm3.c                        0x00000000   Number         0  core_cm3.o ABSOLUTE
    Start\core_cm3.c                         0x00000000   Number         0  core_cm3.o ABSOLUTE
    Start\startup_stm32f10x_md.s             0x00000000   Number         0  startup_stm32f10x_md.o ABSOLUTE
    Start\system_stm32f10x.c                 0x00000000   Number         0  system_stm32f10x.o ABSOLUTE
    System\\sys.c                            0x00000000   Number         0  sys.o ABSOLUTE
    System\delay.c                           0x00000000   Number         0  delay.o ABSOLUTE
    System\sys.c                             0x00000000   Number         0  sys.o ABSOLUTE
    User\freertos_demo.c                     0x00000000   Number         0  freertos_demo.o ABSOLUTE
    User\main.c                              0x00000000   Number         0  main.o ABSOLUTE
    User\stm32f10x_it.c                      0x00000000   Number         0  stm32f10x_it.o ABSOLUTE
    dc.s                                     0x00000000   Number         0  dc.o ABSOLUTE
    RESET                                    0x08000000   Section      236  startup_stm32f10x_md.o(RESET)
    !!!main                                  0x080000ec   Section        8  __main.o(!!!main)
    !!!scatter                               0x080000f4   Section       52  __scatter.o(!!!scatter)
    !!handler_copy                           0x08000128   Section       26  __scatter_copy.o(!!handler_copy)
    !!handler_zi                             0x08000144   Section       28  __scatter_zi.o(!!handler_zi)
    .ARM.Collect$$libinit$$00000000          0x08000160   Section        2  libinit.o(.ARM.Collect$$libinit$$00000000)
    .ARM.Collect$$libinit$$00000002          0x08000162   Section        0  libinit2.o(.ARM.Collect$$libinit$$00000002)
    .ARM.Collect$$libinit$$00000004          0x08000162   Section        0  libinit2.o(.ARM.Collect$$libinit$$00000004)
    .ARM.Collect$$libinit$$0000000A          0x08000162   Section        0  libinit2.o(.ARM.Collect$$libinit$$0000000A)
    .ARM.Collect$$libinit$$0000000C          0x08000162   Section        0  libinit2.o(.ARM.Collect$$libinit$$0000000C)
    .ARM.Collect$$libinit$$0000000E          0x08000162   Section        0  libinit2.o(.ARM.Collect$$libinit$$0000000E)
    .ARM.Collect$$libinit$$00000011          0x08000162   Section        0  libinit2.o(.ARM.Collect$$libinit$$00000011)
    .ARM.Collect$$libinit$$00000013          0x08000162   Section        0  libinit2.o(.ARM.Collect$$libinit$$00000013)
    .ARM.Collect$$libinit$$00000015          0x08000162   Section        0  libinit2.o(.ARM.Collect$$libinit$$00000015)
    .ARM.Collect$$libinit$$00000017          0x08000162   Section        0  libinit2.o(.ARM.Collect$$libinit$$00000017)
    .ARM.Collect$$libinit$$00000019          0x08000162   Section        0  libinit2.o(.ARM.Collect$$libinit$$00000019)
    .ARM.Collect$$libinit$$0000001B          0x08000162   Section        0  libinit2.o(.ARM.Collect$$libinit$$0000001B)
    .ARM.Collect$$libinit$$0000001D          0x08000162   Section        0  libinit2.o(.ARM.Collect$$libinit$$0000001D)
    .ARM.Collect$$libinit$$0000001F          0x08000162   Section        0  libinit2.o(.ARM.Collect$$libinit$$0000001F)
    .ARM.Collect$$libinit$$00000021          0x08000162   Section        0  libinit2.o(.ARM.Collect$$libinit$$00000021)
    .ARM.Collect$$libinit$$00000023          0x08000162   Section        0  libinit2.o(.ARM.Collect$$libinit$$00000023)
    .ARM.Collect$$libinit$$00000025          0x08000162   Section        0  libinit2.o(.ARM.Collect$$libinit$$00000025)
    .ARM.Collect$$libinit$$0000002C          0x08000162   Section        0  libinit2.o(.ARM.Collect$$libinit$$0000002C)
    .ARM.Collect$$libinit$$0000002E          0x08000162   Section        0  libinit2.o(.ARM.Collect$$libinit$$0000002E)
    .ARM.Collect$$libinit$$00000030          0x08000162   Section        0  libinit2.o(.ARM.Collect$$libinit$$00000030)
    .ARM.Collect$$libinit$$00000032          0x08000162   Section        0  libinit2.o(.ARM.Collect$$libinit$$00000032)
    .ARM.Collect$$libinit$$00000033          0x08000162   Section        2  libinit2.o(.ARM.Collect$$libinit$$00000033)
    .ARM.Collect$$libshutdown$$00000000      0x08000164   Section        2  libshutdown.o(.ARM.Collect$$libshutdown$$00000000)
    .ARM.Collect$$libshutdown$$00000002      0x08000166   Section        0  libshutdown2.o(.ARM.Collect$$libshutdown$$00000002)
    .ARM.Collect$$libshutdown$$00000004      0x08000166   Section        0  libshutdown2.o(.ARM.Collect$$libshutdown$$00000004)
    .ARM.Collect$$libshutdown$$00000006      0x08000166   Section        0  libshutdown2.o(.ARM.Collect$$libshutdown$$00000006)
    .ARM.Collect$$libshutdown$$00000009      0x08000166   Section        0  libshutdown2.o(.ARM.Collect$$libshutdown$$00000009)
    .ARM.Collect$$libshutdown$$0000000C      0x08000166   Section        0  libshutdown2.o(.ARM.Collect$$libshutdown$$0000000C)
    .ARM.Collect$$libshutdown$$0000000E      0x08000166   Section        0  libshutdown2.o(.ARM.Collect$$libshutdown$$0000000E)
    .ARM.Collect$$libshutdown$$00000011      0x08000166   Section        0  libshutdown2.o(.ARM.Collect$$libshutdown$$00000011)
    .ARM.Collect$$libshutdown$$00000012      0x08000166   Section        2  libshutdown2.o(.ARM.Collect$$libshutdown$$00000012)
    .ARM.Collect$$rtentry$$00000000          0x08000168   Section        0  __rtentry.o(.ARM.Collect$$rtentry$$00000000)
    .ARM.Collect$$rtentry$$00000002          0x08000168   Section        0  __rtentry2.o(.ARM.Collect$$rtentry$$00000002)
    .ARM.Collect$$rtentry$$00000004          0x08000168   Section        6  __rtentry4.o(.ARM.Collect$$rtentry$$00000004)
    .ARM.Collect$$rtentry$$00000009          0x0800016e   Section        0  __rtentry2.o(.ARM.Collect$$rtentry$$00000009)
    .ARM.Collect$$rtentry$$0000000A          0x0800016e   Section        4  __rtentry2.o(.ARM.Collect$$rtentry$$0000000A)
    .ARM.Collect$$rtentry$$0000000C          0x08000172   Section        0  __rtentry2.o(.ARM.Collect$$rtentry$$0000000C)
    .ARM.Collect$$rtentry$$0000000D          0x08000172   Section        8  __rtentry2.o(.ARM.Collect$$rtentry$$0000000D)
    .ARM.Collect$$rtexit$$00000000           0x0800017a   Section        2  rtexit.o(.ARM.Collect$$rtexit$$00000000)
    .ARM.Collect$$rtexit$$00000002           0x0800017c   Section        0  rtexit2.o(.ARM.Collect$$rtexit$$00000002)
    .ARM.Collect$$rtexit$$00000003           0x0800017c   Section        4  rtexit2.o(.ARM.Collect$$rtexit$$00000003)
    .ARM.Collect$$rtexit$$00000004           0x08000180   Section        6  rtexit2.o(.ARM.Collect$$rtexit$$00000004)
    .emb_text                                0x08000188   Section      150  port.o(.emb_text)
    .text                                    0x08000220   Section       64  startup_stm32f10x_md.o(.text)
    .text                                    0x08000260   Section      138  rt_memcpy_v6.o(.text)
    .text                                    0x080002ea   Section       78  rt_memclr_w.o(.text)
    .text                                    0x08000338   Section        0  heapauxi.o(.text)
    .text                                    0x0800033e   Section      100  rt_memcpy_w.o(.text)
    .text                                    0x080003a2   Section       74  sys_stackheap_outer.o(.text)
    .text                                    0x080003ec   Section        0  exit.o(.text)
    .text                                    0x08000400   Section        8  libspace.o(.text)
    .text                                    0x08000408   Section        0  sys_exit.o(.text)
    .text                                    0x08000414   Section        2  use_no_semi.o(.text)
    .text                                    0x08000416   Section        0  indicate_semi.o(.text)
    i.ADC_Cmd                                0x08000416   Section        0  stm32f10x_adc.o(i.ADC_Cmd)
    i.ADC_DVR_SCAN                           0x0800042c   Section        0  dvr.o(i.ADC_DVR_SCAN)
    i.ADC_GetCalibrationStatus               0x0800056c   Section        0  stm32f10x_adc.o(i.ADC_GetCalibrationStatus)
    i.ADC_GetConversionValue                 0x08000580   Section        0  stm32f10x_adc.o(i.ADC_GetConversionValue)
    i.ADC_GetFlagStatus                      0x08000588   Section        0  stm32f10x_adc.o(i.ADC_GetFlagStatus)
    i.ADC_GetResetCalibrationStatus          0x0800059a   Section        0  stm32f10x_adc.o(i.ADC_GetResetCalibrationStatus)
    i.ADC_Init                               0x080005b0   Section        0  stm32f10x_adc.o(i.ADC_Init)
    i.ADC_RegularChannelConfig               0x08000600   Section        0  stm32f10x_adc.o(i.ADC_RegularChannelConfig)
    i.ADC_ResetCalibration                   0x080006b8   Section        0  stm32f10x_adc.o(i.ADC_ResetCalibration)
    i.ADC_SoftwareStartConvCmd               0x080006c2   Section        0  stm32f10x_adc.o(i.ADC_SoftwareStartConvCmd)
    i.ADC_StartCalibration                   0x080006d8   Section        0  stm32f10x_adc.o(i.ADC_StartCalibration)
    i.BusFault_Handler                       0x080006e2   Section        0  stm32f10x_it.o(i.BusFault_Handler)
    i.DebugMon_Handler                       0x080006e6   Section        0  stm32f10x_it.o(i.DebugMon_Handler)
    i.Delay                                  0x080006e8   Section        0  nrf24l01.o(i.Delay)
    i.Dvr_Limit                              0x080006fa   Section        0  dvr.o(i.Dvr_Limit)
    i.Dvr_Mid_Limit                          0x080007ac   Section        0  dvr.o(i.Dvr_Mid_Limit)
    i.GPIO_Init                              0x08000826   Section        0  stm32f10x_gpio.o(i.GPIO_Init)
    i.GPIO_ReadInputDataBit                  0x0800093c   Section        0  stm32f10x_gpio.o(i.GPIO_ReadInputDataBit)
    i.GPIO_ResetBits                         0x0800094e   Section        0  stm32f10x_gpio.o(i.GPIO_ResetBits)
    i.GPIO_SetBits                           0x08000952   Section        0  stm32f10x_gpio.o(i.GPIO_SetBits)
    i.Get_Joystick_PIT_ADC                   0x08000956   Section        0  dvr.o(i.Get_Joystick_PIT_ADC)
    i.Get_Joystick_ROL_ADC                   0x08000962   Section        0  dvr.o(i.Get_Joystick_ROL_ADC)
    i.Get_Joystick_THR_ADC                   0x0800096e   Section        0  dvr.o(i.Get_Joystick_THR_ADC)
    i.Get_Joystick_YAW_ADC                   0x0800097a   Section        0  dvr.o(i.Get_Joystick_YAW_ADC)
    i.HardFault_Handler                      0x08000986   Section        0  stm32f10x_it.o(i.HardFault_Handler)
    i.Init_NRF24L01                          0x0800098c   Section        0  nrf24l01.o(i.Init_NRF24L01)
    i.Key_Init                               0x08000a1c   Section        0  key.o(i.Key_Init)
    i.LCD_DrawPoint                          0x08000a70   Section        0  lcd_st7735s.o(i.LCD_DrawPoint)
    i.LCD_ShowChar                           0x08000a8c   Section        0  lcd_st7735s.o(i.LCD_ShowChar)
    i.LCD_ShowIntNum                         0x08000ba0   Section        0  lcd_st7735s.o(i.LCD_ShowIntNum)
    i.LCD_ShowString                         0x08000c3a   Section        0  lcd_st7735s.o(i.LCD_ShowString)
    i.LED_R                                  0x08000ca4   Section        0  led.o(i.LED_R)
    i.MemManage_Handler                      0x08000ccc   Section        0  stm32f10x_it.o(i.MemManage_Handler)
    i.NMI_Handler                            0x08000cd0   Section        0  stm32f10x_it.o(i.NMI_Handler)
    i.NRF24L01_Check                         0x08000cd4   Section        0  nrf24l01.o(i.NRF24L01_Check)
    i.NRF24L01_Read_Buf                      0x08000d20   Section        0  nrf24l01.o(i.NRF24L01_Read_Buf)
    i.NRF24L01_Read_Reg                      0x08000d60   Section        0  nrf24l01.o(i.NRF24L01_Read_Reg)
    i.NRF24L01_TxPacket                      0x08000d8c   Section        0  nrf24l01.o(i.NRF24L01_TxPacket)
    i.NRF24L01_Write_Buf                     0x08000de0   Section        0  nrf24l01.o(i.NRF24L01_Write_Buf)
    i.NRF24L01_Write_Reg                     0x08000e20   Section        0  nrf24l01.o(i.NRF24L01_Write_Reg)
    i.Power_Init                             0x08000e4c   Section        0  dvr.o(i.Power_Init)
    i.RCC_APB2PeriphClockCmd                 0x08000eec   Section        0  stm32f10x_rcc.o(i.RCC_APB2PeriphClockCmd)
    i.Read_ADC                               0x08000f0c   Section        0  dvr.o(i.Read_ADC)
    i.SPI_ReadWriteByte                      0x08000f40   Section        0  nrf24l01.o(i.SPI_ReadWriteByte)
    i.Send_ADC_Data                          0x08000fa0   Section        0  freertos_demo.o(i.Send_ADC_Data)
    i.SetSysClock                            0x08001048   Section        0  system_stm32f10x.o(i.SetSysClock)
    SetSysClock                              0x08001049   Thumb Code     8  system_stm32f10x.o(i.SetSysClock)
    i.SetSysClockTo72                        0x08001050   Section        0  system_stm32f10x.o(i.SetSysClockTo72)
    SetSysClockTo72                          0x08001051   Thumb Code   214  system_stm32f10x.o(i.SetSysClockTo72)
    i.SysTick_CLKSourceConfig                0x08001130   Section        0  misc.o(i.SysTick_CLKSourceConfig)
    i.SysTick_Handler                        0x08001158   Section        0  port.o(i.SysTick_Handler)
    i.SystemInit                             0x0800118c   Section        0  system_stm32f10x.o(i.SystemInit)
    i.TX_Mode                                0x080011ec   Section        0  nrf24l01.o(i.TX_Mode)
    i.Task_Dvr_Get_data                      0x08001250   Section        0  freertos_demo.o(i.Task_Dvr_Get_data)
    i.Task_NRF_TX                            0x08001320   Section        0  freertos_demo.o(i.Task_NRF_TX)
    i.UsageFault_Handler                     0x0800137c   Section        0  stm32f10x_it.o(i.UsageFault_Handler)
    i.delay_init                             0x08001380   Section        0  delay.o(i.delay_init)
    i.delay_ms                               0x080013c4   Section        0  delay.o(i.delay_ms)
    i.delay_us                               0x080013dc   Section        0  delay.o(i.delay_us)
    i.lcdClear                               0x08001424   Section        0  lcd_st7735s.o(i.lcdClear)
    i.lcdGpioInit                            0x08001454   Section        0  lcd_st7735s.o(i.lcdGpioInit)
    i.lcdInit                                0x080014b4   Section        0  lcd_st7735s.o(i.lcdInit)
    i.lcdSelectRegister                      0x080016c0   Section        0  lcd_st7735s.o(i.lcdSelectRegister)
    i.lcdSetAddress                          0x0800172c   Section        0  lcd_st7735s.o(i.lcdSetAddress)
    i.lcdWriteDataU16                        0x0800177e   Section        0  lcd_st7735s.o(i.lcdWriteDataU16)
    i.lcdWriteDataU8                         0x08001790   Section        0  lcd_st7735s.o(i.lcdWriteDataU8)
    i.main                                   0x080017fc   Section        0  main.o(i.main)
    i.mypow                                  0x08001910   Section        0  lcd_st7735s.o(i.mypow)
    i.prvAddCurrentTaskToDelayedList         0x08001928   Section        0  tasks.o(i.prvAddCurrentTaskToDelayedList)
    prvAddCurrentTaskToDelayedList           0x08001929   Thumb Code   164  tasks.o(i.prvAddCurrentTaskToDelayedList)
    i.prvAddNewTaskToReadyList               0x080019e8   Section        0  tasks.o(i.prvAddNewTaskToReadyList)
    prvAddNewTaskToReadyList                 0x080019e9   Thumb Code   200  tasks.o(i.prvAddNewTaskToReadyList)
    i.prvCheckTasksWaitingTermination        0x08001acc   Section        0  tasks.o(i.prvCheckTasksWaitingTermination)
    prvCheckTasksWaitingTermination          0x08001acd   Thumb Code    60  tasks.o(i.prvCheckTasksWaitingTermination)
    i.prvCopyDataFromQueue                   0x08001b14   Section        0  queue.o(i.prvCopyDataFromQueue)
    prvCopyDataFromQueue                     0x08001b15   Thumb Code    42  queue.o(i.prvCopyDataFromQueue)
    i.prvCopyDataToQueue                     0x08001b3e   Section        0  queue.o(i.prvCopyDataToQueue)
    prvCopyDataToQueue                       0x08001b3f   Thumb Code   106  queue.o(i.prvCopyDataToQueue)
    i.prvDeleteTCB                           0x08001ba8   Section        0  tasks.o(i.prvDeleteTCB)
    prvDeleteTCB                             0x08001ba9   Thumb Code    18  tasks.o(i.prvDeleteTCB)
    i.prvHeapInit                            0x08001bbc   Section        0  heap_4.o(i.prvHeapInit)
    prvHeapInit                              0x08001bbd   Thumb Code    90  heap_4.o(i.prvHeapInit)
    i.prvIdleTask                            0x08001c2c   Section        0  tasks.o(i.prvIdleTask)
    prvIdleTask                              0x08001c2d   Thumb Code    32  tasks.o(i.prvIdleTask)
    i.prvInitialiseNewQueue                  0x08001c54   Section        0  queue.o(i.prvInitialiseNewQueue)
    prvInitialiseNewQueue                    0x08001c55   Thumb Code    38  queue.o(i.prvInitialiseNewQueue)
    i.prvInitialiseNewTask                   0x08001c7a   Section        0  tasks.o(i.prvInitialiseNewTask)
    prvInitialiseNewTask                     0x08001c7b   Thumb Code   122  tasks.o(i.prvInitialiseNewTask)
    i.prvInitialiseTaskLists                 0x08001cf4   Section        0  tasks.o(i.prvInitialiseTaskLists)
    prvInitialiseTaskLists                   0x08001cf5   Thumb Code    70  tasks.o(i.prvInitialiseTaskLists)
    i.prvInsertBlockIntoFreeList             0x08001d5c   Section        0  heap_4.o(i.prvInsertBlockIntoFreeList)
    prvInsertBlockIntoFreeList               0x08001d5d   Thumb Code    96  heap_4.o(i.prvInsertBlockIntoFreeList)
    i.prvIsQueueEmpty                        0x08001dc4   Section        0  queue.o(i.prvIsQueueEmpty)
    prvIsQueueEmpty                          0x08001dc5   Thumb Code    26  queue.o(i.prvIsQueueEmpty)
    i.prvIsQueueFull                         0x08001dde   Section        0  queue.o(i.prvIsQueueFull)
    prvIsQueueFull                           0x08001ddf   Thumb Code    30  queue.o(i.prvIsQueueFull)
    i.prvResetNextTaskUnblockTime            0x08001dfc   Section        0  tasks.o(i.prvResetNextTaskUnblockTime)
    prvResetNextTaskUnblockTime              0x08001dfd   Thumb Code    40  tasks.o(i.prvResetNextTaskUnblockTime)
    i.prvTaskExitError                       0x08001e2c   Section        0  port.o(i.prvTaskExitError)
    prvTaskExitError                         0x08001e2d   Thumb Code    22  port.o(i.prvTaskExitError)
    i.prvUnlockQueue                         0x08001e42   Section        0  queue.o(i.prvUnlockQueue)
    prvUnlockQueue                           0x08001e43   Thumb Code   126  queue.o(i.prvUnlockQueue)
    i.pvPortMalloc                           0x08001ec0   Section        0  heap_4.o(i.pvPortMalloc)
    i.pxPortInitialiseStack                  0x08001fa4   Section        0  port.o(i.pxPortInitialiseStack)
    i.uxListRemove                           0x08001fc8   Section        0  list.o(i.uxListRemove)
    i.vListInitialise                        0x08001ff0   Section        0  list.o(i.vListInitialise)
    i.vListInitialiseItem                    0x0800200a   Section        0  list.o(i.vListInitialiseItem)
    i.vListInsert                            0x08002010   Section        0  list.o(i.vListInsert)
    i.vPortEnterCritical                     0x08002044   Section        0  port.o(i.vPortEnterCritical)
    i.vPortExitCritical                      0x08002068   Section        0  port.o(i.vPortExitCritical)
    i.vPortFree                              0x08002088   Section        0  heap_4.o(i.vPortFree)
    i.vPortSetupTimerInterrupt               0x080020d4   Section        0  port.o(i.vPortSetupTimerInterrupt)
    i.vTaskDelay                             0x080020ec   Section        0  tasks.o(i.vTaskDelay)
    i.vTaskInternalSetTimeOutState           0x08002120   Section        0  tasks.o(i.vTaskInternalSetTimeOutState)
    i.vTaskMissedYield                       0x08002138   Section        0  tasks.o(i.vTaskMissedYield)
    i.vTaskPlaceOnEventList                  0x08002144   Section        0  tasks.o(i.vTaskPlaceOnEventList)
    i.vTaskStartScheduler                    0x08002164   Section        0  tasks.o(i.vTaskStartScheduler)
    i.vTaskSuspendAll                        0x080021d0   Section        0  tasks.o(i.vTaskSuspendAll)
    i.vTaskSwitchContext                     0x080021e0   Section        0  tasks.o(i.vTaskSwitchContext)
    i.window_field                           0x08002240   Section        0  dvr.o(i.window_field)
    i.xPortStartScheduler                    0x08002380   Section        0  port.o(i.xPortStartScheduler)
    i.xQueueGenericCreate                    0x080023b4   Section        0  queue.o(i.xQueueGenericCreate)
    i.xQueueGenericReset                     0x08002400   Section        0  queue.o(i.xQueueGenericReset)
    i.xQueueGenericSend                      0x080024a0   Section        0  queue.o(i.xQueueGenericSend)
    i.xQueueReceive                          0x080025b8   Section        0  queue.o(i.xQueueReceive)
    i.xTaskCheckForTimeOut                   0x080026bc   Section        0  tasks.o(i.xTaskCheckForTimeOut)
    i.xTaskCreate                            0x0800271c   Section        0  tasks.o(i.xTaskCreate)
    i.xTaskIncrementTick                     0x08002784   Section        0  tasks.o(i.xTaskIncrementTick)
    i.xTaskRemoveFromEventList               0x08002914   Section        0  tasks.o(i.xTaskRemoveFromEventList)
    i.xTaskResumeAll                         0x08002a1c   Section        0  tasks.o(i.xTaskResumeAll)
    x$fpl$dadd                               0x08002b78   Section      336  daddsub_clz.o(x$fpl$dadd)
    _dadd1                                   0x08002b89   Thumb Code     0  daddsub_clz.o(x$fpl$dadd)
    x$fpl$dfix                               0x08002cc8   Section       94  dfix.o(x$fpl$dfix)
    x$fpl$dflt                               0x08002d26   Section       46  dflt_clz.o(x$fpl$dflt)
    x$fpl$dfltu                              0x08002d54   Section       38  dflt_clz.o(x$fpl$dfltu)
    x$fpl$dmul                               0x08002d7c   Section      340  dmul.o(x$fpl$dmul)
    x$fpl$dnaninf                            0x08002ed0   Section      156  dnaninf.o(x$fpl$dnaninf)
    x$fpl$dretinf                            0x08002f6c   Section       12  dretinf.o(x$fpl$dretinf)
    x$fpl$dsub                               0x08002f78   Section      468  daddsub_clz.o(x$fpl$dsub)
    _dsub1                                   0x08002f89   Thumb Code     0  daddsub_clz.o(x$fpl$dsub)
    .constdata                               0x0800314c   Section     6097  lcd_st7735s.o(.constdata)
    x$fpl$usenofp                            0x0800314c   Section        0  usenofp.o(x$fpl$usenofp)
    hex                                      0x0800490c   Data          17  lcd_st7735s.o(.constdata)
    .constdata                               0x0800491d   Section       15  nrf24l01.o(.constdata)
    .data                                    0x20000000   Section       20  system_stm32f10x.o(.data)
    .data                                    0x20000014   Section       16  main.o(.data)
    .data                                    0x20000024   Section        8  freertos_demo.o(.data)
    .data                                    0x2000002c   Section        1  delay.o(.data)
    g_fac_us                                 0x2000002c   Data           1  delay.o(.data)
    .data                                    0x2000002e   Section       30  dvr.o(.data)
    count                                    0x2000003e   Data           2  dvr.o(.data)
    key_count                                0x20000040   Data           2  dvr.o(.data)
    sum_thr                                  0x20000042   Data           2  dvr.o(.data)
    sum_roll                                 0x20000044   Data           2  dvr.o(.data)
    sum_pit                                  0x20000046   Data           2  dvr.o(.data)
    sum_yaw                                  0x20000048   Data           2  dvr.o(.data)
    count                                    0x2000004a   Data           2  dvr.o(.data)
    .data                                    0x2000004c   Section       64  tasks.o(.data)
    pxDelayedTaskList                        0x20000050   Data           4  tasks.o(.data)
    pxOverflowDelayedTaskList                0x20000054   Data           4  tasks.o(.data)
    uxDeletedTasksWaitingCleanUp             0x20000058   Data           4  tasks.o(.data)
    uxCurrentNumberOfTasks                   0x2000005c   Data           4  tasks.o(.data)
    xTickCount                               0x20000060   Data           4  tasks.o(.data)
    uxTopReadyPriority                       0x20000064   Data           4  tasks.o(.data)
    xSchedulerRunning                        0x20000068   Data           4  tasks.o(.data)
    xPendedTicks                             0x2000006c   Data           4  tasks.o(.data)
    xYieldPending                            0x20000070   Data           4  tasks.o(.data)
    xNumOfOverflows                          0x20000074   Data           4  tasks.o(.data)
    uxTaskNumber                             0x20000078   Data           4  tasks.o(.data)
    xNextTaskUnblockTime                     0x2000007c   Data           4  tasks.o(.data)
    xIdleTaskHandle                          0x20000080   Data           4  tasks.o(.data)
    uxSchedulerSuspended                     0x20000088   Data           4  tasks.o(.data)
    .data                                    0x2000008c   Section       28  heap_4.o(.data)
    xStart                                   0x2000008c   Data           8  heap_4.o(.data)
    pxEnd                                    0x20000094   Data           4  heap_4.o(.data)
    xFreeBytesRemaining                      0x20000098   Data           4  heap_4.o(.data)
    xMinimumEverFreeBytesRemaining           0x2000009c   Data           4  heap_4.o(.data)
    xNumberOfSuccessfulAllocations           0x200000a0   Data           4  heap_4.o(.data)
    xNumberOfSuccessfulFrees                 0x200000a4   Data           4  heap_4.o(.data)
    .data                                    0x200000a8   Section        4  port.o(.data)
    uxCriticalNesting                        0x200000a8   Data           4  port.o(.data)
    .bss                                     0x200000ac   Section      176  dvr.o(.bss)
    .bss                                     0x2000015c   Section      200  tasks.o(.bss)
    pxReadyTasksLists                        0x2000015c   Data         100  tasks.o(.bss)
    xDelayedTaskList1                        0x200001c0   Data          20  tasks.o(.bss)
    xDelayedTaskList2                        0x200001d4   Data          20  tasks.o(.bss)
    xPendingReadyList                        0x200001e8   Data          20  tasks.o(.bss)
    xTasksWaitingTermination                 0x200001fc   Data          20  tasks.o(.bss)
    xSuspendedTaskList                       0x20000210   Data          20  tasks.o(.bss)
    .bss                                     0x20000224   Section    15360  heap_4.o(.bss)
    ucHeap                                   0x20000224   Data       15360  heap_4.o(.bss)
    .bss                                     0x20003e24   Section       96  libspace.o(.bss)
    HEAP                                     0x20003e88   Section      512  startup_stm32f10x_md.o(HEAP)
    Heap_Mem                                 0x20003e88   Data         512  startup_stm32f10x_md.o(HEAP)
    STACK                                    0x20004088   Section     1024  startup_stm32f10x_md.o(STACK)
    Stack_Mem                                0x20004088   Data        1024  startup_stm32f10x_md.o(STACK)
    __initial_sp                             0x20004488   Data           0  startup_stm32f10x_md.o(STACK)

    Global Symbols

    Symbol Name                              Value     Ov Type        Size  Object(Section)

    BuildAttributes$$THM_ISAv4$P$D$K$B$S$PE$A:L22UL41UL21$X:L11$S22US41US21$IEEE1$IW$USESV6$~STKCKD$USESV7$~SHL$OSPACE$ROPI$EBA8$UX$STANDARDLIB$REQ8$PRES8$EABIv2 0x00000000   Number         0  anon$$obj.o ABSOLUTE
    __ARM_use_no_argv                        0x00000000   Number         0  main.o ABSOLUTE
    __ARM_exceptions_init                     - Undefined Weak Reference
    __alloca_initialize                       - Undefined Weak Reference
    __arm_fini_                               - Undefined Weak Reference
    __arm_preinit_                            - Undefined Weak Reference
    __cpp_initialize__aeabi_                  - Undefined Weak Reference
    __cxa_finalize                            - Undefined Weak Reference
    __rt_locale                               - Undefined Weak Reference
    __sigvec_lookup                           - Undefined Weak Reference
    _atexit_init                              - Undefined Weak Reference
    _call_atexit_fns                          - Undefined Weak Reference
    _clock_init                               - Undefined Weak Reference
    _fp_trap_init                             - Undefined Weak Reference
    _fp_trap_shutdown                         - Undefined Weak Reference
    _get_lc_collate                           - Undefined Weak Reference
    _get_lc_ctype                             - Undefined Weak Reference
    _get_lc_monetary                          - Undefined Weak Reference
    _get_lc_numeric                           - Undefined Weak Reference
    _get_lc_time                              - Undefined Weak Reference
    _getenv_init                              - Undefined Weak Reference
    _handle_redirection                       - Undefined Weak Reference
    _init_alloc                               - Undefined Weak Reference
    _init_user_alloc                          - Undefined Weak Reference
    _initio                                   - Undefined Weak Reference
    _rand_init                                - Undefined Weak Reference
    _signal_finish                            - Undefined Weak Reference
    _signal_init                              - Undefined Weak Reference
    _terminate_alloc                          - Undefined Weak Reference
    _terminate_user_alloc                     - Undefined Weak Reference
    _terminateio                              - Undefined Weak Reference
    __Vectors_Size                           0x000000ec   Number         0  startup_stm32f10x_md.o ABSOLUTE
    __Vectors                                0x08000000   Data           4  startup_stm32f10x_md.o(RESET)
    __Vectors_End                            0x080000ec   Data           0  startup_stm32f10x_md.o(RESET)
    __main                                   0x080000ed   Thumb Code     8  __main.o(!!!main)
    __scatterload                            0x080000f5   Thumb Code     0  __scatter.o(!!!scatter)
    __scatterload_rt2                        0x080000f5   Thumb Code    44  __scatter.o(!!!scatter)
    __scatterload_rt2_thumb_only             0x080000f5   Thumb Code     0  __scatter.o(!!!scatter)
    __scatterload_null                       0x08000103   Thumb Code     0  __scatter.o(!!!scatter)
    __scatterload_copy                       0x08000129   Thumb Code    26  __scatter_copy.o(!!handler_copy)
    __scatterload_zeroinit                   0x08000145   Thumb Code    28  __scatter_zi.o(!!handler_zi)
    __rt_lib_init                            0x08000161   Thumb Code     0  libinit.o(.ARM.Collect$$libinit$$00000000)
    __rt_lib_init_alloca_1                   0x08000163   Thumb Code     0  libinit2.o(.ARM.Collect$$libinit$$0000002E)
    __rt_lib_init_argv_1                     0x08000163   Thumb Code     0  libinit2.o(.ARM.Collect$$libinit$$0000002C)
    __rt_lib_init_atexit_1                   0x08000163   Thumb Code     0  libinit2.o(.ARM.Collect$$libinit$$0000001B)
    __rt_lib_init_clock_1                    0x08000163   Thumb Code     0  libinit2.o(.ARM.Collect$$libinit$$00000021)
    __rt_lib_init_cpp_1                      0x08000163   Thumb Code     0  libinit2.o(.ARM.Collect$$libinit$$00000032)
    __rt_lib_init_exceptions_1               0x08000163   Thumb Code     0  libinit2.o(.ARM.Collect$$libinit$$00000030)
    __rt_lib_init_fp_1                       0x08000163   Thumb Code     0  libinit2.o(.ARM.Collect$$libinit$$00000002)
    __rt_lib_init_fp_trap_1                  0x08000163   Thumb Code     0  libinit2.o(.ARM.Collect$$libinit$$0000001F)
    __rt_lib_init_getenv_1                   0x08000163   Thumb Code     0  libinit2.o(.ARM.Collect$$libinit$$00000023)
    __rt_lib_init_heap_1                     0x08000163   Thumb Code     0  libinit2.o(.ARM.Collect$$libinit$$0000000A)
    __rt_lib_init_lc_collate_1               0x08000163   Thumb Code     0  libinit2.o(.ARM.Collect$$libinit$$00000011)
    __rt_lib_init_lc_ctype_1                 0x08000163   Thumb Code     0  libinit2.o(.ARM.Collect$$libinit$$00000013)
    __rt_lib_init_lc_monetary_1              0x08000163   Thumb Code     0  libinit2.o(.ARM.Collect$$libinit$$00000015)
    __rt_lib_init_lc_numeric_1               0x08000163   Thumb Code     0  libinit2.o(.ARM.Collect$$libinit$$00000017)
    __rt_lib_init_lc_time_1                  0x08000163   Thumb Code     0  libinit2.o(.ARM.Collect$$libinit$$00000019)
    __rt_lib_init_preinit_1                  0x08000163   Thumb Code     0  libinit2.o(.ARM.Collect$$libinit$$00000004)
    __rt_lib_init_rand_1                     0x08000163   Thumb Code     0  libinit2.o(.ARM.Collect$$libinit$$0000000E)
    __rt_lib_init_return                     0x08000163   Thumb Code     0  libinit2.o(.ARM.Collect$$libinit$$00000033)
    __rt_lib_init_signal_1                   0x08000163   Thumb Code     0  libinit2.o(.ARM.Collect$$libinit$$0000001D)
    __rt_lib_init_stdio_1                    0x08000163   Thumb Code     0  libinit2.o(.ARM.Collect$$libinit$$00000025)
    __rt_lib_init_user_alloc_1               0x08000163   Thumb Code     0  libinit2.o(.ARM.Collect$$libinit$$0000000C)
    __rt_lib_shutdown                        0x08000165   Thumb Code     0  libshutdown.o(.ARM.Collect$$libshutdown$$00000000)
    __rt_lib_shutdown_cpp_1                  0x08000167   Thumb Code     0  libshutdown2.o(.ARM.Collect$$libshutdown$$00000004)
    __rt_lib_shutdown_fini_1                 0x08000167   Thumb Code     0  libshutdown2.o(.ARM.Collect$$libshutdown$$00000002)
    __rt_lib_shutdown_fp_trap_1              0x08000167   Thumb Code     0  libshutdown2.o(.ARM.Collect$$libshutdown$$00000009)
    __rt_lib_shutdown_heap_1                 0x08000167   Thumb Code     0  libshutdown2.o(.ARM.Collect$$libshutdown$$00000011)
    __rt_lib_shutdown_return                 0x08000167   Thumb Code     0  libshutdown2.o(.ARM.Collect$$libshutdown$$00000012)
    __rt_lib_shutdown_signal_1               0x08000167   Thumb Code     0  libshutdown2.o(.ARM.Collect$$libshutdown$$0000000C)
    __rt_lib_shutdown_stdio_1                0x08000167   Thumb Code     0  libshutdown2.o(.ARM.Collect$$libshutdown$$00000006)
    __rt_lib_shutdown_user_alloc_1           0x08000167   Thumb Code     0  libshutdown2.o(.ARM.Collect$$libshutdown$$0000000E)
    __rt_entry                               0x08000169   Thumb Code     0  __rtentry.o(.ARM.Collect$$rtentry$$00000000)
    __rt_entry_presh_1                       0x08000169   Thumb Code     0  __rtentry2.o(.ARM.Collect$$rtentry$$00000002)
    __rt_entry_sh                            0x08000169   Thumb Code     0  __rtentry4.o(.ARM.Collect$$rtentry$$00000004)
    __rt_entry_li                            0x0800016f   Thumb Code     0  __rtentry2.o(.ARM.Collect$$rtentry$$0000000A)
    __rt_entry_postsh_1                      0x0800016f   Thumb Code     0  __rtentry2.o(.ARM.Collect$$rtentry$$00000009)
    __rt_entry_main                          0x08000173   Thumb Code     0  __rtentry2.o(.ARM.Collect$$rtentry$$0000000D)
    __rt_entry_postli_1                      0x08000173   Thumb Code     0  __rtentry2.o(.ARM.Collect$$rtentry$$0000000C)
    __rt_exit                                0x0800017b   Thumb Code     0  rtexit.o(.ARM.Collect$$rtexit$$00000000)
    __rt_exit_ls                             0x0800017d   Thumb Code     0  rtexit2.o(.ARM.Collect$$rtexit$$00000003)
    __rt_exit_prels_1                        0x0800017d   Thumb Code     0  rtexit2.o(.ARM.Collect$$rtexit$$00000002)
    __rt_exit_exit                           0x08000181   Thumb Code     0  rtexit2.o(.ARM.Collect$$rtexit$$00000004)
    SVC_Handler                              0x08000189   Thumb Code    32  port.o(.emb_text)
    __asm___6_port_c_39a90d8d__prvStartFirstTask 0x080001ad   Thumb Code    28  port.o(.emb_text)
    PendSV_Handler                           0x080001cd   Thumb Code    72  port.o(.emb_text)
    vPortGetIPSR                             0x08000219   Thumb Code     6  port.o(.emb_text)
    Reset_Handler                            0x08000221   Thumb Code     8  startup_stm32f10x_md.o(.text)
    ADC1_2_IRQHandler                        0x0800023b   Thumb Code     0  startup_stm32f10x_md.o(.text)
    CAN1_RX1_IRQHandler                      0x0800023b   Thumb Code     0  startup_stm32f10x_md.o(.text)
    CAN1_SCE_IRQHandler                      0x0800023b   Thumb Code     0  startup_stm32f10x_md.o(.text)
    DMA1_Channel1_IRQHandler                 0x0800023b   Thumb Code     0  startup_stm32f10x_md.o(.text)
    DMA1_Channel2_IRQHandler                 0x0800023b   Thumb Code     0  startup_stm32f10x_md.o(.text)
    DMA1_Channel3_IRQHandler                 0x0800023b   Thumb Code     0  startup_stm32f10x_md.o(.text)
    DMA1_Channel4_IRQHandler                 0x0800023b   Thumb Code     0  startup_stm32f10x_md.o(.text)
    DMA1_Channel5_IRQHandler                 0x0800023b   Thumb Code     0  startup_stm32f10x_md.o(.text)
    DMA1_Channel6_IRQHandler                 0x0800023b   Thumb Code     0  startup_stm32f10x_md.o(.text)
    DMA1_Channel7_IRQHandler                 0x0800023b   Thumb Code     0  startup_stm32f10x_md.o(.text)
    EXTI0_IRQHandler                         0x0800023b   Thumb Code     0  startup_stm32f10x_md.o(.text)
    EXTI15_10_IRQHandler                     0x0800023b   Thumb Code     0  startup_stm32f10x_md.o(.text)
    EXTI1_IRQHandler                         0x0800023b   Thumb Code     0  startup_stm32f10x_md.o(.text)
    EXTI2_IRQHandler                         0x0800023b   Thumb Code     0  startup_stm32f10x_md.o(.text)
    EXTI3_IRQHandler                         0x0800023b   Thumb Code     0  startup_stm32f10x_md.o(.text)
    EXTI4_IRQHandler                         0x0800023b   Thumb Code     0  startup_stm32f10x_md.o(.text)
    EXTI9_5_IRQHandler                       0x0800023b   Thumb Code     0  startup_stm32f10x_md.o(.text)
    FLASH_IRQHandler                         0x0800023b   Thumb Code     0  startup_stm32f10x_md.o(.text)
    I2C1_ER_IRQHandler                       0x0800023b   Thumb Code     0  startup_stm32f10x_md.o(.text)
    I2C1_EV_IRQHandler                       0x0800023b   Thumb Code     0  startup_stm32f10x_md.o(.text)
    I2C2_ER_IRQHandler                       0x0800023b   Thumb Code     0  startup_stm32f10x_md.o(.text)
    I2C2_EV_IRQHandler                       0x0800023b   Thumb Code     0  startup_stm32f10x_md.o(.text)
    PVD_IRQHandler                           0x0800023b   Thumb Code     0  startup_stm32f10x_md.o(.text)
    RCC_IRQHandler                           0x0800023b   Thumb Code     0  startup_stm32f10x_md.o(.text)
    RTCAlarm_IRQHandler                      0x0800023b   Thumb Code     0  startup_stm32f10x_md.o(.text)
    RTC_IRQHandler                           0x0800023b   Thumb Code     0  startup_stm32f10x_md.o(.text)
    SPI1_IRQHandler                          0x0800023b   Thumb Code     0  startup_stm32f10x_md.o(.text)
    SPI2_IRQHandler                          0x0800023b   Thumb Code     0  startup_stm32f10x_md.o(.text)
    TAMPER_IRQHandler                        0x0800023b   Thumb Code     0  startup_stm32f10x_md.o(.text)
    TIM1_BRK_IRQHandler                      0x0800023b   Thumb Code     0  startup_stm32f10x_md.o(.text)
    TIM1_CC_IRQHandler                       0x0800023b   Thumb Code     0  startup_stm32f10x_md.o(.text)
    TIM1_TRG_COM_IRQHandler                  0x0800023b   Thumb Code     0  startup_stm32f10x_md.o(.text)
    TIM1_UP_IRQHandler                       0x0800023b   Thumb Code     0  startup_stm32f10x_md.o(.text)
    TIM2_IRQHandler                          0x0800023b   Thumb Code     0  startup_stm32f10x_md.o(.text)
    TIM3_IRQHandler                          0x0800023b   Thumb Code     0  startup_stm32f10x_md.o(.text)
    TIM4_IRQHandler                          0x0800023b   Thumb Code     0  startup_stm32f10x_md.o(.text)
    USART1_IRQHandler                        0x0800023b   Thumb Code     0  startup_stm32f10x_md.o(.text)
    USART2_IRQHandler                        0x0800023b   Thumb Code     0  startup_stm32f10x_md.o(.text)
    USART3_IRQHandler                        0x0800023b   Thumb Code     0  startup_stm32f10x_md.o(.text)
    USBWakeUp_IRQHandler                     0x0800023b   Thumb Code     0  startup_stm32f10x_md.o(.text)
    USB_HP_CAN1_TX_IRQHandler                0x0800023b   Thumb Code     0  startup_stm32f10x_md.o(.text)
    USB_LP_CAN1_RX0_IRQHandler               0x0800023b   Thumb Code     0  startup_stm32f10x_md.o(.text)
    WWDG_IRQHandler                          0x0800023b   Thumb Code     0  startup_stm32f10x_md.o(.text)
    __user_initial_stackheap                 0x0800023d   Thumb Code     0  startup_stm32f10x_md.o(.text)
    __aeabi_memcpy                           0x08000261   Thumb Code     0  rt_memcpy_v6.o(.text)
    __rt_memcpy                              0x08000261   Thumb Code   138  rt_memcpy_v6.o(.text)
    _memcpy_lastbytes                        0x080002c7   Thumb Code     0  rt_memcpy_v6.o(.text)
    __aeabi_memclr4                          0x080002eb   Thumb Code     0  rt_memclr_w.o(.text)
    __aeabi_memclr8                          0x080002eb   Thumb Code     0  rt_memclr_w.o(.text)
    __rt_memclr_w                            0x080002eb   Thumb Code    78  rt_memclr_w.o(.text)
    _memset_w                                0x080002ef   Thumb Code     0  rt_memclr_w.o(.text)
    __use_two_region_memory                  0x08000339   Thumb Code     2  heapauxi.o(.text)
    __rt_heap_escrow$2region                 0x0800033b   Thumb Code     2  heapauxi.o(.text)
    __rt_heap_expand$2region                 0x0800033d   Thumb Code     2  heapauxi.o(.text)
    __aeabi_memcpy4                          0x0800033f   Thumb Code     0  rt_memcpy_w.o(.text)
    __aeabi_memcpy8                          0x0800033f   Thumb Code     0  rt_memcpy_w.o(.text)
    __rt_memcpy_w                            0x0800033f   Thumb Code   100  rt_memcpy_w.o(.text)
    _memcpy_lastbytes_aligned                0x08000387   Thumb Code     0  rt_memcpy_w.o(.text)
    __user_setup_stackheap                   0x080003a3   Thumb Code    74  sys_stackheap_outer.o(.text)
    exit                                     0x080003ed   Thumb Code    18  exit.o(.text)
    __user_libspace                          0x08000401   Thumb Code     8  libspace.o(.text)
    __user_perproc_libspace                  0x08000401   Thumb Code     0  libspace.o(.text)
    __user_perthread_libspace                0x08000401   Thumb Code     0  libspace.o(.text)
    _sys_exit                                0x08000409   Thumb Code     8  sys_exit.o(.text)
    __I$use$semihosting                      0x08000415   Thumb Code     0  use_no_semi.o(.text)
    __use_no_semihosting_swi                 0x08000415   Thumb Code     2  use_no_semi.o(.text)
    ADC_Cmd                                  0x08000417   Thumb Code    22  stm32f10x_adc.o(i.ADC_Cmd)
    __semihosting_library_function           0x08000417   Thumb Code     0  indicate_semi.o(.text)
    ADC_DVR_SCAN                             0x0800042d   Thumb Code   304  dvr.o(i.ADC_DVR_SCAN)
    ADC_GetCalibrationStatus                 0x0800056d   Thumb Code    20  stm32f10x_adc.o(i.ADC_GetCalibrationStatus)
    ADC_GetConversionValue                   0x08000581   Thumb Code     8  stm32f10x_adc.o(i.ADC_GetConversionValue)
    ADC_GetFlagStatus                        0x08000589   Thumb Code    18  stm32f10x_adc.o(i.ADC_GetFlagStatus)
    ADC_GetResetCalibrationStatus            0x0800059b   Thumb Code    20  stm32f10x_adc.o(i.ADC_GetResetCalibrationStatus)
    ADC_Init                                 0x080005b1   Thumb Code    70  stm32f10x_adc.o(i.ADC_Init)
    ADC_RegularChannelConfig                 0x08000601   Thumb Code   184  stm32f10x_adc.o(i.ADC_RegularChannelConfig)
    ADC_ResetCalibration                     0x080006b9   Thumb Code    10  stm32f10x_adc.o(i.ADC_ResetCalibration)
    ADC_SoftwareStartConvCmd                 0x080006c3   Thumb Code    22  stm32f10x_adc.o(i.ADC_SoftwareStartConvCmd)
    ADC_StartCalibration                     0x080006d9   Thumb Code    10  stm32f10x_adc.o(i.ADC_StartCalibration)
    BusFault_Handler                         0x080006e3   Thumb Code     4  stm32f10x_it.o(i.BusFault_Handler)
    DebugMon_Handler                         0x080006e7   Thumb Code     2  stm32f10x_it.o(i.DebugMon_Handler)
    Delay                                    0x080006e9   Thumb Code    18  nrf24l01.o(i.Delay)
    Dvr_Limit                                0x080006fb   Thumb Code   178  dvr.o(i.Dvr_Limit)
    Dvr_Mid_Limit                            0x080007ad   Thumb Code   122  dvr.o(i.Dvr_Mid_Limit)
    GPIO_Init                                0x08000827   Thumb Code   278  stm32f10x_gpio.o(i.GPIO_Init)
    GPIO_ReadInputDataBit                    0x0800093d   Thumb Code    18  stm32f10x_gpio.o(i.GPIO_ReadInputDataBit)
    GPIO_ResetBits                           0x0800094f   Thumb Code     4  stm32f10x_gpio.o(i.GPIO_ResetBits)
    GPIO_SetBits                             0x08000953   Thumb Code     4  stm32f10x_gpio.o(i.GPIO_SetBits)
    Get_Joystick_PIT_ADC                     0x08000957   Thumb Code    12  dvr.o(i.Get_Joystick_PIT_ADC)
    Get_Joystick_ROL_ADC                     0x08000963   Thumb Code    12  dvr.o(i.Get_Joystick_ROL_ADC)
    Get_Joystick_THR_ADC                     0x0800096f   Thumb Code    12  dvr.o(i.Get_Joystick_THR_ADC)
    Get_Joystick_YAW_ADC                     0x0800097b   Thumb Code    12  dvr.o(i.Get_Joystick_YAW_ADC)
    HardFault_Handler                        0x08000987   Thumb Code     4  stm32f10x_it.o(i.HardFault_Handler)
    Init_NRF24L01                            0x0800098d   Thumb Code   136  nrf24l01.o(i.Init_NRF24L01)
    Key_Init                                 0x08000a1d   Thumb Code    76  key.o(i.Key_Init)
    LCD_DrawPoint                            0x08000a71   Thumb Code    28  lcd_st7735s.o(i.LCD_DrawPoint)
    LCD_ShowChar                             0x08000a8d   Thumb Code   262  lcd_st7735s.o(i.LCD_ShowChar)
    LCD_ShowIntNum                           0x08000ba1   Thumb Code   154  lcd_st7735s.o(i.LCD_ShowIntNum)
    LCD_ShowString                           0x08000c3b   Thumb Code   106  lcd_st7735s.o(i.LCD_ShowString)
    LED_R                                    0x08000ca5   Thumb Code    36  led.o(i.LED_R)
    MemManage_Handler                        0x08000ccd   Thumb Code     4  stm32f10x_it.o(i.MemManage_Handler)
    NMI_Handler                              0x08000cd1   Thumb Code     2  stm32f10x_it.o(i.NMI_Handler)
    NRF24L01_Check                           0x08000cd5   Thumb Code    68  nrf24l01.o(i.NRF24L01_Check)
    NRF24L01_Read_Buf                        0x08000d21   Thumb Code    60  nrf24l01.o(i.NRF24L01_Read_Buf)
    NRF24L01_Read_Reg                        0x08000d61   Thumb Code    38  nrf24l01.o(i.NRF24L01_Read_Reg)
    NRF24L01_TxPacket                        0x08000d8d   Thumb Code    78  nrf24l01.o(i.NRF24L01_TxPacket)
    NRF24L01_Write_Buf                       0x08000de1   Thumb Code    60  nrf24l01.o(i.NRF24L01_Write_Buf)
    NRF24L01_Write_Reg                       0x08000e21   Thumb Code    40  nrf24l01.o(i.NRF24L01_Write_Reg)
    Power_Init                               0x08000e4d   Thumb Code   146  dvr.o(i.Power_Init)
    RCC_APB2PeriphClockCmd                   0x08000eed   Thumb Code    26  stm32f10x_rcc.o(i.RCC_APB2PeriphClockCmd)
    Read_ADC                                 0x08000f0d   Thumb Code    48  dvr.o(i.Read_ADC)
    SPI_ReadWriteByte                        0x08000f41   Thumb Code    90  nrf24l01.o(i.SPI_ReadWriteByte)
    Send_ADC_Data                            0x08000fa1   Thumb Code   152  freertos_demo.o(i.Send_ADC_Data)
    SysTick_CLKSourceConfig                  0x08001131   Thumb Code    40  misc.o(i.SysTick_CLKSourceConfig)
    SysTick_Handler                          0x08001159   Thumb Code    46  port.o(i.SysTick_Handler)
    SystemInit                               0x0800118d   Thumb Code    78  system_stm32f10x.o(i.SystemInit)
    TX_Mode                                  0x080011ed   Thumb Code    88  nrf24l01.o(i.TX_Mode)
    Task_Dvr_Get_data                        0x08001251   Thumb Code   194  freertos_demo.o(i.Task_Dvr_Get_data)
    Task_NRF_TX                              0x08001321   Thumb Code    82  freertos_demo.o(i.Task_NRF_TX)
    UsageFault_Handler                       0x0800137d   Thumb Code     4  stm32f10x_it.o(i.UsageFault_Handler)
    delay_init                               0x08001381   Thumb Code    54  delay.o(i.delay_init)
    delay_ms                                 0x080013c5   Thumb Code    24  delay.o(i.delay_ms)
    delay_us                                 0x080013dd   Thumb Code    68  delay.o(i.delay_us)
    lcdClear                                 0x08001425   Thumb Code    48  lcd_st7735s.o(i.lcdClear)
    lcdGpioInit                              0x08001455   Thumb Code    86  lcd_st7735s.o(i.lcdGpioInit)
    lcdInit                                  0x080014b5   Thumb Code   518  lcd_st7735s.o(i.lcdInit)
    lcdSelectRegister                        0x080016c1   Thumb Code    98  lcd_st7735s.o(i.lcdSelectRegister)
    lcdSetAddress                            0x0800172d   Thumb Code    82  lcd_st7735s.o(i.lcdSetAddress)
    lcdWriteDataU16                          0x0800177f   Thumb Code    18  lcd_st7735s.o(i.lcdWriteDataU16)
    lcdWriteDataU8                           0x08001791   Thumb Code    98  lcd_st7735s.o(i.lcdWriteDataU8)
    main                                     0x080017fd   Thumb Code   204  main.o(i.main)
    mypow                                    0x08001911   Thumb Code    22  lcd_st7735s.o(i.mypow)
    pvPortMalloc                             0x08001ec1   Thumb Code   208  heap_4.o(i.pvPortMalloc)
    pxPortInitialiseStack                    0x08001fa5   Thumb Code    30  port.o(i.pxPortInitialiseStack)
    uxListRemove                             0x08001fc9   Thumb Code    40  list.o(i.uxListRemove)
    vListInitialise                          0x08001ff1   Thumb Code    26  list.o(i.vListInitialise)
    vListInitialiseItem                      0x0800200b   Thumb Code     6  list.o(i.vListInitialiseItem)
    vListInsert                              0x08002011   Thumb Code    52  list.o(i.vListInsert)
    vPortEnterCritical                       0x08002045   Thumb Code    30  port.o(i.vPortEnterCritical)
    vPortExitCritical                        0x08002069   Thumb Code    28  port.o(i.vPortExitCritical)
    vPortFree                                0x08002089   Thumb Code    68  heap_4.o(i.vPortFree)
    vPortSetupTimerInterrupt                 0x080020d5   Thumb Code    20  port.o(i.vPortSetupTimerInterrupt)
    vTaskDelay                               0x080020ed   Thumb Code    46  tasks.o(i.vTaskDelay)
    vTaskInternalSetTimeOutState             0x08002121   Thumb Code    14  tasks.o(i.vTaskInternalSetTimeOutState)
    vTaskMissedYield                         0x08002139   Thumb Code     8  tasks.o(i.vTaskMissedYield)
    vTaskPlaceOnEventList                    0x08002145   Thumb Code    28  tasks.o(i.vTaskPlaceOnEventList)
    vTaskStartScheduler                      0x08002165   Thumb Code    76  tasks.o(i.vTaskStartScheduler)
    vTaskSuspendAll                          0x080021d1   Thumb Code    12  tasks.o(i.vTaskSuspendAll)
    vTaskSwitchContext                       0x080021e1   Thumb Code    76  tasks.o(i.vTaskSwitchContext)
    window_field                             0x08002241   Thumb Code   298  dvr.o(i.window_field)
    xPortStartScheduler                      0x08002381   Thumb Code    42  port.o(i.xPortStartScheduler)
    xQueueGenericCreate                      0x080023b5   Thumb Code    76  queue.o(i.xQueueGenericCreate)
    xQueueGenericReset                       0x08002401   Thumb Code   156  queue.o(i.xQueueGenericReset)
    xQueueGenericSend                        0x080024a1   Thumb Code   276  queue.o(i.xQueueGenericSend)
    xQueueReceive                            0x080025b9   Thumb Code   256  queue.o(i.xQueueReceive)
    xTaskCheckForTimeOut                     0x080026bd   Thumb Code    88  tasks.o(i.xTaskCheckForTimeOut)
    xTaskCreate                              0x0800271d   Thumb Code   104  tasks.o(i.xTaskCreate)
    xTaskIncrementTick                       0x08002785   Thumb Code   356  tasks.o(i.xTaskIncrementTick)
    xTaskRemoveFromEventList                 0x08002915   Thumb Code   240  tasks.o(i.xTaskRemoveFromEventList)
    xTaskResumeAll                           0x08002a1d   Thumb Code   310  tasks.o(i.xTaskResumeAll)
    __aeabi_dadd                             0x08002b79   Thumb Code     0  daddsub_clz.o(x$fpl$dadd)
    _dadd                                    0x08002b79   Thumb Code   332  daddsub_clz.o(x$fpl$dadd)
    __aeabi_d2iz                             0x08002cc9   Thumb Code     0  dfix.o(x$fpl$dfix)
    _dfix                                    0x08002cc9   Thumb Code    94  dfix.o(x$fpl$dfix)
    __aeabi_i2d                              0x08002d27   Thumb Code     0  dflt_clz.o(x$fpl$dflt)
    _dflt                                    0x08002d27   Thumb Code    46  dflt_clz.o(x$fpl$dflt)
    __aeabi_ui2d                             0x08002d55   Thumb Code     0  dflt_clz.o(x$fpl$dfltu)
    _dfltu                                   0x08002d55   Thumb Code    38  dflt_clz.o(x$fpl$dfltu)
    __aeabi_dmul                             0x08002d7d   Thumb Code     0  dmul.o(x$fpl$dmul)
    _dmul                                    0x08002d7d   Thumb Code   332  dmul.o(x$fpl$dmul)
    __fpl_dnaninf                            0x08002ed1   Thumb Code   156  dnaninf.o(x$fpl$dnaninf)
    __fpl_dretinf                            0x08002f6d   Thumb Code    12  dretinf.o(x$fpl$dretinf)
    __aeabi_dsub                             0x08002f79   Thumb Code     0  daddsub_clz.o(x$fpl$dsub)
    _dsub                                    0x08002f79   Thumb Code   464  daddsub_clz.o(x$fpl$dsub)
    __I$use$fp                               0x0800314c   Number         0  usenofp.o(x$fpl$usenofp)
    asc2_1206                                0x0800314c   Data        1140  lcd_st7735s.o(.constdata)
    asc2_1608                                0x080035c0   Data        1520  lcd_st7735s.o(.constdata)
    asc2_2412                                0x08003bb0   Data        3420  lcd_st7735s.o(.constdata)
    TX_ADDRESS_M                             0x0800491d   Data           5  nrf24l01.o(.constdata)
    RX_ADDRESS_M                             0x08004922   Data           5  nrf24l01.o(.constdata)
    RX_ADDRESS_S                             0x08004927   Data           5  nrf24l01.o(.constdata)
    Region$$Table$$Base                      0x0800492c   Number         0  anon$$obj.o(Region$$Table)
    Region$$Table$$Limit                     0x0800494c   Number         0  anon$$obj.o(Region$$Table)
    SystemCoreClock                          0x20000000   Data           4  system_stm32f10x.o(.data)
    AHBPrescTable                            0x20000004   Data          16  system_stm32f10x.o(.data)
    Task_NRF_TX_Handle                       0x20000014   Data           4  main.o(.data)
    Task_NRF_RX_Handle                       0x20000018   Data           4  main.o(.data)
    Task_DVR_Handle                          0x2000001c   Data           4  main.o(.data)
    Task_KEY_Handle                          0x20000020   Data           4  main.o(.data)
    xQueue_Send_Data                         0x20000024   Data           4  freertos_demo.o(.data)
    Show                                     0x20000028   Data           4  freertos_demo.o(.data)
    Dvr                                      0x2000002e   Data           8  dvr.o(.data)
    offset                                   0x20000036   Data           8  dvr.o(.data)
    pxCurrentTCB                             0x2000004c   Data           4  tasks.o(.data)
    uxTopUsedPriority                        0x20000084   Data           4  tasks.o(.data)
    Filter_Pitch                             0x200000ac   Data          44  dvr.o(.bss)
    Filter_Roll                              0x200000d8   Data          44  dvr.o(.bss)
    Filter_Yaw                               0x20000104   Data          44  dvr.o(.bss)
    Filter_Thr                               0x20000130   Data          44  dvr.o(.bss)
    __libspace_start                         0x20003e24   Data          96  libspace.o(.bss)
    __temporary_stack_top$libspace           0x20003e84   Data           0  libspace.o(.bss)



==============================================================================

Memory Map of the image

  Image Entry point : 0x08000221

  Load Region LR_1 (Base: 0x08000000, Size: 0x000049f8, Max: 0xffffffff, ABSOLUTE)

    Execution Region ER_RO (Exec base: 0x08000000, Load base: 0x08000000, Size: 0x0000494c, Max: 0xffffffff, ABSOLUTE)

    Exec Addr    Load Addr    Size         Type   Attr      Idx    E Section Name        Object

    0x08000000   0x08000000   0x000000ec   Data   RO            3    RESET               startup_stm32f10x_md.o
    0x080000ec   0x080000ec   0x00000008   Code   RO         4859  * !!!main             c_w.l(__main.o)
    0x080000f4   0x080000f4   0x00000034   Code   RO         5063    !!!scatter          c_w.l(__scatter.o)
    0x08000128   0x08000128   0x0000001a   Code   RO         5065    !!handler_copy      c_w.l(__scatter_copy.o)
    0x08000142   0x08000142   0x00000002   PAD
    0x08000144   0x08000144   0x0000001c   Code   RO         5067    !!handler_zi        c_w.l(__scatter_zi.o)
    0x08000160   0x08000160   0x00000002   Code   RO         4931    .ARM.Collect$$libinit$$00000000  c_w.l(libinit.o)
    0x08000162   0x08000162   0x00000000   Code   RO         4938    .ARM.Collect$$libinit$$00000002  c_w.l(libinit2.o)
    0x08000162   0x08000162   0x00000000   Code   RO         4940    .ARM.Collect$$libinit$$00000004  c_w.l(libinit2.o)
    0x08000162   0x08000162   0x00000000   Code   RO         4943    .ARM.Collect$$libinit$$0000000A  c_w.l(libinit2.o)
    0x08000162   0x08000162   0x00000000   Code   RO         4945    .ARM.Collect$$libinit$$0000000C  c_w.l(libinit2.o)
    0x08000162   0x08000162   0x00000000   Code   RO         4947    .ARM.Collect$$libinit$$0000000E  c_w.l(libinit2.o)
    0x08000162   0x08000162   0x00000000   Code   RO         4950    .ARM.Collect$$libinit$$00000011  c_w.l(libinit2.o)
    0x08000162   0x08000162   0x00000000   Code   RO         4952    .ARM.Collect$$libinit$$00000013  c_w.l(libinit2.o)
    0x08000162   0x08000162   0x00000000   Code   RO         4954    .ARM.Collect$$libinit$$00000015  c_w.l(libinit2.o)
    0x08000162   0x08000162   0x00000000   Code   RO         4956    .ARM.Collect$$libinit$$00000017  c_w.l(libinit2.o)
    0x08000162   0x08000162   0x00000000   Code   RO         4958    .ARM.Collect$$libinit$$00000019  c_w.l(libinit2.o)
    0x08000162   0x08000162   0x00000000   Code   RO         4960    .ARM.Collect$$libinit$$0000001B  c_w.l(libinit2.o)
    0x08000162   0x08000162   0x00000000   Code   RO         4962    .ARM.Collect$$libinit$$0000001D  c_w.l(libinit2.o)
    0x08000162   0x08000162   0x00000000   Code   RO         4964    .ARM.Collect$$libinit$$0000001F  c_w.l(libinit2.o)
    0x08000162   0x08000162   0x00000000   Code   RO         4966    .ARM.Collect$$libinit$$00000021  c_w.l(libinit2.o)
    0x08000162   0x08000162   0x00000000   Code   RO         4968    .ARM.Collect$$libinit$$00000023  c_w.l(libinit2.o)
    0x08000162   0x08000162   0x00000000   Code   RO         4970    .ARM.Collect$$libinit$$00000025  c_w.l(libinit2.o)
    0x08000162   0x08000162   0x00000000   Code   RO         4974    .ARM.Collect$$libinit$$0000002C  c_w.l(libinit2.o)
    0x08000162   0x08000162   0x00000000   Code   RO         4976    .ARM.Collect$$libinit$$0000002E  c_w.l(libinit2.o)
    0x08000162   0x08000162   0x00000000   Code   RO         4978    .ARM.Collect$$libinit$$00000030  c_w.l(libinit2.o)
    0x08000162   0x08000162   0x00000000   Code   RO         4980    .ARM.Collect$$libinit$$00000032  c_w.l(libinit2.o)
    0x08000162   0x08000162   0x00000002   Code   RO         4981    .ARM.Collect$$libinit$$00000033  c_w.l(libinit2.o)
    0x08000164   0x08000164   0x00000002   Code   RO         5001    .ARM.Collect$$libshutdown$$00000000  c_w.l(libshutdown.o)
    0x08000166   0x08000166   0x00000000   Code   RO         5014    .ARM.Collect$$libshutdown$$00000002  c_w.l(libshutdown2.o)
    0x08000166   0x08000166   0x00000000   Code   RO         5016    .ARM.Collect$$libshutdown$$00000004  c_w.l(libshutdown2.o)
    0x08000166   0x08000166   0x00000000   Code   RO         5018    .ARM.Collect$$libshutdown$$00000006  c_w.l(libshutdown2.o)
    0x08000166   0x08000166   0x00000000   Code   RO         5021    .ARM.Collect$$libshutdown$$00000009  c_w.l(libshutdown2.o)
    0x08000166   0x08000166   0x00000000   Code   RO         5024    .ARM.Collect$$libshutdown$$0000000C  c_w.l(libshutdown2.o)
    0x08000166   0x08000166   0x00000000   Code   RO         5026    .ARM.Collect$$libshutdown$$0000000E  c_w.l(libshutdown2.o)
    0x08000166   0x08000166   0x00000000   Code   RO         5029    .ARM.Collect$$libshutdown$$00000011  c_w.l(libshutdown2.o)
    0x08000166   0x08000166   0x00000002   Code   RO         5030    .ARM.Collect$$libshutdown$$00000012  c_w.l(libshutdown2.o)
    0x08000168   0x08000168   0x00000000   Code   RO         4895    .ARM.Collect$$rtentry$$00000000  c_w.l(__rtentry.o)
    0x08000168   0x08000168   0x00000000   Code   RO         4908    .ARM.Collect$$rtentry$$00000002  c_w.l(__rtentry2.o)
    0x08000168   0x08000168   0x00000006   Code   RO         4920    .ARM.Collect$$rtentry$$00000004  c_w.l(__rtentry4.o)
    0x0800016e   0x0800016e   0x00000000   Code   RO         4910    .ARM.Collect$$rtentry$$00000009  c_w.l(__rtentry2.o)
    0x0800016e   0x0800016e   0x00000004   Code   RO         4911    .ARM.Collect$$rtentry$$0000000A  c_w.l(__rtentry2.o)
    0x08000172   0x08000172   0x00000000   Code   RO         4913    .ARM.Collect$$rtentry$$0000000C  c_w.l(__rtentry2.o)
    0x08000172   0x08000172   0x00000008   Code   RO         4914    .ARM.Collect$$rtentry$$0000000D  c_w.l(__rtentry2.o)
    0x0800017a   0x0800017a   0x00000002   Code   RO         4935    .ARM.Collect$$rtexit$$00000000  c_w.l(rtexit.o)
    0x0800017c   0x0800017c   0x00000000   Code   RO         4983    .ARM.Collect$$rtexit$$00000002  c_w.l(rtexit2.o)
    0x0800017c   0x0800017c   0x00000004   Code   RO         4984    .ARM.Collect$$rtexit$$00000003  c_w.l(rtexit2.o)
    0x08000180   0x08000180   0x00000006   Code   RO         4985    .ARM.Collect$$rtexit$$00000004  c_w.l(rtexit2.o)
    0x08000186   0x08000186   0x00000002   PAD
    0x08000188   0x08000188   0x00000096   Code   RO         4778    .emb_text           port.o
    0x0800021e   0x0800021e   0x00000002   PAD
    0x08000220   0x08000220   0x00000040   Code   RO            4  * .text               startup_stm32f10x_md.o
    0x08000260   0x08000260   0x0000008a   Code   RO         4851    .text               c_w.l(rt_memcpy_v6.o)
    0x080002ea   0x080002ea   0x0000004e   Code   RO         4855    .text               c_w.l(rt_memclr_w.o)
    0x08000338   0x08000338   0x00000006   Code   RO         4857    .text               c_w.l(heapauxi.o)
    0x0800033e   0x0800033e   0x00000064   Code   RO         4896    .text               c_w.l(rt_memcpy_w.o)
    0x080003a2   0x080003a2   0x0000004a   Code   RO         4922    .text               c_w.l(sys_stackheap_outer.o)
    0x080003ec   0x080003ec   0x00000012   Code   RO         4924    .text               c_w.l(exit.o)
    0x080003fe   0x080003fe   0x00000002   PAD
    0x08000400   0x08000400   0x00000008   Code   RO         4932    .text               c_w.l(libspace.o)
    0x08000408   0x08000408   0x0000000c   Code   RO         4993    .text               c_w.l(sys_exit.o)
    0x08000414   0x08000414   0x00000002   Code   RO         5004    .text               c_w.l(use_no_semi.o)
    0x08000416   0x08000416   0x00000000   Code   RO         5006    .text               c_w.l(indicate_semi.o)
    0x08000416   0x08000416   0x00000016   Code   RO          404    i.ADC_Cmd           stm32f10x_adc.o
    0x0800042c   0x0800042c   0x00000140   Code   RO         3834    i.ADC_DVR_SCAN      dvr.o
    0x0800056c   0x0800056c   0x00000014   Code   RO          412    i.ADC_GetCalibrationStatus  stm32f10x_adc.o
    0x08000580   0x08000580   0x00000008   Code   RO          413    i.ADC_GetConversionValue  stm32f10x_adc.o
    0x08000588   0x08000588   0x00000012   Code   RO          415    i.ADC_GetFlagStatus  stm32f10x_adc.o
    0x0800059a   0x0800059a   0x00000014   Code   RO          418    i.ADC_GetResetCalibrationStatus  stm32f10x_adc.o
    0x080005ae   0x080005ae   0x00000002   PAD
    0x080005b0   0x080005b0   0x00000050   Code   RO          422    i.ADC_Init          stm32f10x_adc.o
    0x08000600   0x08000600   0x000000b8   Code   RO          426    i.ADC_RegularChannelConfig  stm32f10x_adc.o
    0x080006b8   0x080006b8   0x0000000a   Code   RO          427    i.ADC_ResetCalibration  stm32f10x_adc.o
    0x080006c2   0x080006c2   0x00000016   Code   RO          429    i.ADC_SoftwareStartConvCmd  stm32f10x_adc.o
    0x080006d8   0x080006d8   0x0000000a   Code   RO          431    i.ADC_StartCalibration  stm32f10x_adc.o
    0x080006e2   0x080006e2   0x00000004   Code   RO          255    i.BusFault_Handler  stm32f10x_it.o
    0x080006e6   0x080006e6   0x00000002   Code   RO          256    i.DebugMon_Handler  stm32f10x_it.o
    0x080006e8   0x080006e8   0x00000012   Code   RO         3740    i.Delay             nrf24l01.o
    0x080006fa   0x080006fa   0x000000b2   Code   RO         3836    i.Dvr_Limit         dvr.o
    0x080007ac   0x080007ac   0x0000007a   Code   RO         3837    i.Dvr_Mid_Limit     dvr.o
    0x08000826   0x08000826   0x00000116   Code   RO         1546    i.GPIO_Init         stm32f10x_gpio.o
    0x0800093c   0x0800093c   0x00000012   Code   RO         1550    i.GPIO_ReadInputDataBit  stm32f10x_gpio.o
    0x0800094e   0x0800094e   0x00000004   Code   RO         1553    i.GPIO_ResetBits    stm32f10x_gpio.o
    0x08000952   0x08000952   0x00000004   Code   RO         1554    i.GPIO_SetBits      stm32f10x_gpio.o
    0x08000956   0x08000956   0x0000000c   Code   RO         3838    i.Get_Joystick_PIT_ADC  dvr.o
    0x08000962   0x08000962   0x0000000c   Code   RO         3839    i.Get_Joystick_ROL_ADC  dvr.o
    0x0800096e   0x0800096e   0x0000000c   Code   RO         3840    i.Get_Joystick_THR_ADC  dvr.o
    0x0800097a   0x0800097a   0x0000000c   Code   RO         3841    i.Get_Joystick_YAW_ADC  dvr.o
    0x08000986   0x08000986   0x00000004   Code   RO          257    i.HardFault_Handler  stm32f10x_it.o
    0x0800098a   0x0800098a   0x00000002   PAD
    0x0800098c   0x0800098c   0x00000090   Code   RO         3741    i.Init_NRF24L01     nrf24l01.o
    0x08000a1c   0x08000a1c   0x00000054   Code   RO         3709    i.Key_Init          key.o
    0x08000a70   0x08000a70   0x0000001c   Code   RO         3520    i.LCD_DrawPoint     lcd_st7735s.o
    0x08000a8c   0x08000a8c   0x00000114   Code   RO         3525    i.LCD_ShowChar      lcd_st7735s.o
    0x08000ba0   0x08000ba0   0x0000009a   Code   RO         3528    i.LCD_ShowIntNum    lcd_st7735s.o
    0x08000c3a   0x08000c3a   0x0000006a   Code   RO         3530    i.LCD_ShowString    lcd_st7735s.o
    0x08000ca4   0x08000ca4   0x00000028   Code   RO         3482    i.LED_R             led.o
    0x08000ccc   0x08000ccc   0x00000004   Code   RO          258    i.MemManage_Handler  stm32f10x_it.o
    0x08000cd0   0x08000cd0   0x00000002   Code   RO          259    i.NMI_Handler       stm32f10x_it.o
    0x08000cd2   0x08000cd2   0x00000002   PAD
    0x08000cd4   0x08000cd4   0x0000004c   Code   RO         3742    i.NRF24L01_Check    nrf24l01.o
    0x08000d20   0x08000d20   0x00000040   Code   RO         3743    i.NRF24L01_Read_Buf  nrf24l01.o
    0x08000d60   0x08000d60   0x0000002c   Code   RO         3744    i.NRF24L01_Read_Reg  nrf24l01.o
    0x08000d8c   0x08000d8c   0x00000054   Code   RO         3746    i.NRF24L01_TxPacket  nrf24l01.o
    0x08000de0   0x08000de0   0x00000040   Code   RO         3747    i.NRF24L01_Write_Buf  nrf24l01.o
    0x08000e20   0x08000e20   0x0000002c   Code   RO         3748    i.NRF24L01_Write_Reg  nrf24l01.o
    0x08000e4c   0x08000e4c   0x000000a0   Code   RO         3844    i.Power_Init        dvr.o
    0x08000eec   0x08000eec   0x00000020   Code   RO         1976    i.RCC_APB2PeriphClockCmd  stm32f10x_rcc.o
    0x08000f0c   0x08000f0c   0x00000034   Code   RO         3845    i.Read_ADC          dvr.o
    0x08000f40   0x08000f40   0x00000060   Code   RO         3750    i.SPI_ReadWriteByte  nrf24l01.o
    0x08000fa0   0x08000fa0   0x000000a8   Code   RO          301    i.Send_ADC_Data     freertos_demo.o
    0x08001048   0x08001048   0x00000008   Code   RO           10    i.SetSysClock       system_stm32f10x.o
    0x08001050   0x08001050   0x000000e0   Code   RO           11    i.SetSysClockTo72   system_stm32f10x.o
    0x08001130   0x08001130   0x00000028   Code   RO          363    i.SysTick_CLKSourceConfig  misc.o
    0x08001158   0x08001158   0x00000034   Code   RO         4779    i.SysTick_Handler   port.o
    0x0800118c   0x0800118c   0x00000060   Code   RO           13    i.SystemInit        system_stm32f10x.o
    0x080011ec   0x080011ec   0x00000064   Code   RO         3751    i.TX_Mode           nrf24l01.o
    0x08001250   0x08001250   0x000000d0   Code   RO          302    i.Task_Dvr_Get_data  freertos_demo.o
    0x08001320   0x08001320   0x0000005c   Code   RO          304    i.Task_NRF_TX       freertos_demo.o
    0x0800137c   0x0800137c   0x00000004   Code   RO          260    i.UsageFault_Handler  stm32f10x_it.o
    0x08001380   0x08001380   0x00000044   Code   RO         3395    i.delay_init        delay.o
    0x080013c4   0x080013c4   0x00000018   Code   RO         3396    i.delay_ms          delay.o
    0x080013dc   0x080013dc   0x00000048   Code   RO         3398    i.delay_us          delay.o
    0x08001424   0x08001424   0x00000030   Code   RO         3532    i.lcdClear          lcd_st7735s.o
    0x08001454   0x08001454   0x00000060   Code   RO         3533    i.lcdGpioInit       lcd_st7735s.o
    0x080014b4   0x080014b4   0x0000020c   Code   RO         3534    i.lcdInit           lcd_st7735s.o
    0x080016c0   0x080016c0   0x0000006c   Code   RO         3535    i.lcdSelectRegister  lcd_st7735s.o
    0x0800172c   0x0800172c   0x00000052   Code   RO         3536    i.lcdSetAddress     lcd_st7735s.o
    0x0800177e   0x0800177e   0x00000012   Code   RO         3537    i.lcdWriteDataU16   lcd_st7735s.o
    0x08001790   0x08001790   0x0000006c   Code   RO         3538    i.lcdWriteDataU8    lcd_st7735s.o
    0x080017fc   0x080017fc   0x00000114   Code   RO          137    i.main              main.o
    0x08001910   0x08001910   0x00000016   Code   RO         3539    i.mypow             lcd_st7735s.o
    0x08001926   0x08001926   0x00000002   PAD
    0x08001928   0x08001928   0x000000c0   Code   RO         4414    i.prvAddCurrentTaskToDelayedList  tasks.o
    0x080019e8   0x080019e8   0x000000e4   Code   RO         4415    i.prvAddNewTaskToReadyList  tasks.o
    0x08001acc   0x08001acc   0x00000048   Code   RO         4416    i.prvCheckTasksWaitingTermination  tasks.o
    0x08001b14   0x08001b14   0x0000002a   Code   RO         4134    i.prvCopyDataFromQueue  queue.o
    0x08001b3e   0x08001b3e   0x0000006a   Code   RO         4135    i.prvCopyDataToQueue  queue.o
    0x08001ba8   0x08001ba8   0x00000012   Code   RO         4417    i.prvDeleteTCB      tasks.o
    0x08001bba   0x08001bba   0x00000002   PAD
    0x08001bbc   0x08001bbc   0x00000070   Code   RO         4717    i.prvHeapInit       heap_4.o
    0x08001c2c   0x08001c2c   0x00000028   Code   RO         4418    i.prvIdleTask       tasks.o
    0x08001c54   0x08001c54   0x00000026   Code   RO         4136    i.prvInitialiseNewQueue  queue.o
    0x08001c7a   0x08001c7a   0x0000007a   Code   RO         4419    i.prvInitialiseNewTask  tasks.o
    0x08001cf4   0x08001cf4   0x00000068   Code   RO         4420    i.prvInitialiseTaskLists  tasks.o
    0x08001d5c   0x08001d5c   0x00000068   Code   RO         4718    i.prvInsertBlockIntoFreeList  heap_4.o
    0x08001dc4   0x08001dc4   0x0000001a   Code   RO         4137    i.prvIsQueueEmpty   queue.o
    0x08001dde   0x08001dde   0x0000001e   Code   RO         4138    i.prvIsQueueFull    queue.o
    0x08001dfc   0x08001dfc   0x00000030   Code   RO         4421    i.prvResetNextTaskUnblockTime  tasks.o
    0x08001e2c   0x08001e2c   0x00000016   Code   RO         4780    i.prvTaskExitError  port.o
    0x08001e42   0x08001e42   0x0000007e   Code   RO         4139    i.prvUnlockQueue    queue.o
    0x08001ec0   0x08001ec0   0x000000e4   Code   RO         4720    i.pvPortMalloc      heap_4.o
    0x08001fa4   0x08001fa4   0x00000024   Code   RO         4781    i.pxPortInitialiseStack  port.o
    0x08001fc8   0x08001fc8   0x00000028   Code   RO         4095    i.uxListRemove      list.o
    0x08001ff0   0x08001ff0   0x0000001a   Code   RO         4096    i.vListInitialise   list.o
    0x0800200a   0x0800200a   0x00000006   Code   RO         4097    i.vListInitialiseItem  list.o
    0x08002010   0x08002010   0x00000034   Code   RO         4098    i.vListInsert       list.o
    0x08002044   0x08002044   0x00000024   Code   RO         4783    i.vPortEnterCritical  port.o
    0x08002068   0x08002068   0x00000020   Code   RO         4784    i.vPortExitCritical  port.o
    0x08002088   0x08002088   0x0000004c   Code   RO         4721    i.vPortFree         heap_4.o
    0x080020d4   0x080020d4   0x00000018   Code   RO         4785    i.vPortSetupTimerInterrupt  port.o
    0x080020ec   0x080020ec   0x00000034   Code   RO         4429    i.vTaskDelay        tasks.o
    0x08002120   0x08002120   0x00000018   Code   RO         4433    i.vTaskInternalSetTimeOutState  tasks.o
    0x08002138   0x08002138   0x0000000c   Code   RO         4434    i.vTaskMissedYield  tasks.o
    0x08002144   0x08002144   0x00000020   Code   RO         4435    i.vTaskPlaceOnEventList  tasks.o
    0x08002164   0x08002164   0x0000006c   Code   RO         4441    i.vTaskStartScheduler  tasks.o
    0x080021d0   0x080021d0   0x00000010   Code   RO         4443    i.vTaskSuspendAll   tasks.o
    0x080021e0   0x080021e0   0x00000060   Code   RO         4444    i.vTaskSwitchContext  tasks.o
    0x08002240   0x08002240   0x00000140   Code   RO         3846    i.window_field      dvr.o
    0x08002380   0x08002380   0x00000034   Code   RO         4786    i.xPortStartScheduler  port.o
    0x080023b4   0x080023b4   0x0000004c   Code   RO         4144    i.xQueueGenericCreate  queue.o
    0x08002400   0x08002400   0x000000a0   Code   RO         4145    i.xQueueGenericReset  queue.o
    0x080024a0   0x080024a0   0x00000118   Code   RO         4146    i.xQueueGenericSend  queue.o
    0x080025b8   0x080025b8   0x00000104   Code   RO         4153    i.xQueueReceive     queue.o
    0x080026bc   0x080026bc   0x00000060   Code   RO         4446    i.xTaskCheckForTimeOut  tasks.o
    0x0800271c   0x0800271c   0x00000068   Code   RO         4447    i.xTaskCreate       tasks.o
    0x08002784   0x08002784   0x00000190   Code   RO         4456    i.xTaskIncrementTick  tasks.o
    0x08002914   0x08002914   0x00000108   Code   RO         4457    i.xTaskRemoveFromEventList  tasks.o
    0x08002a1c   0x08002a1c   0x0000015c   Code   RO         4458    i.xTaskResumeAll    tasks.o
    0x08002b78   0x08002b78   0x00000150   Code   RO         4861    x$fpl$dadd          fz_ws.l(daddsub_clz.o)
    0x08002cc8   0x08002cc8   0x0000005e   Code   RO         4867    x$fpl$dfix          fz_ws.l(dfix.o)
    0x08002d26   0x08002d26   0x0000002e   Code   RO         4872    x$fpl$dflt          fz_ws.l(dflt_clz.o)
    0x08002d54   0x08002d54   0x00000026   Code   RO         4871    x$fpl$dfltu         fz_ws.l(dflt_clz.o)
    0x08002d7a   0x08002d7a   0x00000002   PAD
    0x08002d7c   0x08002d7c   0x00000154   Code   RO         4877    x$fpl$dmul          fz_ws.l(dmul.o)
    0x08002ed0   0x08002ed0   0x0000009c   Code   RO         4898    x$fpl$dnaninf       fz_ws.l(dnaninf.o)
    0x08002f6c   0x08002f6c   0x0000000c   Code   RO         4900    x$fpl$dretinf       fz_ws.l(dretinf.o)
    0x08002f78   0x08002f78   0x000001d4   Code   RO         4863    x$fpl$dsub          fz_ws.l(daddsub_clz.o)
    0x0800314c   0x0800314c   0x00000000   Code   RO         4906    x$fpl$usenofp       fz_ws.l(usenofp.o)
    0x0800314c   0x0800314c   0x000017d1   Data   RO         3540    .constdata          lcd_st7735s.o
    0x0800491d   0x0800491d   0x0000000f   Data   RO         3752    .constdata          nrf24l01.o
    0x0800492c   0x0800492c   0x00000020   Data   RO         5061    Region$$Table       anon$$obj.o


    Execution Region ER_RW (Exec base: 0x20000000, Load base: 0x0800494c, Size: 0x000000ac, Max: 0xffffffff, ABSOLUTE)

    Exec Addr    Load Addr    Size         Type   Attr      Idx    E Section Name        Object

    0x20000000   0x0800494c   0x00000014   Data   RW           14    .data               system_stm32f10x.o
    0x20000014   0x08004960   0x00000010   Data   RW          138    .data               main.o
    0x20000024   0x08004970   0x00000008   Data   RW          305    .data               freertos_demo.o
    0x2000002c   0x08004978   0x00000001   Data   RW         3399    .data               delay.o
    0x2000002d   0x08004979   0x00000001   PAD
    0x2000002e   0x0800497a   0x0000001e   Data   RW         3848    .data               dvr.o
    0x2000004c   0x08004998   0x00000040   Data   RW         4461    .data               tasks.o
    0x2000008c   0x080049d8   0x0000001c   Data   RW         4727    .data               heap_4.o
    0x200000a8   0x080049f4   0x00000004   Data   RW         4787    .data               port.o


    Execution Region ER_ZI (Exec base: 0x200000ac, Load base: 0x080049f8, Size: 0x000043dc, Max: 0xffffffff, ABSOLUTE)

    Exec Addr    Load Addr    Size         Type   Attr      Idx    E Section Name        Object

    0x200000ac        -       0x000000b0   Zero   RW         3847    .bss                dvr.o
    0x2000015c        -       0x000000c8   Zero   RW         4460    .bss                tasks.o
    0x20000224        -       0x00003c00   Zero   RW         4726    .bss                heap_4.o
    0x20003e24        -       0x00000060   Zero   RW         4933    .bss                c_w.l(libspace.o)
    0x20003e84   0x080049f8   0x00000004   PAD
    0x20003e88        -       0x00000200   Zero   RW            2    HEAP                startup_stm32f10x_md.o
    0x20004088        -       0x00000400   Zero   RW            1    STACK               startup_stm32f10x_md.o


==============================================================================

Image component sizes


      Code (inc. data)   RO Data    RW Data    ZI Data      Debug   Object Name

       164         18          0          1          0       1647   delay.o
      1200         56          0         30        176       7187   dvr.o
         0          0          0          0          0      14488   event_groups.o
       468         40          0          8          0       1838   freertos_demo.o
       520         58          0         28      15360       4547   heap_4.o
        84          8          0          0          0        463   key.o
      1570         50       6097          0          0      10950   lcd_st7735s.o
        40          4          0          0          0        404   led.o
       124          0          0          0          0       2545   list.o
       276         72          0         16          0     229247   main.o
        40          0          0          0          0        466   misc.o
       734         58         15          0          0       6398   nrf24l01.o
       404         48          0          4          0       9048   port.o
      1144         12          0          0          0      11587   queue.o
        64         26        236          0       1536        804   startup_stm32f10x_md.o
       394         10          0          0          0      16525   stm32f10x_adc.o
       304          0          0          0          0      11792   stm32f10x_gpio.o
        20          0          0          0          0       2385   stm32f10x_it.o
        32          6          0          0          0        517   stm32f10x_rcc.o
       328         28          0         20          0      14961   system_stm32f10x.o
      2376        312          0         64        200      28359   tasks.o

    ----------------------------------------------------------------------
     10298        806       6380        172      17272     376158   Object Totals
         0          0         32          0          0          0   (incl. Generated)
        12          0          0          1          0          0   (incl. Padding)

    ----------------------------------------------------------------------

      Code (inc. data)   RO Data    RW Data    ZI Data      Debug   Library Member Name

         8          0          0          0          0         68   __main.o
         0          0          0          0          0          0   __rtentry.o
        12          0          0          0          0          0   __rtentry2.o
         6          0          0          0          0          0   __rtentry4.o
        52          8          0          0          0          0   __scatter.o
        26          0          0          0          0          0   __scatter_copy.o
        28          0          0          0          0          0   __scatter_zi.o
        18          0          0          0          0         80   exit.o
         6          0          0          0          0        152   heapauxi.o
         0          0          0          0          0          0   indicate_semi.o
         2          0          0          0          0          0   libinit.o
         2          0          0          0          0          0   libinit2.o
         2          0          0          0          0          0   libshutdown.o
         2          0          0          0          0          0   libshutdown2.o
         8          4          0          0         96         68   libspace.o
        78          0          0          0          0         80   rt_memclr_w.o
       138          0          0          0          0         68   rt_memcpy_v6.o
       100          0          0          0          0         80   rt_memcpy_w.o
         2          0          0          0          0          0   rtexit.o
        10          0          0          0          0          0   rtexit2.o
        12          4          0          0          0         68   sys_exit.o
        74          0          0          0          0         80   sys_stackheap_outer.o
         2          0          0          0          0         68   use_no_semi.o
       804         16          0          0          0        272   daddsub_clz.o
        94          4          0          0          0         92   dfix.o
        84          0          0          0          0        136   dflt_clz.o
       340         12          0          0          0        104   dmul.o
       156          4          0          0          0         92   dnaninf.o
        12          0          0          0          0         68   dretinf.o
         0          0          0          0          0          0   usenofp.o

    ----------------------------------------------------------------------
      2086         52          0          0        100       1576   Library Totals
         8          0          0          0          4          0   (incl. Padding)

    ----------------------------------------------------------------------

      Code (inc. data)   RO Data    RW Data    ZI Data      Debug   Library Name

       588         16          0          0         96        812   c_w.l
      1490         36          0          0          0        764   fz_ws.l

    ----------------------------------------------------------------------
      2086         52          0          0        100       1576   Library Totals

    ----------------------------------------------------------------------

==============================================================================


      Code (inc. data)   RO Data    RW Data    ZI Data      Debug   

     12384        858       6380        172      17372     371438   Grand Totals
     12384        858       6380        172      17372     371438   ELF Image Totals
     12384        858       6380        172          0          0   ROM Totals

==============================================================================

    Total RO  Size (Code + RO Data)                18764 (  18.32kB)
    Total RW  Size (RW Data + ZI Data)             17544 (  17.13kB)
    Total ROM Size (Code + RO Data + RW Data)      18936 (  18.49kB)

==============================================================================

