Component: ARM Compiler 5.06 update 7 (build 960) Tool: armlink [4d3601]

==============================================================================

Section Cross References

    startup_stm32f10x_md.o(RESET) refers to startup_stm32f10x_md.o(STACK) for __initial_sp
    startup_stm32f10x_md.o(RESET) refers to startup_stm32f10x_md.o(.text) for Reset_Handler
    startup_stm32f10x_md.o(RESET) refers to stm32f10x_it.o(i.NMI_Handler) for NMI_Handler
    startup_stm32f10x_md.o(RESET) refers to stm32f10x_it.o(i.HardFault_Handler) for HardFault_Handler
    startup_stm32f10x_md.o(RESET) refers to stm32f10x_it.o(i.MemManage_Handler) for MemManage_Handler
    startup_stm32f10x_md.o(RESET) refers to stm32f10x_it.o(i.BusFault_Handler) for BusFault_Handler
    startup_stm32f10x_md.o(RESET) refers to stm32f10x_it.o(i.UsageFault_Handler) for UsageFault_Handler
    startup_stm32f10x_md.o(RESET) refers to port.o(.emb_text) for SVC_Handler
    startup_stm32f10x_md.o(RESET) refers to stm32f10x_it.o(i.DebugMon_Handler) for DebugMon_Handler
    startup_stm32f10x_md.o(RESET) refers to port.o(i.SysTick_Handler) for SysTick_Handler
    startup_stm32f10x_md.o(.text) refers to system_stm32f10x.o(i.SystemInit) for SystemInit
    startup_stm32f10x_md.o(.text) refers to entry.o(.ARM.Collect$$$$00000000) for __main
    system_stm32f10x.o(i.SetSysClock) refers to system_stm32f10x.o(i.SetSysClockTo72) for SetSysClockTo72
    system_stm32f10x.o(i.SystemCoreClockUpdate) refers to system_stm32f10x.o(.data) for SystemCoreClock
    system_stm32f10x.o(i.SystemInit) refers to system_stm32f10x.o(i.SetSysClock) for SetSysClock
    main.o(i.main) refers to delay.o(i.delay_init) for delay_init
    main.o(i.main) refers to lcd_st7735s.o(i.lcdInit) for lcdInit
    main.o(i.main) refers to key.o(i.Key_Init) for Key_Init
    main.o(i.main) refers to nrf24l01.o(i.Init_NRF24L01) for Init_NRF24L01
    main.o(i.main) refers to lcd_st7735s.o(i.lcdClear) for lcdClear
    main.o(i.main) refers to dvr.o(i.Power_Init) for Power_Init
    main.o(i.main) refers to lcd_st7735s.o(i.LCD_ShowString) for LCD_ShowString
    main.o(i.main) refers to nrf24l01.o(i.NRF24L01_Check) for NRF24L01_Check
    main.o(i.main) refers to queue.o(i.xQueueGenericCreate) for xQueueGenericCreate
    main.o(i.main) refers to tasks.o(i.xTaskCreate) for xTaskCreate
    main.o(i.main) refers to tasks.o(i.vTaskStartScheduler) for vTaskStartScheduler
    main.o(i.main) refers to freertos_demo.o(.data) for xQueue_Send_Data
    main.o(i.main) refers to main.o(.data) for Task_NRF_TX_Handle
    main.o(i.main) refers to freertos_demo.o(i.Task_NRF_TX) for Task_NRF_TX
    main.o(i.main) refers to freertos_demo.o(i.Task_Dvr_Get_data) for Task_Dvr_Get_data
    freertos_demo.o(i.KEY_Scan) refers to stm32f10x_gpio.o(i.GPIO_ReadInputDataBit) for GPIO_ReadInputDataBit
    freertos_demo.o(i.KEY_Scan) refers to tasks.o(i.vTaskDelay) for vTaskDelay
    freertos_demo.o(i.KEY_Scan) refers to key.o(.data) for Key_con
    freertos_demo.o(i.Send_ADC_Data) refers to led.o(i.LED_R) for LED_R
    freertos_demo.o(i.Send_ADC_Data) refers to queue.o(i.xQueueGenericSend) for xQueueGenericSend
    freertos_demo.o(i.Send_ADC_Data) refers to dvr.o(.data) for Dvr
    freertos_demo.o(i.Send_ADC_Data) refers to key.o(.data) for Key_con
    freertos_demo.o(i.Send_ADC_Data) refers to freertos_demo.o(.data) for xQueue_Send_Data
    freertos_demo.o(i.Task_Dvr_Get_data) refers to dvr.o(i.ADC_DVR_SCAN) for ADC_DVR_SCAN
    freertos_demo.o(i.Task_Dvr_Get_data) refers to freertos_demo.o(i.Send_ADC_Data) for Send_ADC_Data
    freertos_demo.o(i.Task_Dvr_Get_data) refers to tasks.o(i.vTaskDelay) for vTaskDelay
    freertos_demo.o(i.Task_NRF_RX) refers to nrf24l01.o(i.RX_Mode) for RX_Mode
    freertos_demo.o(i.Task_NRF_RX) refers to delay.o(i.delay_ms) for delay_ms
    freertos_demo.o(i.Task_NRF_RX) refers to nrf24l01.o(i.NRF24L01_RxPacket) for NRF24L01_RxPacket
    freertos_demo.o(i.Task_NRF_RX) refers to compute.o(i.Analyze_data) for Analyze_data
    freertos_demo.o(i.Task_NRF_RX) refers to tasks.o(i.vTaskDelay) for vTaskDelay
    freertos_demo.o(i.Task_NRF_TX) refers to nrf24l01.o(i.TX_Mode) for TX_Mode
    freertos_demo.o(i.Task_NRF_TX) refers to queue.o(i.xQueueReceive) for xQueueReceive
    freertos_demo.o(i.Task_NRF_TX) refers to nrf24l01.o(i.NRF24L01_TxPacket) for NRF24L01_TxPacket
    freertos_demo.o(i.Task_NRF_TX) refers to tasks.o(i.vTaskDelay) for vTaskDelay
    freertos_demo.o(i.Task_NRF_TX) refers to freertos_demo.o(.data) for xQueue_Send_Data
    stm32f10x_adc.o(i.ADC_DeInit) refers to stm32f10x_rcc.o(i.RCC_APB2PeriphResetCmd) for RCC_APB2PeriphResetCmd
    stm32f10x_bkp.o(i.BKP_DeInit) refers to stm32f10x_rcc.o(i.RCC_BackupResetCmd) for RCC_BackupResetCmd
    stm32f10x_can.o(i.CAN_DeInit) refers to stm32f10x_rcc.o(i.RCC_APB1PeriphResetCmd) for RCC_APB1PeriphResetCmd
    stm32f10x_can.o(i.CAN_GetITStatus) refers to stm32f10x_can.o(i.CheckITStatus) for CheckITStatus
[...]
    Removing stm32f10x_rcc.o(i.RCC_PCLK1Config), (24 bytes).
    Removing stm32f10x_rcc.o(i.RCC_PCLK2Config), (24 bytes).
    Removing stm32f10x_rcc.o(i.RCC_PLLCmd), (12 bytes).
    Removing stm32f10x_rcc.o(i.RCC_PLLConfig), (28 bytes).
    Removing stm32f10x_rcc.o(i.RCC_RTCCLKCmd), (12 bytes).
    Removing stm32f10x_rcc.o(i.RCC_RTCCLKConfig), (16 bytes).
    Removing stm32f10x_rcc.o(i.RCC_SYSCLKConfig), (24 bytes).
    Removing stm32f10x_rcc.o(i.RCC_USBCLKConfig), (12 bytes).
    Removing stm32f10x_rcc.o(i.RCC_WaitForHSEStartUp), (56 bytes).
    Removing stm32f10x_rcc.o(.data), (20 bytes).
    Removing stm32f10x_rtc.o(i.RTC_ClearFlag), (16 bytes).
    Removing stm32f10x_rtc.o(i.RTC_ClearITPendingBit), (16 bytes).
    Removing stm32f10x_rtc.o(i.RTC_EnterConfigMode), (20 bytes).
    Removing stm32f10x_rtc.o(i.RTC_ExitConfigMode), (20 bytes).
    Removing stm32f10x_rtc.o(i.RTC_GetCounter), (20 bytes).
    Removing stm32f10x_rtc.o(i.RTC_GetDivider), (24 bytes).
    Removing stm32f10x_rtc.o(i.RTC_GetFlagStatus), (24 bytes).
    Removing stm32f10x_rtc.o(i.RTC_GetITStatus), (36 bytes).
    Removing stm32f10x_rtc.o(i.RTC_ITConfig), (32 bytes).
    Removing stm32f10x_rtc.o(i.RTC_SetAlarm), (28 bytes).
    Removing stm32f10x_rtc.o(i.RTC_SetCounter), (28 bytes).
    Removing stm32f10x_rtc.o(i.RTC_SetPrescaler), (32 bytes).
    Removing stm32f10x_rtc.o(i.RTC_WaitForLastTask), (20 bytes).
    Removing stm32f10x_rtc.o(i.RTC_WaitForSynchro), (36 bytes).
    Removing stm32f10x_sdio.o(i.SDIO_CEATAITCmd), (16 bytes).
    Removing stm32f10x_sdio.o(i.SDIO_ClearFlag), (12 bytes).
    Removing stm32f10x_sdio.o(i.SDIO_ClearITPendingBit), (12 bytes).
    Removing stm32f10x_sdio.o(i.SDIO_ClockCmd), (12 bytes).
    Removing stm32f10x_sdio.o(i.SDIO_CmdStructInit), (14 bytes).
    Removing stm32f10x_sdio.o(i.SDIO_CommandCompletionCmd), (12 bytes).
    Removing stm32f10x_sdio.o(i.SDIO_DMACmd), (12 bytes).
    Removing stm32f10x_sdio.o(i.SDIO_DataConfig), (48 bytes).
    Removing stm32f10x_sdio.o(i.SDIO_DataStructInit), (20 bytes).
    Removing stm32f10x_sdio.o(i.SDIO_DeInit), (36 bytes).
    Removing stm32f10x_sdio.o(i.SDIO_GetCommandResponse), (12 bytes).
    Removing stm32f10x_sdio.o(i.SDIO_GetDataCounter), (12 bytes).
    Removing stm32f10x_sdio.o(i.SDIO_GetFIFOCount), (12 bytes).
    Removing stm32f10x_sdio.o(i.SDIO_GetFlagStatus), (24 bytes).
    Removing stm32f10x_sdio.o(i.SDIO_GetITStatus), (24 bytes).
    Removing stm32f10x_sdio.o(i.SDIO_GetPowerState), (16 bytes).
    Removing stm32f10x_sdio.o(i.SDIO_GetResponse), (24 bytes).
    Removing stm32f10x_sdio.o(i.SDIO_ITConfig), (32 bytes).
    Removing stm32f10x_sdio.o(i.SDIO_Init), (48 bytes).
    Removing stm32f10x_sdio.o(i.SDIO_ReadData), (12 bytes).
    Removing stm32f10x_sdio.o(i.SDIO_SendCEATACmd), (12 bytes).
    Removing stm32f10x_sdio.o(i.SDIO_SendCommand), (44 bytes).
    Removing stm32f10x_sdio.o(i.SDIO_SendSDIOSuspendCmd), (12 bytes).
    Removing stm32f10x_sdio.o(i.SDIO_SetPowerState), (28 bytes).
    Removing stm32f10x_sdio.o(i.SDIO_SetSDIOOperation), (12 bytes).
    Removing stm32f10x_sdio.o(i.SDIO_SetSDIOReadWaitMode), (12 bytes).
    Removing stm32f10x_sdio.o(i.SDIO_StartSDIOReadWait), (12 bytes).
    Removing stm32f10x_sdio.o(i.SDIO_StopSDIOReadWait), (12 bytes).
    Removing stm32f10x_sdio.o(i.SDIO_StructInit), (16 bytes).
    Removing stm32f10x_sdio.o(i.SDIO_WriteData), (12 bytes).
    Removing stm32f10x_spi.o(i.I2S_Cmd), (24 bytes).
    Removing stm32f10x_spi.o(i.I2S_Init), (232 bytes).
    Removing stm32f10x_spi.o(i.I2S_StructInit), (20 bytes).
    Removing stm32f10x_spi.o(i.SPI_BiDirectionalLineConfig), (28 bytes).
    Removing stm32f10x_spi.o(i.SPI_CalculateCRC), (24 bytes).
    Removing stm32f10x_spi.o(i.SPI_Cmd), (24 bytes).
    Removing stm32f10x_spi.o(i.SPI_DataSizeConfig), (18 bytes).
    Removing stm32f10x_spi.o(i.SPI_GetCRC), (16 bytes).
    Removing stm32f10x_spi.o(i.SPI_GetCRCPolynomial), (6 bytes).
    Removing stm32f10x_spi.o(i.SPI_I2S_ClearFlag), (6 bytes).
    Removing stm32f10x_spi.o(i.SPI_I2S_ClearITPendingBit), (20 bytes).
    Removing stm32f10x_spi.o(i.SPI_I2S_DMACmd), (18 bytes).
    Removing stm32f10x_spi.o(i.SPI_I2S_DeInit), (88 bytes).
    Removing stm32f10x_spi.o(i.SPI_I2S_GetFlagStatus), (18 bytes).
    Removing stm32f10x_spi.o(i.SPI_I2S_GetITStatus), (52 bytes).
    Removing stm32f10x_spi.o(i.SPI_I2S_ITConfig), (32 bytes).
    Removing stm32f10x_spi.o(i.SPI_I2S_ReceiveData), (6 bytes).
    Removing stm32f10x_spi.o(i.SPI_I2S_SendData), (4 bytes).
    Removing stm32f10x_spi.o(i.SPI_Init), (60 bytes).
    Removing stm32f10x_spi.o(i.SPI_NSSInternalSoftwareConfig), (30 bytes).
    Removing stm32f10x_spi.o(i.SPI_SSOutputCmd), (24 bytes).
    Removing stm32f10x_spi.o(i.SPI_StructInit), (24 bytes).
    Removing stm32f10x_spi.o(i.SPI_TransmitCRC), (10 bytes).
    Removing stm32f10x_tim.o(i.TI1_Config), (128 bytes).
    Removing stm32f10x_tim.o(i.TI2_Config), (152 bytes).
    Removing stm32f10x_tim.o(i.TI3_Config), (144 bytes).
    Removing stm32f10x_tim.o(i.TI4_Config), (152 bytes).
    Removing stm32f10x_tim.o(i.TIM_ARRPreloadConfig), (24 bytes).
    Removing stm32f10x_tim.o(i.TIM_BDTRConfig), (32 bytes).
    Removing stm32f10x_tim.o(i.TIM_BDTRStructInit), (18 bytes).
    Removing stm32f10x_tim.o(i.TIM_CCPreloadControl), (24 bytes).
    Removing stm32f10x_tim.o(i.TIM_CCxCmd), (30 bytes).
    Removing stm32f10x_tim.o(i.TIM_CCxNCmd), (30 bytes).
    Removing stm32f10x_tim.o(i.TIM_ClearFlag), (6 bytes).
    Removing stm32f10x_tim.o(i.TIM_ClearITPendingBit), (6 bytes).
    Removing stm32f10x_tim.o(i.TIM_ClearOC1Ref), (18 bytes).
    Removing stm32f10x_tim.o(i.TIM_ClearOC2Ref), (24 bytes).
    Removing stm32f10x_tim.o(i.TIM_ClearOC3Ref), (18 bytes).
    Removing stm32f10x_tim.o(i.TIM_ClearOC4Ref), (24 bytes).
    Removing stm32f10x_tim.o(i.TIM_Cmd), (24 bytes).
    Removing stm32f10x_tim.o(i.TIM_CounterModeConfig), (18 bytes).
    Removing stm32f10x_tim.o(i.TIM_CtrlPWMOutputs), (30 bytes).
    Removing stm32f10x_tim.o(i.TIM_DMACmd), (18 bytes).
    Removing stm32f10x_tim.o(i.TIM_DMAConfig), (10 bytes).
    Removing stm32f10x_tim.o(i.TIM_DeInit), (488 bytes).
    Removing stm32f10x_tim.o(i.TIM_ETRClockMode1Config), (54 bytes).
    Removing stm32f10x_tim.o(i.TIM_ETRClockMode2Config), (32 bytes).
    Removing stm32f10x_tim.o(i.TIM_ETRConfig), (28 bytes).
    Removing stm32f10x_tim.o(i.TIM_EncoderInterfaceConfig), (66 bytes).
    Removing stm32f10x_tim.o(i.TIM_ForcedOC1Config), (18 bytes).
    Removing stm32f10x_tim.o(i.TIM_ForcedOC2Config), (26 bytes).
    Removing stm32f10x_tim.o(i.TIM_ForcedOC3Config), (18 bytes).
    Removing stm32f10x_tim.o(i.TIM_ForcedOC4Config), (26 bytes).
    Removing stm32f10x_tim.o(i.TIM_GenerateEvent), (4 bytes).
    Removing stm32f10x_tim.o(i.TIM_GetCapture1), (6 bytes).
    Removing stm32f10x_tim.o(i.TIM_GetCapture2), (6 bytes).
    Removing stm32f10x_tim.o(i.TIM_GetCapture3), (6 bytes).
    Removing stm32f10x_tim.o(i.TIM_GetCapture4), (8 bytes).
    Removing stm32f10x_tim.o(i.TIM_GetCounter), (6 bytes).
    Removing stm32f10x_tim.o(i.TIM_GetFlagStatus), (18 bytes).
    Removing stm32f10x_tim.o(i.TIM_GetITStatus), (34 bytes).
    Removing stm32f10x_tim.o(i.TIM_GetPrescaler), (6 bytes).
    Removing stm32f10x_tim.o(i.TIM_ICInit), (172 bytes).
    Removing stm32f10x_tim.o(i.TIM_ICStructInit), (18 bytes).
    Removing stm32f10x_tim.o(i.TIM_ITConfig), (18 bytes).
    Removing stm32f10x_tim.o(i.TIM_ITRxExternalClockConfig), (24 bytes).
    Removing stm32f10x_tim.o(i.TIM_InternalClockConfig), (12 bytes).
    Removing stm32f10x_tim.o(i.TIM_OC1FastConfig), (18 bytes).
    Removing stm32f10x_tim.o(i.TIM_OC1Init), (152 bytes).
    Removing stm32f10x_tim.o(i.TIM_OC1NPolarityConfig), (18 bytes).
    Removing stm32f10x_tim.o(i.TIM_OC1PolarityConfig), (18 bytes).
    Removing stm32f10x_tim.o(i.TIM_OC1PreloadConfig), (18 bytes).
    Removing stm32f10x_tim.o(i.TIM_OC2FastConfig), (26 bytes).
    Removing stm32f10x_tim.o(i.TIM_OC2Init), (164 bytes).
    Removing stm32f10x_tim.o(i.TIM_OC2NPolarityConfig), (26 bytes).
    Removing stm32f10x_tim.o(i.TIM_OC2PolarityConfig), (26 bytes).
    Removing stm32f10x_tim.o(i.TIM_OC2PreloadConfig), (26 bytes).
    Removing stm32f10x_tim.o(i.TIM_OC3FastConfig), (18 bytes).
    Removing stm32f10x_tim.o(i.TIM_OC3Init), (160 bytes).
    Removing stm32f10x_tim.o(i.TIM_OC3NPolarityConfig), (26 bytes).
    Removing stm32f10x_tim.o(i.TIM_OC3PolarityConfig), (26 bytes).
    Removing stm32f10x_tim.o(i.TIM_OC3PreloadConfig), (18 bytes).
    Removing stm32f10x_tim.o(i.TIM_OC4FastConfig), (26 bytes).
    Removing stm32f10x_tim.o(i.TIM_OC4Init), (124 bytes).
    Removing stm32f10x_tim.o(i.TIM_OC4PolarityConfig), (26 bytes).
    Removing stm32f10x_tim.o(i.TIM_OC4PreloadConfig), (26 bytes).
    Removing stm32f10x_tim.o(i.TIM_OCStructInit), (20 bytes).
    Removing stm32f10x_tim.o(i.TIM_PWMIConfig), (124 bytes).
    Removing stm32f10x_tim.o(i.TIM_PrescalerConfig), (6 bytes).
    Removing stm32f10x_tim.o(i.TIM_SelectCCDMA), (24 bytes).
    Removing stm32f10x_tim.o(i.TIM_SelectCOM), (24 bytes).
    Removing stm32f10x_tim.o(i.TIM_SelectHallSensor), (24 bytes).
    Removing stm32f10x_tim.o(i.TIM_SelectInputTrigger), (18 bytes).
    Removing stm32f10x_tim.o(i.TIM_SelectMasterSlaveMode), (18 bytes).
    Removing stm32f10x_tim.o(i.TIM_SelectOCxM), (82 bytes).
    Removing stm32f10x_tim.o(i.TIM_SelectOnePulseMode), (18 bytes).
    Removing stm32f10x_tim.o(i.TIM_SelectOutputTrigger), (18 bytes).
    Removing stm32f10x_tim.o(i.TIM_SelectSlaveMode), (18 bytes).
    Removing stm32f10x_tim.o(i.TIM_SetAutoreload), (4 bytes).
    Removing stm32f10x_tim.o(i.TIM_SetClockDivision), (18 bytes).
    Removing stm32f10x_tim.o(i.TIM_SetCompare1), (4 bytes).
    Removing stm32f10x_tim.o(i.TIM_SetCompare2), (4 bytes).
    Removing stm32f10x_tim.o(i.TIM_SetCompare3), (4 bytes).
    Removing stm32f10x_tim.o(i.TIM_SetCompare4), (6 bytes).
    Removing stm32f10x_tim.o(i.TIM_SetCounter), (4 bytes).
    Removing stm32f10x_tim.o(i.TIM_SetIC1Prescaler), (18 bytes).
    Removing stm32f10x_tim.o(i.TIM_SetIC2Prescaler), (26 bytes).
    Removing stm32f10x_tim.o(i.TIM_SetIC3Prescaler), (18 bytes).
    Removing stm32f10x_tim.o(i.TIM_SetIC4Prescaler), (26 bytes).
    Removing stm32f10x_tim.o(i.TIM_TIxExternalClockConfig), (62 bytes).
    Removing stm32f10x_tim.o(i.TIM_TimeBaseInit), (164 bytes).
    Removing stm32f10x_tim.o(i.TIM_TimeBaseStructInit), (18 bytes).
    Removing stm32f10x_tim.o(i.TIM_UpdateDisableConfig), (24 bytes).
    Removing stm32f10x_tim.o(i.TIM_UpdateRequestConfig), (24 bytes).
    Removing stm32f10x_usart.o(i.USART_ClearFlag), (18 bytes).
    Removing stm32f10x_usart.o(i.USART_ClearITPendingBit), (30 bytes).
    Removing stm32f10x_usart.o(i.USART_ClockInit), (34 bytes).
    Removing stm32f10x_usart.o(i.USART_ClockStructInit), (12 bytes).
    Removing stm32f10x_usart.o(i.USART_Cmd), (24 bytes).
    Removing stm32f10x_usart.o(i.USART_DMACmd), (18 bytes).
    Removing stm32f10x_usart.o(i.USART_DeInit), (156 bytes).
    Removing stm32f10x_usart.o(i.USART_GetFlagStatus), (26 bytes).
    Removing stm32f10x_usart.o(i.USART_GetITStatus), (84 bytes).
    Removing stm32f10x_usart.o(i.USART_HalfDuplexCmd), (24 bytes).
    Removing stm32f10x_usart.o(i.USART_ITConfig), (74 bytes).
    Removing stm32f10x_usart.o(i.USART_Init), (216 bytes).
    Removing stm32f10x_usart.o(i.USART_IrDACmd), (24 bytes).
    Removing stm32f10x_usart.o(i.USART_IrDAConfig), (18 bytes).
    Removing stm32f10x_usart.o(i.USART_LINBreakDetectLengthConfig), (18 bytes).
    Removing stm32f10x_usart.o(i.USART_LINCmd), (24 bytes).
    Removing stm32f10x_usart.o(i.USART_OneBitMethodCmd), (24 bytes).
    Removing stm32f10x_usart.o(i.USART_OverSampling8Cmd), (22 bytes).
    Removing stm32f10x_usart.o(i.USART_ReceiveData), (10 bytes).
    Removing stm32f10x_usart.o(i.USART_ReceiverWakeUpCmd), (24 bytes).
    Removing stm32f10x_usart.o(i.USART_SendBreak), (10 bytes).
    Removing stm32f10x_usart.o(i.USART_SendData), (8 bytes).
    Removing stm32f10x_usart.o(i.USART_SetAddress), (18 bytes).
    Removing stm32f10x_usart.o(i.USART_SetGuardTime), (16 bytes).
    Removing stm32f10x_usart.o(i.USART_SetPrescaler), (16 bytes).
    Removing stm32f10x_usart.o(i.USART_SmartCardCmd), (24 bytes).
    Removing stm32f10x_usart.o(i.USART_SmartCardNACKCmd), (24 bytes).
    Removing stm32f10x_usart.o(i.USART_StructInit), (24 bytes).
    Removing stm32f10x_usart.o(i.USART_WakeUpConfig), (18 bytes).
    Removing stm32f10x_wwdg.o(i.WWDG_ClearFlag), (12 bytes).
    Removing stm32f10x_wwdg.o(i.WWDG_DeInit), (22 bytes).
    Removing stm32f10x_wwdg.o(i.WWDG_Enable), (16 bytes).
    Removing stm32f10x_wwdg.o(i.WWDG_EnableIT), (12 bytes).
    Removing stm32f10x_wwdg.o(i.WWDG_GetFlagStatus), (12 bytes).
    Removing stm32f10x_wwdg.o(i.WWDG_SetCounter), (16 bytes).
    Removing stm32f10x_wwdg.o(i.WWDG_SetPrescaler), (24 bytes).
    Removing stm32f10x_wwdg.o(i.WWDG_SetWindowValue), (40 bytes).
    Removing delay.o(i.delay_s), (24 bytes).
    Removing sys.o(.emb_text), (6 bytes).
    Removing sys.o(i.INTX_DISABLE), (4 bytes).
    Removing sys.o(i.INTX_ENABLE), (4 bytes).
    Removing sys.o(i.WFI_SET), (4 bytes).
    Removing led.o(i.LED_Init), (52 bytes).
    Removing lcd_st7735s.o(i.GUI_sprintf_hz1616), (216 bytes).
    Removing lcd_st7735s.o(i.GUI_sprintf_hz16x), (62 bytes).
    Removing lcd_st7735s.o(i.GUI_sprintf_hz3232), (220 bytes).
    Removing lcd_st7735s.o(i.GUI_sprintf_hz32x), (62 bytes).
    Removing lcd_st7735s.o(i.LCD_DisplayOff), (10 bytes).
    Removing lcd_st7735s.o(i.LCD_DisplayOn), (10 bytes).
    Removing lcd_st7735s.o(i.LCD_DrawFullCircle), (88 bytes).
    Removing lcd_st7735s.o(i.LCD_DrawLine), (172 bytes).
    Removing lcd_st7735s.o(i.LCD_DrawRectangle), (74 bytes).
    Removing lcd_st7735s.o(i.LCD_Draw_Circle), (170 bytes).
    Removing lcd_st7735s.o(i.LCD_Fast_DrawPoint), (16 bytes).
    Removing lcd_st7735s.o(i.LCD_Fill), (92 bytes).
    Removing lcd_st7735s.o(i.LCD_ShowFloatNum), (168 bytes).
    Removing lcd_st7735s.o(i.LCD_ShowHexNum), (168 bytes).
    Removing lcd_st7735s.o(i.LCD_ShowIntNum), (154 bytes).
    Removing lcd_st7735s.o(i.LCD_ShowSignedNum), (230 bytes).
    Removing lcd_st7735s.o(i.Lcd_ShowPature), (74 bytes).
    Removing lcd_st7735s.o(i.mypow), (22 bytes).
    Removing lcd_st7735s.o(.data), (656 bytes).
    Removing nrf24l01.o(i.NRF24L01_RxPacket), (52 bytes).
    Removing nrf24l01.o(i.RX_Mode), (88 bytes).
    Removing dvr.o(i.Convert_ADC_To_Voltage), (36 bytes).
    Removing dvr.o(i.Get_PowerVoltage_ADC), (12 bytes).
    Removing dvr.o(i.Mid_offset), (252 bytes).
    Removing compute.o(i.Analyze_data), (182 bytes).
    Removing compute.o(i.Byte_to_Float), (32 bytes).
    Removing compute.o(i.BytesToInt), (32 bytes).
    Removing compute.o(i.Float_to_Byte), (32 bytes).
    Removing compute.o(.data), (4 bytes).
    Removing event_groups.o(i.prvTestWaitCondition), (30 bytes).
    Removing event_groups.o(i.vEventGroupClearBitsCallback), (16 bytes).
    Removing event_groups.o(i.vEventGroupDelete), (42 bytes).
    Removing event_groups.o(i.vEventGroupSetBitsCallback), (16 bytes).
    Removing event_groups.o(i.xEventGroupClearBits), (32 bytes).
    Removing event_groups.o(i.xEventGroupCreate), (26 bytes).
    Removing event_groups.o(i.xEventGroupGetBitsFromISR), (44 bytes).
    Removing event_groups.o(i.xEventGroupSetBits), (146 bytes).
    Removing event_groups.o(i.xEventGroupSync), (168 bytes).
    Removing event_groups.o(i.xEventGroupWaitBits), (204 bytes).
    Removing list.o(i.vListInsertEnd), (24 bytes).
    Removing queue.o(i.uxQueueMessagesWaiting), (18 bytes).
    Removing queue.o(i.uxQueueMessagesWaitingFromISR), (8 bytes).
    Removing queue.o(i.uxQueueSpacesAvailable), (24 bytes).
    Removing queue.o(i.vQueueDelete), (14 bytes).
    Removing queue.o(i.xQueueGenericSendFromISR), (152 bytes).
    Removing queue.o(i.xQueueGiveFromISR), (132 bytes).
    Removing queue.o(i.xQueueIsQueueEmptyFromISR), (16 bytes).
    Removing queue.o(i.xQueueIsQueueFullFromISR), (22 bytes).
    Removing queue.o(i.xQueuePeek), (268 bytes).
    Removing queue.o(i.xQueuePeekFromISR), (74 bytes).
    Removing queue.o(i.xQueueReceiveFromISR), (140 bytes).
    Removing queue.o(i.xQueueSemaphoreTake), (240 bytes).
    Removing stream_buffer.o(i.prvBytesInBuffer), (24 bytes).
    Removing stream_buffer.o(i.prvInitialiseNewStreamBuffer), (42 bytes).
    Removing stream_buffer.o(i.prvReadBytesFromBuffer), (76 bytes).
    Removing stream_buffer.o(i.prvReadMessageFromBuffer), (90 bytes).
    Removing stream_buffer.o(i.prvWriteBytesToBuffer), (76 bytes).
    Removing stream_buffer.o(i.prvWriteMessageToBuffer), (88 bytes).
    Removing stream_buffer.o(i.vStreamBufferDelete), (32 bytes).
    Removing stream_buffer.o(i.xStreamBufferBytesAvailable), (18 bytes).
    Removing stream_buffer.o(i.xStreamBufferGenericCreate), (82 bytes).
    Removing stream_buffer.o(i.xStreamBufferIsEmpty), (22 bytes).
    Removing stream_buffer.o(i.xStreamBufferIsFull), (40 bytes).
    Removing stream_buffer.o(i.xStreamBufferNextMessageLengthBytes), (52 bytes).
    Removing stream_buffer.o(i.xStreamBufferReceive), (176 bytes).
    Removing stream_buffer.o(i.xStreamBufferReceiveCompletedFromISR), (80 bytes).
    Removing stream_buffer.o(i.xStreamBufferReceiveFromISR), (132 bytes).
    Removing stream_buffer.o(i.xStreamBufferReset), (56 bytes).
    Removing stream_buffer.o(i.xStreamBufferSend), (226 bytes).
    Removing stream_buffer.o(i.xStreamBufferSendCompletedFromISR), (80 bytes).
    Removing stream_buffer.o(i.xStreamBufferSendFromISR), (134 bytes).
    Removing stream_buffer.o(i.xStreamBufferSetTriggerLevel), (26 bytes).
    Removing stream_buffer.o(i.xStreamBufferSpacesAvailable), (40 bytes).
    Removing tasks.o(i.pcTaskGetName), (24 bytes).
    Removing tasks.o(i.prvTaskIsTaskSuspended), (64 bytes).
    Removing tasks.o(i.ulTaskGenericNotifyTake), (136 bytes).
    Removing tasks.o(i.ulTaskGenericNotifyValueClear), (64 bytes).
    Removing tasks.o(i.uxTaskGetNumberOfTasks), (12 bytes).
    Removing tasks.o(i.uxTaskPriorityGet), (36 bytes).
    Removing tasks.o(i.uxTaskPriorityGetFromISR), (56 bytes).
    Removing tasks.o(i.uxTaskResetEventItemValue), (28 bytes).
    Removing tasks.o(i.vTaskDelete), (212 bytes).
    Removing tasks.o(i.vTaskEndScheduler), (36 bytes).
    Removing tasks.o(i.vTaskGenericNotifyGiveFromISR), (336 bytes).
    Removing tasks.o(i.vTaskPlaceOnUnorderedEventList), (80 bytes).
    Removing tasks.o(i.vTaskPrioritySet), (284 bytes).
    Removing tasks.o(i.vTaskRemoveFromUnorderedEventList), (208 bytes).
    Removing tasks.o(i.vTaskResume), (172 bytes).
    Removing tasks.o(i.vTaskSetTimeOutState), (36 bytes).
    Removing tasks.o(i.vTaskSuspend), (216 bytes).
    Removing tasks.o(i.xTaskCatchUpTicks), (40 bytes).
    Removing tasks.o(i.xTaskDelayUntil), (116 bytes).
    Removing tasks.o(i.xTaskGenericNotify), (332 bytes).
    Removing tasks.o(i.xTaskGenericNotifyFromISR), (504 bytes).
    Removing tasks.o(i.xTaskGenericNotifyStateClear), (64 bytes).
    Removing tasks.o(i.xTaskGenericNotifyWait), (172 bytes).
    Removing tasks.o(i.xTaskGetCurrentTaskHandle), (12 bytes).
    Removing tasks.o(i.xTaskGetTickCount), (12 bytes).
    Removing tasks.o(i.xTaskGetTickCountFromISR), (12 bytes).
    Removing tasks.o(i.xTaskResumeFromISR), (216 bytes).
    Removing heap_4.o(i.pvPortCalloc), (54 bytes).
    Removing heap_4.o(i.vPortGetHeapStats), (128 bytes).
    Removing heap_4.o(i.vPortInitialiseBlocks), (2 bytes).
    Removing heap_4.o(i.xPortGetFreeHeapSize), (12 bytes).
    Removing heap_4.o(i.xPortGetMinimumEverFreeHeapSize), (12 bytes).
    Removing port.o(i.vPortEndScheduler), (2 bytes).
    Removing fmul.o(.text), (100 bytes).
    Removing fdiv.o(.text), (124 bytes).
    Removing ffltui.o(.text), (10 bytes).
    Removing ffixui.o(.text), (40 bytes).
    Removing fepilogue.o(.text), (110 bytes).

579 unused section(s) (total 30270 bytes) removed from the image.

==============================================================================

Image Symbol Table

    Local Symbols

    Symbol Name                              Value     Ov Type        Size  Object(Section)

    ../clib/microlib/init/entry.s            0x00000000   Number         0  entry11b.o ABSOLUTE
    ../clib/microlib/init/entry.s            0x00000000   Number         0  entry10a.o ABSOLUTE
    ../clib/microlib/init/entry.s            0x00000000   Number         0  entry8b.o ABSOLUTE
    ../clib/microlib/init/entry.s            0x00000000   Number         0  entry9a.o ABSOLUTE
    ../clib/microlib/init/entry.s            0x00000000   Number         0  entry9b.o ABSOLUTE
    ../clib/microlib/init/entry.s            0x00000000   Number         0  entry7a.o ABSOLUTE
    ../clib/microlib/init/entry.s            0x00000000   Number         0  entry10b.o ABSOLUTE
    ../clib/microlib/init/entry.s            0x00000000   Number         0  entry11a.o ABSOLUTE
    ../clib/microlib/init/entry.s            0x00000000   Number         0  entry7b.o ABSOLUTE
    ../clib/microlib/init/entry.s            0x00000000   Number         0  entry12b.o ABSOLUTE
    ../clib/microlib/init/entry.s            0x00000000   Number         0  entry12a.o ABSOLUTE
    ../clib/microlib/init/entry.s            0x00000000   Number         0  entry2.o ABSOLUTE
    ../clib/microlib/init/entry.s            0x00000000   Number         0  entry.o ABSOLUTE
    ../clib/microlib/init/entry.s            0x00000000   Number         0  entry8a.o ABSOLUTE
    ../clib/microlib/init/entry.s            0x00000000   Number         0  entry5.o ABSOLUTE
    ../clib/microlib/longlong.c              0x00000000   Number         0  llsshr.o ABSOLUTE
    ../clib/microlib/longlong.c              0x00000000   Number         0  llushr.o ABSOLUTE
    ../clib/microlib/longlong.c              0x00000000   Number         0  llshl.o ABSOLUTE
    ../clib/microlib/string/memcpy.c         0x00000000   Number         0  memcpya.o ABSOLUTE
    ../clib/microlib/string/memcpy.c         0x00000000   Number         0  memcpyb.o ABSOLUTE
    ../clib/microlib/string/memset.c         0x00000000   Number         0  memseta.o ABSOLUTE
    ../clib/microlib/stubs.s                 0x00000000   Number         0  iusefp.o ABSOLUTE
    ../fplib/microlib/fpadd.c                0x00000000   Number         0  dadd.o ABSOLUTE
    ../fplib/microlib/fpdiv.c                0x00000000   Number         0  fdiv.o ABSOLUTE
    ../fplib/microlib/fpepilogue.c           0x00000000   Number         0  depilogue.o ABSOLUTE
    ../fplib/microlib/fpepilogue.c           0x00000000   Number         0  fepilogue.o ABSOLUTE
    ../fplib/microlib/fpfix.c                0x00000000   Number         0  dfixi.o ABSOLUTE
    ../fplib/microlib/fpfix.c                0x00000000   Number         0  ffixui.o ABSOLUTE
    ../fplib/microlib/fpflt.c                0x00000000   Number         0  dfltui.o ABSOLUTE
    ../fplib/microlib/fpflt.c                0x00000000   Number         0  ffltui.o ABSOLUTE
    ../fplib/microlib/fpflt.c                0x00000000   Number         0  dflti.o ABSOLUTE
    ../fplib/microlib/fpmul.c                0x00000000   Number         0  fmul.o ABSOLUTE
    ../fplib/microlib/fpmul.c                0x00000000   Number         0  dmul.o ABSOLUTE
    FreeRTOS\\portable\\RVDS\\ARM_CM3\\port.c 0x00000000   Number         0  port.o ABSOLUTE
    FreeRTOS\croutine.c                      0x00000000   Number         0  croutine.o ABSOLUTE
    FreeRTOS\event_groups.c                  0x00000000   Number         0  event_groups.o ABSOLUTE
    FreeRTOS\list.c                          0x00000000   Number         0  list.o ABSOLUTE
    FreeRTOS\portable\MemMang\heap_4.c       0x00000000   Number         0  heap_4.o ABSOLUTE
    FreeRTOS\portable\RVDS\ARM_CM3\port.c    0x00000000   Number         0  port.o ABSOLUTE
    FreeRTOS\queue.c                         0x00000000   Number         0  queue.o ABSOLUTE
    FreeRTOS\stream_buffer.c                 0x00000000   Number         0  stream_buffer.o ABSOLUTE
    FreeRTOS\tasks.c                         0x00000000   Number         0  tasks.o ABSOLUTE
    FreeRTOS\timers.c                        0x00000000   Number         0  timers.o ABSOLUTE
    Haedware\LCD_ST7735S.c                   0x00000000   Number         0  lcd_st7735s.o ABSOLUTE
    Haedware\LED.c                           0x00000000   Number         0  led.o ABSOLUTE
    Haedware\compute.c                       0x00000000   Number         0  compute.o ABSOLUTE
    Haedware\dvr.c                           0x00000000   Number         0  dvr.o ABSOLUTE
    Haedware\key.c                           0x00000000   Number         0  key.o ABSOLUTE
    Haedware\nrf24l01.c                      0x00000000   Number         0  nrf24l01.o ABSOLUTE
    Library\misc.c                           0x00000000   Number         0  misc.o ABSOLUTE
    Library\stm32f10x_adc.c                  0x00000000   Number         0  stm32f10x_adc.o ABSOLUTE
    Library\stm32f10x_bkp.c                  0x00000000   Number         0  stm32f10x_bkp.o ABSOLUTE
    Library\stm32f10x_can.c                  0x00000000   Number         0  stm32f10x_can.o ABSOLUTE
    Library\stm32f10x_cec.c                  0x00000000   Number         0  stm32f10x_cec.o ABSOLUTE
    Library\stm32f10x_crc.c                  0x00000000   Number         0  stm32f10x_crc.o ABSOLUTE
    Library\stm32f10x_dac.c                  0x00000000   Number         0  stm32f10x_dac.o ABSOLUTE
    Library\stm32f10x_dbgmcu.c               0x00000000   Number         0  stm32f10x_dbgmcu.o ABSOLUTE
    Library\stm32f10x_dma.c                  0x00000000   Number         0  stm32f10x_dma.o ABSOLUTE
    Library\stm32f10x_exti.c                 0x00000000   Number         0  stm32f10x_exti.o ABSOLUTE
    Library\stm32f10x_flash.c                0x00000000   Number         0  stm32f10x_flash.o ABSOLUTE
    Library\stm32f10x_fsmc.c                 0x00000000   Number         0  stm32f10x_fsmc.o ABSOLUTE
    Library\stm32f10x_gpio.c                 0x00000000   Number         0  stm32f10x_gpio.o ABSOLUTE
    Library\stm32f10x_i2c.c                  0x00000000   Number         0  stm32f10x_i2c.o ABSOLUTE
    Library\stm32f10x_iwdg.c                 0x00000000   Number         0  stm32f10x_iwdg.o ABSOLUTE
    Library\stm32f10x_pwr.c                  0x00000000   Number         0  stm32f10x_pwr.o ABSOLUTE
    Library\stm32f10x_rcc.c                  0x00000000   Number         0  stm32f10x_rcc.o ABSOLUTE
    Library\stm32f10x_rtc.c                  0x00000000   Number         0  stm32f10x_rtc.o ABSOLUTE
    Library\stm32f10x_sdio.c                 0x00000000   Number         0  stm32f10x_sdio.o ABSOLUTE
    Library\stm32f10x_spi.c                  0x00000000   Number         0  stm32f10x_spi.o ABSOLUTE
    Library\stm32f10x_tim.c                  0x00000000   Number         0  stm32f10x_tim.o ABSOLUTE
    Library\stm32f10x_usart.c                0x00000000   Number         0  stm32f10x_usart.o ABSOLUTE
    Library\stm32f10x_wwdg.c                 0x00000000   Number         0  stm32f10x_wwdg.o ABSOLUTE
    Start\\core_cm3.c                        0x00000000   Number         0  core_cm3.o ABSOLUTE
    Start\core_cm3.c                         0x00000000   Number         0  core_cm3.o ABSOLUTE
    Start\startup_stm32f10x_md.s             0x00000000   Number         0  startup_stm32f10x_md.o ABSOLUTE
    Start\system_stm32f10x.c                 0x00000000   Number         0  system_stm32f10x.o ABSOLUTE
    System\\sys.c                            0x00000000   Number         0  sys.o ABSOLUTE
    System\delay.c                           0x00000000   Number         0  delay.o ABSOLUTE
    System\sys.c                             0x00000000   Number         0  sys.o ABSOLUTE
    User\freertos_demo.c                     0x00000000   Number         0  freertos_demo.o ABSOLUTE
    User\main.c                              0x00000000   Number         0  main.o ABSOLUTE
    User\stm32f10x_it.c                      0x00000000   Number         0  stm32f10x_it.o ABSOLUTE
    dc.s                                     0x00000000   Number         0  dc.o ABSOLUTE
    handlers.s                               0x00000000   Number         0  handlers.o ABSOLUTE
    init.s                                   0x00000000   Number         0  init.o ABSOLUTE
    RESET                                    0x08000000   Section      236  startup_stm32f10x_md.o(RESET)
    .ARM.Collect$$$$00000000                 0x080000ec   Section        0  entry.o(.ARM.Collect$$$$00000000)
    .ARM.Collect$$$$00000001                 0x080000ec   Section        4  entry2.o(.ARM.Collect$$$$00000001)
    .ARM.Collect$$$$00000004                 0x080000f0   Section        4  entry5.o(.ARM.Collect$$$$00000004)
    .ARM.Collect$$$$00000008                 0x080000f4   Section        0  entry7b.o(.ARM.Collect$$$$00000008)
    .ARM.Collect$$$$0000000A                 0x080000f4   Section        0  entry8b.o(.ARM.Collect$$$$0000000A)
    .ARM.Collect$$$$0000000B                 0x080000f4   Section        8  entry9a.o(.ARM.Collect$$$$0000000B)
    .ARM.Collect$$$$0000000E                 0x080000fc   Section        4  entry12b.o(.ARM.Collect$$$$0000000E)
    .ARM.Collect$$$$0000000F                 0x08000100   Section        0  entry10a.o(.ARM.Collect$$$$0000000F)
    .ARM.Collect$$$$00000011                 0x08000100   Section        0  entry11a.o(.ARM.Collect$$$$00000011)
    .ARM.Collect$$$$00002712                 0x08000100   Section        4  entry2.o(.ARM.Collect$$$$00002712)
    __lit__00000000                          0x08000100   Data           4  entry2.o(.ARM.Collect$$$$00002712)
    .emb_text                                0x08000104   Section      150  port.o(.emb_text)
    .text                                    0x0800019c   Section       36  startup_stm32f10x_md.o(.text)
    .text                                    0x080001c0   Section        0  memcpya.o(.text)
    .text                                    0x080001e4   Section        0  memseta.o(.text)
    .text                                    0x08000208   Section        0  dadd.o(.text)
    .text                                    0x08000356   Section        0  dmul.o(.text)
    .text                                    0x0800043a   Section        0  dflti.o(.text)
    .text                                    0x0800045c   Section        0  dfltui.o(.text)
    .text                                    0x08000476   Section        0  dfixi.o(.text)
    .text                                    0x080004b4   Section        0  llshl.o(.text)
    .text                                    0x080004d2   Section        0  llushr.o(.text)
    .text                                    0x080004f2   Section        0  llsshr.o(.text)
    .text                                    0x08000516   Section        0  iusefp.o(.text)
    .text                                    0x08000516   Section        0  depilogue.o(.text)
    .text                                    0x080005d0   Section       36  init.o(.text)
    i.ADC_Cmd                                0x080005f4   Section        0  stm32f10x_adc.o(i.ADC_Cmd)
    i.ADC_DVR_SCAN                           0x0800060c   Section        0  dvr.o(i.ADC_DVR_SCAN)
    i.ADC_GetCalibrationStatus               0x0800074c   Section        0  stm32f10x_adc.o(i.ADC_GetCalibrationStatus)
    i.ADC_GetConversionValue                 0x08000760   Section        0  stm32f10x_adc.o(i.ADC_GetConversionValue)
    i.ADC_GetFlagStatus                      0x08000768   Section        0  stm32f10x_adc.o(i.ADC_GetFlagStatus)
    i.ADC_GetResetCalibrationStatus          0x0800077a   Section        0  stm32f10x_adc.o(i.ADC_GetResetCalibrationStatus)
    i.ADC_Init                               0x08000790   Section        0  stm32f10x_adc.o(i.ADC_Init)
    i.ADC_RegularChannelConfig               0x080007e0   Section        0  stm32f10x_adc.o(i.ADC_RegularChannelConfig)
    i.ADC_ResetCalibration                   0x08000898   Section        0  stm32f10x_adc.o(i.ADC_ResetCalibration)
    i.ADC_SoftwareStartConvCmd               0x080008a2   Section        0  stm32f10x_adc.o(i.ADC_SoftwareStartConvCmd)
    i.ADC_StartCalibration                   0x080008b8   Section        0  stm32f10x_adc.o(i.ADC_StartCalibration)
    i.BusFault_Handler                       0x080008c2   Section        0  stm32f10x_it.o(i.BusFault_Handler)
    i.DebugMon_Handler                       0x080008c6   Section        0  stm32f10x_it.o(i.DebugMon_Handler)
    i.Delay                                  0x080008c8   Section        0  nrf24l01.o(i.Delay)
    i.Dvr_Limit                              0x080008da   Section        0  dvr.o(i.Dvr_Limit)
    i.Dvr_Mid_Limit                          0x0800098c   Section        0  dvr.o(i.Dvr_Mid_Limit)
    i.GPIO_Init                              0x08000a06   Section        0  stm32f10x_gpio.o(i.GPIO_Init)
    i.GPIO_ReadInputDataBit                  0x08000b1c   Section        0  stm32f10x_gpio.o(i.GPIO_ReadInputDataBit)
    i.GPIO_ResetBits                         0x08000b2e   Section        0  stm32f10x_gpio.o(i.GPIO_ResetBits)
    i.GPIO_SetBits                           0x08000b32   Section        0  stm32f10x_gpio.o(i.GPIO_SetBits)
    i.Get_Joystick_PIT_ADC                   0x08000b36   Section        0  dvr.o(i.Get_Joystick_PIT_ADC)
    i.Get_Joystick_ROL_ADC                   0x08000b42   Section        0  dvr.o(i.Get_Joystick_ROL_ADC)
    i.Get_Joystick_THR_ADC                   0x08000b4e   Section        0  dvr.o(i.Get_Joystick_THR_ADC)
    i.Get_Joystick_YAW_ADC                   0x08000b5a   Section        0  dvr.o(i.Get_Joystick_YAW_ADC)
    i.HardFault_Handler                      0x08000b66   Section        0  stm32f10x_it.o(i.HardFault_Handler)
    i.Init_NRF24L01                          0x08000b6c   Section        0  nrf24l01.o(i.Init_NRF24L01)
    i.Key_Init                               0x08000bfc   Section        0  key.o(i.Key_Init)
    i.LCD_DrawPoint                          0x08000c50   Section        0  lcd_st7735s.o(i.LCD_DrawPoint)
    i.LCD_ShowChar                           0x08000c6c   Section        0  lcd_st7735s.o(i.LCD_ShowChar)
    i.LCD_ShowString                         0x08000d80   Section        0  lcd_st7735s.o(i.LCD_ShowString)
    i.LED_R                                  0x08000dec   Section        0  led.o(i.LED_R)
    i.MemManage_Handler                      0x08000e14   Section        0  stm32f10x_it.o(i.MemManage_Handler)
    i.NMI_Handler                            0x08000e18   Section        0  stm32f10x_it.o(i.NMI_Handler)
    i.NRF24L01_Check                         0x08000e1c   Section        0  nrf24l01.o(i.NRF24L01_Check)
    i.NRF24L01_Read_Buf                      0x08000e68   Section        0  nrf24l01.o(i.NRF24L01_Read_Buf)
    i.NRF24L01_Read_Reg                      0x08000ea8   Section        0  nrf24l01.o(i.NRF24L01_Read_Reg)
    i.NRF24L01_TxPacket                      0x08000ed4   Section        0  nrf24l01.o(i.NRF24L01_TxPacket)
    i.NRF24L01_Write_Buf                     0x08000f3c   Section        0  nrf24l01.o(i.NRF24L01_Write_Buf)
    i.NRF24L01_Write_Reg                     0x08000f7c   Section        0  nrf24l01.o(i.NRF24L01_Write_Reg)
    i.Power_Init                             0x08000fa8   Section        0  dvr.o(i.Power_Init)
    i.RCC_APB2PeriphClockCmd                 0x08001048   Section        0  stm32f10x_rcc.o(i.RCC_APB2PeriphClockCmd)
    i.Read_ADC                               0x08001068   Section        0  dvr.o(i.Read_ADC)
    i.SPI_ReadWriteByte                      0x0800109c   Section        0  nrf24l01.o(i.SPI_ReadWriteByte)
    i.Send_ADC_Data                          0x080010fc   Section        0  freertos_demo.o(i.Send_ADC_Data)
    i.SetSysClock                            0x080011a4   Section        0  system_stm32f10x.o(i.SetSysClock)
    SetSysClock                              0x080011a5   Thumb Code     8  system_stm32f10x.o(i.SetSysClock)
    i.SetSysClockTo72                        0x080011ac   Section        0  system_stm32f10x.o(i.SetSysClockTo72)
    SetSysClockTo72                          0x080011ad   Thumb Code   214  system_stm32f10x.o(i.SetSysClockTo72)
    i.SysTick_CLKSourceConfig                0x0800128c   Section        0  misc.o(i.SysTick_CLKSourceConfig)
    i.SysTick_Handler                        0x080012b4   Section        0  port.o(i.SysTick_Handler)
    i.SystemInit                             0x080012e8   Section        0  system_stm32f10x.o(i.SystemInit)
    i.TX_Mode                                0x08001348   Section        0  nrf24l01.o(i.TX_Mode)
    i.Task_Dvr_Get_data                      0x080013ac   Section        0  freertos_demo.o(i.Task_Dvr_Get_data)
    i.Task_NRF_TX                            0x080013c0   Section        0  freertos_demo.o(i.Task_NRF_TX)
    i.UsageFault_Handler                     0x08001414   Section        0  stm32f10x_it.o(i.UsageFault_Handler)
    i.__scatterload_copy                     0x08001418   Section       14  handlers.o(i.__scatterload_copy)
    i.__scatterload_null                     0x08001426   Section        2  handlers.o(i.__scatterload_null)
    i.__scatterload_zeroinit                 0x08001428   Section       14  handlers.o(i.__scatterload_zeroinit)
    i.delay_init                             0x08001438   Section        0  delay.o(i.delay_init)
    i.delay_ms                               0x0800147c   Section        0  delay.o(i.delay_ms)
    i.delay_us                               0x08001494   Section        0  delay.o(i.delay_us)
    i.lcdClear                               0x080014dc   Section        0  lcd_st7735s.o(i.lcdClear)
    i.lcdGpioInit                            0x0800150c   Section        0  lcd_st7735s.o(i.lcdGpioInit)
    i.lcdInit                                0x0800156c   Section        0  lcd_st7735s.o(i.lcdInit)
    i.lcdSelectRegister                      0x08001778   Section        0  lcd_st7735s.o(i.lcdSelectRegister)
    i.lcdSetAddress                          0x080017e4   Section        0  lcd_st7735s.o(i.lcdSetAddress)
    i.lcdWriteDataU16                        0x08001836   Section        0  lcd_st7735s.o(i.lcdWriteDataU16)
    i.lcdWriteDataU8                         0x08001848   Section        0  lcd_st7735s.o(i.lcdWriteDataU8)
    i.main                                   0x080018b4   Section        0  main.o(i.main)
    i.prvAddCurrentTaskToDelayedList         0x080019c8   Section        0  tasks.o(i.prvAddCurrentTaskToDelayedList)
    prvAddCurrentTaskToDelayedList           0x080019c9   Thumb Code   164  tasks.o(i.prvAddCurrentTaskToDelayedList)
    i.prvAddNewTaskToReadyList               0x08001a88   Section        0  tasks.o(i.prvAddNewTaskToReadyList)
    prvAddNewTaskToReadyList                 0x08001a89   Thumb Code   200  tasks.o(i.prvAddNewTaskToReadyList)
    i.prvCheckTasksWaitingTermination        0x08001b6c   Section        0  tasks.o(i.prvCheckTasksWaitingTermination)
    prvCheckTasksWaitingTermination          0x08001b6d   Thumb Code    60  tasks.o(i.prvCheckTasksWaitingTermination)
    i.prvCopyDataFromQueue                   0x08001bb4   Section        0  queue.o(i.prvCopyDataFromQueue)
    prvCopyDataFromQueue                     0x08001bb5   Thumb Code    42  queue.o(i.prvCopyDataFromQueue)
    i.prvCopyDataToQueue                     0x08001bde   Section        0  queue.o(i.prvCopyDataToQueue)
    prvCopyDataToQueue                       0x08001bdf   Thumb Code   106  queue.o(i.prvCopyDataToQueue)
    i.prvDeleteTCB                           0x08001c48   Section        0  tasks.o(i.prvDeleteTCB)
    prvDeleteTCB                             0x08001c49   Thumb Code    18  tasks.o(i.prvDeleteTCB)
    i.prvHeapInit                            0x08001c5c   Section        0  heap_4.o(i.prvHeapInit)
    prvHeapInit                              0x08001c5d   Thumb Code    90  heap_4.o(i.prvHeapInit)
    i.prvIdleTask                            0x08001ccc   Section        0  tasks.o(i.prvIdleTask)
    prvIdleTask                              0x08001ccd   Thumb Code    32  tasks.o(i.prvIdleTask)
    i.prvInitialiseNewQueue                  0x08001cf4   Section        0  queue.o(i.prvInitialiseNewQueue)
    prvInitialiseNewQueue                    0x08001cf5   Thumb Code    38  queue.o(i.prvInitialiseNewQueue)
    i.prvInitialiseNewTask                   0x08001d1a   Section        0  tasks.o(i.prvInitialiseNewTask)
    prvInitialiseNewTask                     0x08001d1b   Thumb Code   122  tasks.o(i.prvInitialiseNewTask)
    i.prvInitialiseTaskLists                 0x08001d94   Section        0  tasks.o(i.prvInitialiseTaskLists)
    prvInitialiseTaskLists                   0x08001d95   Thumb Code    70  tasks.o(i.prvInitialiseTaskLists)
    i.prvInsertBlockIntoFreeList             0x08001dfc   Section        0  heap_4.o(i.prvInsertBlockIntoFreeList)
    prvInsertBlockIntoFreeList               0x08001dfd   Thumb Code    96  heap_4.o(i.prvInsertBlockIntoFreeList)
    i.prvIsQueueEmpty                        0x08001e64   Section        0  queue.o(i.prvIsQueueEmpty)
    prvIsQueueEmpty                          0x08001e65   Thumb Code    26  queue.o(i.prvIsQueueEmpty)
    i.prvIsQueueFull                         0x08001e7e   Section        0  queue.o(i.prvIsQueueFull)
    prvIsQueueFull                           0x08001e7f   Thumb Code    30  queue.o(i.prvIsQueueFull)
    i.prvResetNextTaskUnblockTime            0x08001e9c   Section        0  tasks.o(i.prvResetNextTaskUnblockTime)
    prvResetNextTaskUnblockTime              0x08001e9d   Thumb Code    40  tasks.o(i.prvResetNextTaskUnblockTime)
    i.prvTaskExitError                       0x08001ecc   Section        0  port.o(i.prvTaskExitError)
    prvTaskExitError                         0x08001ecd   Thumb Code    22  port.o(i.prvTaskExitError)
    i.prvUnlockQueue                         0x08001ee2   Section        0  queue.o(i.prvUnlockQueue)
    prvUnlockQueue                           0x08001ee3   Thumb Code   126  queue.o(i.prvUnlockQueue)
    i.pvPortMalloc                           0x08001f60   Section        0  heap_4.o(i.pvPortMalloc)
    i.pxPortInitialiseStack                  0x08002044   Section        0  port.o(i.pxPortInitialiseStack)
    i.uxListRemove                           0x08002068   Section        0  list.o(i.uxListRemove)
    i.vListInitialise                        0x08002090   Section        0  list.o(i.vListInitialise)
    i.vListInitialiseItem                    0x080020aa   Section        0  list.o(i.vListInitialiseItem)
    i.vListInsert                            0x080020b0   Section        0  list.o(i.vListInsert)
    i.vPortEnterCritical                     0x080020e4   Section        0  port.o(i.vPortEnterCritical)
    i.vPortExitCritical                      0x08002108   Section        0  port.o(i.vPortExitCritical)
    i.vPortFree                              0x08002128   Section        0  heap_4.o(i.vPortFree)
    i.vPortSetupTimerInterrupt               0x08002174   Section        0  port.o(i.vPortSetupTimerInterrupt)
    i.vTaskDelay                             0x0800218c   Section        0  tasks.o(i.vTaskDelay)
    i.vTaskInternalSetTimeOutState           0x080021c0   Section        0  tasks.o(i.vTaskInternalSetTimeOutState)
    i.vTaskMissedYield                       0x080021d8   Section        0  tasks.o(i.vTaskMissedYield)
    i.vTaskPlaceOnEventList                  0x080021e4   Section        0  tasks.o(i.vTaskPlaceOnEventList)
    i.vTaskStartScheduler                    0x08002204   Section        0  tasks.o(i.vTaskStartScheduler)
    i.vTaskSuspendAll                        0x08002270   Section        0  tasks.o(i.vTaskSuspendAll)
    i.vTaskSwitchContext                     0x08002280   Section        0  tasks.o(i.vTaskSwitchContext)
    i.window_field                           0x080022e0   Section        0  dvr.o(i.window_field)
    i.xPortStartScheduler                    0x08002414   Section        0  port.o(i.xPortStartScheduler)
    i.xQueueGenericCreate                    0x08002448   Section        0  queue.o(i.xQueueGenericCreate)
    i.xQueueGenericReset                     0x08002494   Section        0  queue.o(i.xQueueGenericReset)
    i.xQueueGenericSend                      0x08002534   Section        0  queue.o(i.xQueueGenericSend)
    i.xQueueReceive                          0x0800264c   Section        0  queue.o(i.xQueueReceive)
    i.xTaskCheckForTimeOut                   0x08002750   Section        0  tasks.o(i.xTaskCheckForTimeOut)
    i.xTaskCreate                            0x080027b0   Section        0  tasks.o(i.xTaskCreate)
    i.xTaskIncrementTick                     0x08002818   Section        0  tasks.o(i.xTaskIncrementTick)
    i.xTaskRemoveFromEventList               0x080029a8   Section        0  tasks.o(i.xTaskRemoveFromEventList)
    i.xTaskResumeAll                         0x08002ab0   Section        0  tasks.o(i.xTaskResumeAll)
    .constdata                               0x08002c0c   Section     6097  lcd_st7735s.o(.constdata)
    hex                                      0x080043cc   Data          17  lcd_st7735s.o(.constdata)
    .constdata                               0x080043dd   Section       15  nrf24l01.o(.constdata)
    .data                                    0x20000000   Section       20  system_stm32f10x.o(.data)
    .data                                    0x20000014   Section       16  main.o(.data)
    .data                                    0x20000024   Section        8  freertos_demo.o(.data)
    .data                                    0x2000002c   Section        1  delay.o(.data)
    g_fac_us                                 0x2000002c   Data           1  delay.o(.data)
    .data                                    0x2000002d   Section        5  key.o(.data)
    .data                                    0x20000032   Section       30  dvr.o(.data)
    count                                    0x20000042   Data           2  dvr.o(.data)
    key_count                                0x20000044   Data           2  dvr.o(.data)
    sum_thr                                  0x20000046   Data           2  dvr.o(.data)
    sum_roll                                 0x20000048   Data           2  dvr.o(.data)
    sum_pit                                  0x2000004a   Data           2  dvr.o(.data)
    sum_yaw                                  0x2000004c   Data           2  dvr.o(.data)
    count                                    0x2000004e   Data           2  dvr.o(.data)
    .data                                    0x20000050   Section       64  tasks.o(.data)
    pxDelayedTaskList                        0x20000054   Data           4  tasks.o(.data)
    pxOverflowDelayedTaskList                0x20000058   Data           4  tasks.o(.data)
    uxDeletedTasksWaitingCleanUp             0x2000005c   Data           4  tasks.o(.data)
    uxCurrentNumberOfTasks                   0x20000060   Data           4  tasks.o(.data)
    xTickCount                               0x20000064   Data           4  tasks.o(.data)
    uxTopReadyPriority                       0x20000068   Data           4  tasks.o(.data)
    xSchedulerRunning                        0x2000006c   Data           4  tasks.o(.data)
    xPendedTicks                             0x20000070   Data           4  tasks.o(.data)
    xYieldPending                            0x20000074   Data           4  tasks.o(.data)
    xNumOfOverflows                          0x20000078   Data           4  tasks.o(.data)
    uxTaskNumber                             0x2000007c   Data           4  tasks.o(.data)
    xNextTaskUnblockTime                     0x20000080   Data           4  tasks.o(.data)
    xIdleTaskHandle                          0x20000084   Data           4  tasks.o(.data)
    uxSchedulerSuspended                     0x2000008c   Data           4  tasks.o(.data)
    .data                                    0x20000090   Section       28  heap_4.o(.data)
    xStart                                   0x20000090   Data           8  heap_4.o(.data)
    pxEnd                                    0x20000098   Data           4  heap_4.o(.data)
    xFreeBytesRemaining                      0x2000009c   Data           4  heap_4.o(.data)
    xMinimumEverFreeBytesRemaining           0x200000a0   Data           4  heap_4.o(.data)
    xNumberOfSuccessfulAllocations           0x200000a4   Data           4  heap_4.o(.data)
    xNumberOfSuccessfulFrees                 0x200000a8   Data           4  heap_4.o(.data)
    .data                                    0x200000ac   Section        4  port.o(.data)
    uxCriticalNesting                        0x200000ac   Data           4  port.o(.data)
    .bss                                     0x200000b0   Section      144  dvr.o(.bss)
    .bss                                     0x20000140   Section      200  tasks.o(.bss)
    pxReadyTasksLists                        0x20000140   Data         100  tasks.o(.bss)
    xDelayedTaskList1                        0x200001a4   Data          20  tasks.o(.bss)
    xDelayedTaskList2                        0x200001b8   Data          20  tasks.o(.bss)
    xPendingReadyList                        0x200001cc   Data          20  tasks.o(.bss)
    xTasksWaitingTermination                 0x200001e0   Data          20  tasks.o(.bss)
    xSuspendedTaskList                       0x200001f4   Data          20  tasks.o(.bss)
    .bss                                     0x20000208   Section    15360  heap_4.o(.bss)
    ucHeap                                   0x20000208   Data       15360  heap_4.o(.bss)
    STACK                                    0x20003e08   Section     1024  startup_stm32f10x_md.o(STACK)

    Global Symbols

    Symbol Name                              Value     Ov Type        Size  Object(Section)

    BuildAttributes$$THM_ISAv4$P$D$K$B$S$PE$A:L22UL41UL21$X:L11$S22US41US21$IEEE1$IW$USESV6$~STKCKD$USESV7$~SHL$OTIME$ROPI$EBA8$MICROLIB$REQ8$PRES8$EABIv2 0x00000000   Number         0  anon$$obj.o ABSOLUTE
    __ARM_use_no_argv                        0x00000000   Number         0  main.o ABSOLUTE
    __arm_fini_                               - Undefined Weak Reference
    __cpp_initialize__aeabi_                  - Undefined Weak Reference
    __cxa_finalize                            - Undefined Weak Reference
    __decompress                              - Undefined Weak Reference
    _clock_init                               - Undefined Weak Reference
    _microlib_exit                            - Undefined Weak Reference
    __Vectors_Size                           0x000000ec   Number         0  startup_stm32f10x_md.o ABSOLUTE
    __Vectors                                0x08000000   Data           4  startup_stm32f10x_md.o(RESET)
    __Vectors_End                            0x080000ec   Data           0  startup_stm32f10x_md.o(RESET)
    __main                                   0x080000ed   Thumb Code     0  entry.o(.ARM.Collect$$$$00000000)
    _main_stk                                0x080000ed   Thumb Code     0  entry2.o(.ARM.Collect$$$$00000001)
    _main_scatterload                        0x080000f1   Thumb Code     0  entry5.o(.ARM.Collect$$$$00000004)
    __main_after_scatterload                 0x080000f5   Thumb Code     0  entry5.o(.ARM.Collect$$$$00000004)
    _main_clock                              0x080000f5   Thumb Code     0  entry7b.o(.ARM.Collect$$$$00000008)
    _main_cpp_init                           0x080000f5   Thumb Code     0  entry8b.o(.ARM.Collect$$$$0000000A)
    _main_init                               0x080000f5   Thumb Code     0  entry9a.o(.ARM.Collect$$$$0000000B)
    __rt_lib_shutdown_fini                   0x080000fd   Thumb Code     0  entry12b.o(.ARM.Collect$$$$0000000E)
    __rt_final_cpp                           0x08000101   Thumb Code     0  entry10a.o(.ARM.Collect$$$$0000000F)
    __rt_final_exit                          0x08000101   Thumb Code     0  entry11a.o(.ARM.Collect$$$$00000011)
    SVC_Handler                              0x08000105   Thumb Code    32  port.o(.emb_text)
    __asm___6_port_c_39a90d8d__prvStartFirstTask 0x08000129   Thumb Code    28  port.o(.emb_text)
    PendSV_Handler                           0x08000149   Thumb Code    72  port.o(.emb_text)
    vPortGetIPSR                             0x08000195   Thumb Code     6  port.o(.emb_text)
    Reset_Handler                            0x0800019d   Thumb Code     8  startup_stm32f10x_md.o(.text)
    ADC1_2_IRQHandler                        0x080001b7   Thumb Code     0  startup_stm32f10x_md.o(.text)
    CAN1_RX1_IRQHandler                      0x080001b7   Thumb Code     0  startup_stm32f10x_md.o(.text)
    CAN1_SCE_IRQHandler                      0x080001b7   Thumb Code     0  startup_stm32f10x_md.o(.text)
    DMA1_Channel1_IRQHandler                 0x080001b7   Thumb Code     0  startup_stm32f10x_md.o(.text)
    DMA1_Channel2_IRQHandler                 0x080001b7   Thumb Code     0  startup_stm32f10x_md.o(.text)
    DMA1_Channel3_IRQHandler                 0x080001b7   Thumb Code     0  startup_stm32f10x_md.o(.text)
    DMA1_Channel4_IRQHandler                 0x080001b7   Thumb Code     0  startup_stm32f10x_md.o(.text)
    DMA1_Channel5_IRQHandler                 0x080001b7   Thumb Code     0  startup_stm32f10x_md.o(.text)
    DMA1_Channel6_IRQHandler                 0x080001b7   Thumb Code     0  startup_stm32f10x_md.o(.text)
    DMA1_Channel7_IRQHandler                 0x080001b7   Thumb Code     0  startup_stm32f10x_md.o(.text)
    EXTI0_IRQHandler                         0x080001b7   Thumb Code     0  startup_stm32f10x_md.o(.text)
    EXTI15_10_IRQHandler                     0x080001b7   Thumb Code     0  startup_stm32f10x_md.o(.text)
    EXTI1_IRQHandler                         0x080001b7   Thumb Code     0  startup_stm32f10x_md.o(.text)
    EXTI2_IRQHandler                         0x080001b7   Thumb Code     0  startup_stm32f10x_md.o(.text)
    EXTI3_IRQHandler                         0x080001b7   Thumb Code     0  startup_stm32f10x_md.o(.text)
    EXTI4_IRQHandler                         0x080001b7   Thumb Code     0  startup_stm32f10x_md.o(.text)
    EXTI9_5_IRQHandler                       0x080001b7   Thumb Code     0  startup_stm32f10x_md.o(.text)
    FLASH_IRQHandler                         0x080001b7   Thumb Code     0  startup_stm32f10x_md.o(.text)
    I2C1_ER_IRQHandler                       0x080001b7   Thumb Code     0  startup_stm32f10x_md.o(.text)
    I2C1_EV_IRQHandler                       0x080001b7   Thumb Code     0  startup_stm32f10x_md.o(.text)
    I2C2_ER_IRQHandler                       0x080001b7   Thumb Code     0  startup_stm32f10x_md.o(.text)
    I2C2_EV_IRQHandler                       0x080001b7   Thumb Code     0  startup_stm32f10x_md.o(.text)
    PVD_IRQHandler                           0x080001b7   Thumb Code     0  startup_stm32f10x_md.o(.text)
    RCC_IRQHandler                           0x080001b7   Thumb Code     0  startup_stm32f10x_md.o(.text)
    RTCAlarm_IRQHandler                      0x080001b7   Thumb Code     0  startup_stm32f10x_md.o(.text)
    RTC_IRQHandler                           0x080001b7   Thumb Code     0  startup_stm32f10x_md.o(.text)
    SPI1_IRQHandler                          0x080001b7   Thumb Code     0  startup_stm32f10x_md.o(.text)
    SPI2_IRQHandler                          0x080001b7   Thumb Code     0  startup_stm32f10x_md.o(.text)
    TAMPER_IRQHandler                        0x080001b7   Thumb Code     0  startup_stm32f10x_md.o(.text)
    TIM1_BRK_IRQHandler                      0x080001b7   Thumb Code     0  startup_stm32f10x_md.o(.text)
    TIM1_CC_IRQHandler                       0x080001b7   Thumb Code     0  startup_stm32f10x_md.o(.text)
    TIM1_TRG_COM_IRQHandler                  0x080001b7   Thumb Code     0  startup_stm32f10x_md.o(.text)
    TIM1_UP_IRQHandler                       0x080001b7   Thumb Code     0  startup_stm32f10x_md.o(.text)
    TIM2_IRQHandler                          0x080001b7   Thumb Code     0  startup_stm32f10x_md.o(.text)
    TIM3_IRQHandler                          0x080001b7   Thumb Code     0  startup_stm32f10x_md.o(.text)
    TIM4_IRQHandler                          0x080001b7   Thumb Code     0  startup_stm32f10x_md.o(.text)
    USART1_IRQHandler                        0x080001b7   Thumb Code     0  startup_stm32f10x_md.o(.text)
    USART2_IRQHandler                        0x080001b7   Thumb Code     0  startup_stm32f10x_md.o(.text)
    USART3_IRQHandler                        0x080001b7   Thumb Code     0  startup_stm32f10x_md.o(.text)
    USBWakeUp_IRQHandler                     0x080001b7   Thumb Code     0  startup_stm32f10x_md.o(.text)
    USB_HP_CAN1_TX_IRQHandler                0x080001b7   Thumb Code     0  startup_stm32f10x_md.o(.text)
    USB_LP_CAN1_RX0_IRQHandler               0x080001b7   Thumb Code     0  startup_stm32f10x_md.o(.text)
    WWDG_IRQHandler                          0x080001b7   Thumb Code     0  startup_stm32f10x_md.o(.text)
    __aeabi_memcpy                           0x080001c1   Thumb Code    36  memcpya.o(.text)
    __aeabi_memcpy4                          0x080001c1   Thumb Code     0  memcpya.o(.text)
    __aeabi_memcpy8                          0x080001c1   Thumb Code     0  memcpya.o(.text)
    __aeabi_memset                           0x080001e5   Thumb Code    14  memseta.o(.text)
    __aeabi_memset4                          0x080001e5   Thumb Code     0  memseta.o(.text)
    __aeabi_memset8                          0x080001e5   Thumb Code     0  memseta.o(.text)
    __aeabi_memclr                           0x080001f3   Thumb Code     4  memseta.o(.text)
    __aeabi_memclr4                          0x080001f3   Thumb Code     0  memseta.o(.text)
    __aeabi_memclr8                          0x080001f3   Thumb Code     0  memseta.o(.text)
    _memset$wrapper                          0x080001f7   Thumb Code    18  memseta.o(.text)
    __aeabi_dadd                             0x08000209   Thumb Code   322  dadd.o(.text)
    __aeabi_dsub                             0x0800034b   Thumb Code     6  dadd.o(.text)
    __aeabi_drsub                            0x08000351   Thumb Code     6  dadd.o(.text)
    __aeabi_dmul                             0x08000357   Thumb Code   228  dmul.o(.text)
    __aeabi_i2d                              0x0800043b   Thumb Code    34  dflti.o(.text)
    __aeabi_ui2d                             0x0800045d   Thumb Code    26  dfltui.o(.text)
    __aeabi_d2iz                             0x08000477   Thumb Code    62  dfixi.o(.text)
    __aeabi_llsl                             0x080004b5   Thumb Code    30  llshl.o(.text)
    _ll_shift_l                              0x080004b5   Thumb Code     0  llshl.o(.text)
    __aeabi_llsr                             0x080004d3   Thumb Code    32  llushr.o(.text)
    _ll_ushift_r                             0x080004d3   Thumb Code     0  llushr.o(.text)
    __aeabi_lasr                             0x080004f3   Thumb Code    36  llsshr.o(.text)
    _ll_sshift_r                             0x080004f3   Thumb Code     0  llsshr.o(.text)
    __I$use$fp                               0x08000517   Thumb Code     0  iusefp.o(.text)
    _double_round                            0x08000517   Thumb Code    30  depilogue.o(.text)
    _double_epilogue                         0x08000535   Thumb Code   156  depilogue.o(.text)
    __scatterload                            0x080005d1   Thumb Code    28  init.o(.text)
    __scatterload_rt2                        0x080005d1   Thumb Code     0  init.o(.text)
    ADC_Cmd                                  0x080005f5   Thumb Code    22  stm32f10x_adc.o(i.ADC_Cmd)
    ADC_DVR_SCAN                             0x0800060d   Thumb Code   304  dvr.o(i.ADC_DVR_SCAN)
    ADC_GetCalibrationStatus                 0x0800074d   Thumb Code    20  stm32f10x_adc.o(i.ADC_GetCalibrationStatus)
    ADC_GetConversionValue                   0x08000761   Thumb Code     8  stm32f10x_adc.o(i.ADC_GetConversionValue)
    ADC_GetFlagStatus                        0x08000769   Thumb Code    18  stm32f10x_adc.o(i.ADC_GetFlagStatus)
    ADC_GetResetCalibrationStatus            0x0800077b   Thumb Code    20  stm32f10x_adc.o(i.ADC_GetResetCalibrationStatus)
    ADC_Init                                 0x08000791   Thumb Code    70  stm32f10x_adc.o(i.ADC_Init)
    ADC_RegularChannelConfig                 0x080007e1   Thumb Code   184  stm32f10x_adc.o(i.ADC_RegularChannelConfig)
    ADC_ResetCalibration                     0x08000899   Thumb Code    10  stm32f10x_adc.o(i.ADC_ResetCalibration)
    ADC_SoftwareStartConvCmd                 0x080008a3   Thumb Code    22  stm32f10x_adc.o(i.ADC_SoftwareStartConvCmd)
    ADC_StartCalibration                     0x080008b9   Thumb Code    10  stm32f10x_adc.o(i.ADC_StartCalibration)
    BusFault_Handler                         0x080008c3   Thumb Code     4  stm32f10x_it.o(i.BusFault_Handler)
    DebugMon_Handler                         0x080008c7   Thumb Code     2  stm32f10x_it.o(i.DebugMon_Handler)
    Delay                                    0x080008c9   Thumb Code    18  nrf24l01.o(i.Delay)
    Dvr_Limit                                0x080008db   Thumb Code   178  dvr.o(i.Dvr_Limit)
    Dvr_Mid_Limit                            0x0800098d   Thumb Code   122  dvr.o(i.Dvr_Mid_Limit)
    GPIO_Init                                0x08000a07   Thumb Code   278  stm32f10x_gpio.o(i.GPIO_Init)
    GPIO_ReadInputDataBit                    0x08000b1d   Thumb Code    18  stm32f10x_gpio.o(i.GPIO_ReadInputDataBit)
    GPIO_ResetBits                           0x08000b2f   Thumb Code     4  stm32f10x_gpio.o(i.GPIO_ResetBits)
    GPIO_SetBits                             0x08000b33   Thumb Code     4  stm32f10x_gpio.o(i.GPIO_SetBits)
    Get_Joystick_PIT_ADC                     0x08000b37   Thumb Code    12  dvr.o(i.Get_Joystick_PIT_ADC)
    Get_Joystick_ROL_ADC                     0x08000b43   Thumb Code    12  dvr.o(i.Get_Joystick_ROL_ADC)
    Get_Joystick_THR_ADC                     0x08000b4f   Thumb Code    12  dvr.o(i.Get_Joystick_THR_ADC)
    Get_Joystick_YAW_ADC                     0x08000b5b   Thumb Code    12  dvr.o(i.Get_Joystick_YAW_ADC)
    HardFault_Handler                        0x08000b67   Thumb Code     4  stm32f10x_it.o(i.HardFault_Handler)
    Init_NRF24L01                            0x08000b6d   Thumb Code   136  nrf24l01.o(i.Init_NRF24L01)
    Key_Init                                 0x08000bfd   Thumb Code    76  key.o(i.Key_Init)
    LCD_DrawPoint                            0x08000c51   Thumb Code    28  lcd_st7735s.o(i.LCD_DrawPoint)
    LCD_ShowChar                             0x08000c6d   Thumb Code   262  lcd_st7735s.o(i.LCD_ShowChar)
    LCD_ShowString                           0x08000d81   Thumb Code   106  lcd_st7735s.o(i.LCD_ShowString)
    LED_R                                    0x08000ded   Thumb Code    36  led.o(i.LED_R)
    MemManage_Handler                        0x08000e15   Thumb Code     4  stm32f10x_it.o(i.MemManage_Handler)
    NMI_Handler                              0x08000e19   Thumb Code     2  stm32f10x_it.o(i.NMI_Handler)
    NRF24L01_Check                           0x08000e1d   Thumb Code    68  nrf24l01.o(i.NRF24L01_Check)
    NRF24L01_Read_Buf                        0x08000e69   Thumb Code    60  nrf24l01.o(i.NRF24L01_Read_Buf)
    NRF24L01_Read_Reg                        0x08000ea9   Thumb Code    38  nrf24l01.o(i.NRF24L01_Read_Reg)
    NRF24L01_TxPacket                        0x08000ed5   Thumb Code    94  nrf24l01.o(i.NRF24L01_TxPacket)
    NRF24L01_Write_Buf                       0x08000f3d   Thumb Code    60  nrf24l01.o(i.NRF24L01_Write_Buf)
    NRF24L01_Write_Reg                       0x08000f7d   Thumb Code    40  nrf24l01.o(i.NRF24L01_Write_Reg)
    Power_Init                               0x08000fa9   Thumb Code   146  dvr.o(i.Power_Init)
    RCC_APB2PeriphClockCmd                   0x08001049   Thumb Code    26  stm32f10x_rcc.o(i.RCC_APB2PeriphClockCmd)
    Read_ADC                                 0x08001069   Thumb Code    48  dvr.o(i.Read_ADC)
    SPI_ReadWriteByte                        0x0800109d   Thumb Code    90  nrf24l01.o(i.SPI_ReadWriteByte)
    Send_ADC_Data                            0x080010fd   Thumb Code   150  freertos_demo.o(i.Send_ADC_Data)
    SysTick_CLKSourceConfig                  0x0800128d   Thumb Code    40  misc.o(i.SysTick_CLKSourceConfig)
    SysTick_Handler                          0x080012b5   Thumb Code    46  port.o(i.SysTick_Handler)
    SystemInit                               0x080012e9   Thumb Code    78  system_stm32f10x.o(i.SystemInit)
    TX_Mode                                  0x08001349   Thumb Code    88  nrf24l01.o(i.TX_Mode)
    Task_Dvr_Get_data                        0x080013ad   Thumb Code    18  freertos_demo.o(i.Task_Dvr_Get_data)
    Task_NRF_TX                              0x080013c1   Thumb Code    76  freertos_demo.o(i.Task_NRF_TX)
    UsageFault_Handler                       0x08001415   Thumb Code     4  stm32f10x_it.o(i.UsageFault_Handler)
    __scatterload_copy                       0x08001419   Thumb Code    14  handlers.o(i.__scatterload_copy)
    __scatterload_null                       0x08001427   Thumb Code     2  handlers.o(i.__scatterload_null)
    __scatterload_zeroinit                   0x08001429   Thumb Code    14  handlers.o(i.__scatterload_zeroinit)
    delay_init                               0x08001439   Thumb Code    54  delay.o(i.delay_init)
    delay_ms                                 0x0800147d   Thumb Code    24  delay.o(i.delay_ms)
    delay_us                                 0x08001495   Thumb Code    68  delay.o(i.delay_us)
    lcdClear                                 0x080014dd   Thumb Code    48  lcd_st7735s.o(i.lcdClear)
    lcdGpioInit                              0x0800150d   Thumb Code    86  lcd_st7735s.o(i.lcdGpioInit)
    lcdInit                                  0x0800156d   Thumb Code   518  lcd_st7735s.o(i.lcdInit)
    lcdSelectRegister                        0x08001779   Thumb Code    98  lcd_st7735s.o(i.lcdSelectRegister)
    lcdSetAddress                            0x080017e5   Thumb Code    82  lcd_st7735s.o(i.lcdSetAddress)
    lcdWriteDataU16                          0x08001837   Thumb Code    18  lcd_st7735s.o(i.lcdWriteDataU16)
    lcdWriteDataU8                           0x08001849   Thumb Code    98  lcd_st7735s.o(i.lcdWriteDataU8)
    main                                     0x080018b5   Thumb Code   204  main.o(i.main)
    pvPortMalloc                             0x08001f61   Thumb Code   208  heap_4.o(i.pvPortMalloc)
    pxPortInitialiseStack                    0x08002045   Thumb Code    30  port.o(i.pxPortInitialiseStack)
    uxListRemove                             0x08002069   Thumb Code    40  list.o(i.uxListRemove)
    vListInitialise                          0x08002091   Thumb Code    26  list.o(i.vListInitialise)
    vListInitialiseItem                      0x080020ab   Thumb Code     6  list.o(i.vListInitialiseItem)
    vListInsert                              0x080020b1   Thumb Code    52  list.o(i.vListInsert)
    vPortEnterCritical                       0x080020e5   Thumb Code    30  port.o(i.vPortEnterCritical)
    vPortExitCritical                        0x08002109   Thumb Code    28  port.o(i.vPortExitCritical)
    vPortFree                                0x08002129   Thumb Code    68  heap_4.o(i.vPortFree)
    vPortSetupTimerInterrupt                 0x08002175   Thumb Code    20  port.o(i.vPortSetupTimerInterrupt)
    vTaskDelay                               0x0800218d   Thumb Code    46  tasks.o(i.vTaskDelay)
    vTaskInternalSetTimeOutState             0x080021c1   Thumb Code    14  tasks.o(i.vTaskInternalSetTimeOutState)
    vTaskMissedYield                         0x080021d9   Thumb Code     8  tasks.o(i.vTaskMissedYield)
    vTaskPlaceOnEventList                    0x080021e5   Thumb Code    28  tasks.o(i.vTaskPlaceOnEventList)
    vTaskStartScheduler                      0x08002205   Thumb Code    76  tasks.o(i.vTaskStartScheduler)
    vTaskSuspendAll                          0x08002271   Thumb Code    12  tasks.o(i.vTaskSuspendAll)
    vTaskSwitchContext                       0x08002281   Thumb Code    76  tasks.o(i.vTaskSwitchContext)
    window_field                             0x080022e1   Thumb Code   288  dvr.o(i.window_field)
    xPortStartScheduler                      0x08002415   Thumb Code    42  port.o(i.xPortStartScheduler)
    xQueueGenericCreate                      0x08002449   Thumb Code    76  queue.o(i.xQueueGenericCreate)
    xQueueGenericReset                       0x08002495   Thumb Code   156  queue.o(i.xQueueGenericReset)
    xQueueGenericSend                        0x08002535   Thumb Code   276  queue.o(i.xQueueGenericSend)
    xQueueReceive                            0x0800264d   Thumb Code   256  queue.o(i.xQueueReceive)
    xTaskCheckForTimeOut                     0x08002751   Thumb Code    88  tasks.o(i.xTaskCheckForTimeOut)
    xTaskCreate                              0x080027b1   Thumb Code   104  tasks.o(i.xTaskCreate)
    xTaskIncrementTick                       0x08002819   Thumb Code   356  tasks.o(i.xTaskIncrementTick)
    xTaskRemoveFromEventList                 0x080029a9   Thumb Code   240  tasks.o(i.xTaskRemoveFromEventList)
    xTaskResumeAll                           0x08002ab1   Thumb Code   310  tasks.o(i.xTaskResumeAll)
    asc2_1206                                0x08002c0c   Data        1140  lcd_st7735s.o(.constdata)
    asc2_1608                                0x08003080   Data        1520  lcd_st7735s.o(.constdata)
    asc2_2412                                0x08003670   Data        3420  lcd_st7735s.o(.constdata)
    TX_ADDRESS_M                             0x080043dd   Data           5  nrf24l01.o(.constdata)
    RX_ADDRESS_M                             0x080043e2   Data           5  nrf24l01.o(.constdata)
    RX_ADDRESS_S                             0x080043e7   Data           5  nrf24l01.o(.constdata)
    Region$$Table$$Base                      0x080043ec   Number         0  anon$$obj.o(Region$$Table)
    Region$$Table$$Limit                     0x0800440c   Number         0  anon$$obj.o(Region$$Table)
    SystemCoreClock                          0x20000000   Data           4  system_stm32f10x.o(.data)
    AHBPrescTable                            0x20000004   Data          16  system_stm32f10x.o(.data)
    Task_NRF_TX_Handle                       0x20000014   Data           4  main.o(.data)
    Task_NRF_RX_Handle                       0x20000018   Data           4  main.o(.data)
    Task_DVR_Handle                          0x2000001c   Data           4  main.o(.data)
    Task_KEY_Handle                          0x20000020   Data           4  main.o(.data)
    xQueue_Send_Data                         0x20000024   Data           4  freertos_demo.o(.data)
    Show                                     0x20000028   Data           4  freertos_demo.o(.data)
    Key_con                                  0x2000002d   Data           5  key.o(.data)
    Dvr                                      0x20000032   Data           8  dvr.o(.data)
    offset                                   0x2000003a   Data           8  dvr.o(.data)
    pxCurrentTCB                             0x20000050   Data           4  tasks.o(.data)
    uxTopUsedPriority                        0x20000088   Data           4  tasks.o(.data)
    Filter_Pitch                             0x200000b0   Data          36  dvr.o(.bss)
    Filter_Roll                              0x200000d4   Data          36  dvr.o(.bss)
    Filter_Yaw                               0x200000f8   Data          36  dvr.o(.bss)
    Filter_Thr                               0x2000011c   Data          36  dvr.o(.bss)
    __initial_sp                             0x20004208   Data           0  startup_stm32f10x_md.o(STACK)



==============================================================================

Memory Map of the image

  Image Entry point : 0x0800019d

  Load Region LR_1 (Base: 0x08000000, Size: 0x000044bc, Max: 0xffffffff, ABSOLUTE)

    Execution Region ER_RO (Exec base: 0x08000000, Load base: 0x08000000, Size: 0x0000440c, Max: 0xffffffff, ABSOLUTE)

    Exec Addr    Load Addr    Size         Type   Attr      Idx    E Section Name        Object

    0x08000000   0x08000000   0x000000ec   Data   RO            3    RESET               startup_stm32f10x_md.o
    0x080000ec   0x080000ec   0x00000000   Code   RO         4849  * .ARM.Collect$$$$00000000  mc_w.l(entry.o)
    0x080000ec   0x080000ec   0x00000004   Code   RO         4876    .ARM.Collect$$$$00000001  mc_w.l(entry2.o)
    0x080000f0   0x080000f0   0x00000004   Code   RO         4879    .ARM.Collect$$$$00000004  mc_w.l(entry5.o)
    0x080000f4   0x080000f4   0x00000000   Code   RO         4881    .ARM.Collect$$$$00000008  mc_w.l(entry7b.o)
    0x080000f4   0x080000f4   0x00000000   Code   RO         4883    .ARM.Collect$$$$0000000A  mc_w.l(entry8b.o)
    0x080000f4   0x080000f4   0x00000008   Code   RO         4884    .ARM.Collect$$$$0000000B  mc_w.l(entry9a.o)
    0x080000fc   0x080000fc   0x00000004   Code   RO         4891    .ARM.Collect$$$$0000000E  mc_w.l(entry12b.o)
    0x08000100   0x08000100   0x00000000   Code   RO         4886    .ARM.Collect$$$$0000000F  mc_w.l(entry10a.o)
    0x08000100   0x08000100   0x00000000   Code   RO         4888    .ARM.Collect$$$$00000011  mc_w.l(entry11a.o)
    0x08000100   0x08000100   0x00000004   Code   RO         4877    .ARM.Collect$$$$00002712  mc_w.l(entry2.o)
    0x08000104   0x08000104   0x00000096   Code   RO         4778    .emb_text           port.o
    0x0800019a   0x0800019a   0x00000002   PAD
    0x0800019c   0x0800019c   0x00000024   Code   RO            4  * .text               startup_stm32f10x_md.o
    0x080001c0   0x080001c0   0x00000024   Code   RO         4852    .text               mc_w.l(memcpya.o)
    0x080001e4   0x080001e4   0x00000024   Code   RO         4854    .text               mc_w.l(memseta.o)
    0x08000208   0x08000208   0x0000014e   Code   RO         4862    .text               mf_w.l(dadd.o)
    0x08000356   0x08000356   0x000000e4   Code   RO         4864    .text               mf_w.l(dmul.o)
    0x0800043a   0x0800043a   0x00000022   Code   RO         4868    .text               mf_w.l(dflti.o)
    0x0800045c   0x0800045c   0x0000001a   Code   RO         4870    .text               mf_w.l(dfltui.o)
    0x08000476   0x08000476   0x0000003e   Code   RO         4874    .text               mf_w.l(dfixi.o)
    0x080004b4   0x080004b4   0x0000001e   Code   RO         4892    .text               mc_w.l(llshl.o)
    0x080004d2   0x080004d2   0x00000020   Code   RO         4894    .text               mc_w.l(llushr.o)
    0x080004f2   0x080004f2   0x00000024   Code   RO         4896    .text               mc_w.l(llsshr.o)
    0x08000516   0x08000516   0x00000000   Code   RO         4898    .text               mc_w.l(iusefp.o)
    0x08000516   0x08000516   0x000000ba   Code   RO         4901    .text               mf_w.l(depilogue.o)
    0x080005d0   0x080005d0   0x00000024   Code   RO         4903    .text               mc_w.l(init.o)
    0x080005f4   0x080005f4   0x00000016   Code   RO          404    i.ADC_Cmd           stm32f10x_adc.o
    0x0800060a   0x0800060a   0x00000002   PAD
    0x0800060c   0x0800060c   0x00000140   Code   RO         3834    i.ADC_DVR_SCAN      dvr.o
    0x0800074c   0x0800074c   0x00000014   Code   RO          412    i.ADC_GetCalibrationStatus  stm32f10x_adc.o
    0x08000760   0x08000760   0x00000008   Code   RO          413    i.ADC_GetConversionValue  stm32f10x_adc.o
    0x08000768   0x08000768   0x00000012   Code   RO          415    i.ADC_GetFlagStatus  stm32f10x_adc.o
    0x0800077a   0x0800077a   0x00000014   Code   RO          418    i.ADC_GetResetCalibrationStatus  stm32f10x_adc.o
    0x0800078e   0x0800078e   0x00000002   PAD
    0x08000790   0x08000790   0x00000050   Code   RO          422    i.ADC_Init          stm32f10x_adc.o
    0x080007e0   0x080007e0   0x000000b8   Code   RO          426    i.ADC_RegularChannelConfig  stm32f10x_adc.o
    0x08000898   0x08000898   0x0000000a   Code   RO          427    i.ADC_ResetCalibration  stm32f10x_adc.o
    0x080008a2   0x080008a2   0x00000016   Code   RO          429    i.ADC_SoftwareStartConvCmd  stm32f10x_adc.o
    0x080008b8   0x080008b8   0x0000000a   Code   RO          431    i.ADC_StartCalibration  stm32f10x_adc.o
    0x080008c2   0x080008c2   0x00000004   Code   RO          255    i.BusFault_Handler  stm32f10x_it.o
    0x080008c6   0x080008c6   0x00000002   Code   RO          256    i.DebugMon_Handler  stm32f10x_it.o
    0x080008c8   0x080008c8   0x00000012   Code   RO         3740    i.Delay             nrf24l01.o
    0x080008da   0x080008da   0x000000b2   Code   RO         3836    i.Dvr_Limit         dvr.o
    0x0800098c   0x0800098c   0x0000007a   Code   RO         3837    i.Dvr_Mid_Limit     dvr.o
    0x08000a06   0x08000a06   0x00000116   Code   RO         1546    i.GPIO_Init         stm32f10x_gpio.o
    0x08000b1c   0x08000b1c   0x00000012   Code   RO         1550    i.GPIO_ReadInputDataBit  stm32f10x_gpio.o
    0x08000b2e   0x08000b2e   0x00000004   Code   RO         1553    i.GPIO_ResetBits    stm32f10x_gpio.o
    0x08000b32   0x08000b32   0x00000004   Code   RO         1554    i.GPIO_SetBits      stm32f10x_gpio.o
    0x08000b36   0x08000b36   0x0000000c   Code   RO         3838    i.Get_Joystick_PIT_ADC  dvr.o
    0x08000b42   0x08000b42   0x0000000c   Code   RO         3839    i.Get_Joystick_ROL_ADC  dvr.o
    0x08000b4e   0x08000b4e   0x0000000c   Code   RO         3840    i.Get_Joystick_THR_ADC  dvr.o
    0x08000b5a   0x08000b5a   0x0000000c   Code   RO         3841    i.Get_Joystick_YAW_ADC  dvr.o
    0x08000b66   0x08000b66   0x00000004   Code   RO          257    i.HardFault_Handler  stm32f10x_it.o
    0x08000b6a   0x08000b6a   0x00000002   PAD
    0x08000b6c   0x08000b6c   0x00000090   Code   RO         3741    i.Init_NRF24L01     nrf24l01.o
    0x08000bfc   0x08000bfc   0x00000054   Code   RO         3709    i.Key_Init          key.o
    0x08000c50   0x08000c50   0x0000001c   Code   RO         3520    i.LCD_DrawPoint     lcd_st7735s.o
    0x08000c6c   0x08000c6c   0x00000114   Code   RO         3525    i.LCD_ShowChar      lcd_st7735s.o
    0x08000d80   0x08000d80   0x0000006a   Code   RO         3530    i.LCD_ShowString    lcd_st7735s.o
    0x08000dea   0x08000dea   0x00000002   PAD
    0x08000dec   0x08000dec   0x00000028   Code   RO         3482    i.LED_R             led.o
    0x08000e14   0x08000e14   0x00000004   Code   RO          258    i.MemManage_Handler  stm32f10x_it.o
    0x08000e18   0x08000e18   0x00000002   Code   RO          259    i.NMI_Handler       stm32f10x_it.o
    0x08000e1a   0x08000e1a   0x00000002   PAD
    0x08000e1c   0x08000e1c   0x0000004c   Code   RO         3742    i.NRF24L01_Check    nrf24l01.o
    0x08000e68   0x08000e68   0x00000040   Code   RO         3743    i.NRF24L01_Read_Buf  nrf24l01.o
    0x08000ea8   0x08000ea8   0x0000002c   Code   RO         3744    i.NRF24L01_Read_Reg  nrf24l01.o
    0x08000ed4   0x08000ed4   0x00000068   Code   RO         3746    i.NRF24L01_TxPacket  nrf24l01.o
    0x08000f3c   0x08000f3c   0x00000040   Code   RO         3747    i.NRF24L01_Write_Buf  nrf24l01.o
    0x08000f7c   0x08000f7c   0x0000002c   Code   RO         3748    i.NRF24L01_Write_Reg  nrf24l01.o
    0x08000fa8   0x08000fa8   0x000000a0   Code   RO         3844    i.Power_Init        dvr.o
    0x08001048   0x08001048   0x00000020   Code   RO         1976    i.RCC_APB2PeriphClockCmd  stm32f10x_rcc.o
    0x08001068   0x08001068   0x00000034   Code   RO         3845    i.Read_ADC          dvr.o
    0x0800109c   0x0800109c   0x00000060   Code   RO         3750    i.SPI_ReadWriteByte  nrf24l01.o
    0x080010fc   0x080010fc   0x000000a8   Code   RO          301    i.Send_ADC_Data     freertos_demo.o
    0x080011a4   0x080011a4   0x00000008   Code   RO           10    i.SetSysClock       system_stm32f10x.o
    0x080011ac   0x080011ac   0x000000e0   Code   RO           11    i.SetSysClockTo72   system_stm32f10x.o
    0x0800128c   0x0800128c   0x00000028   Code   RO          363    i.SysTick_CLKSourceConfig  misc.o
    0x080012b4   0x080012b4   0x00000034   Code   RO         4779    i.SysTick_Handler   port.o
    0x080012e8   0x080012e8   0x00000060   Code   RO           13    i.SystemInit        system_stm32f10x.o
    0x08001348   0x08001348   0x00000064   Code   RO         3751    i.TX_Mode           nrf24l01.o
    0x080013ac   0x080013ac   0x00000012   Code   RO          302    i.Task_Dvr_Get_data  freertos_demo.o
    0x080013be   0x080013be   0x00000002   PAD
    0x080013c0   0x080013c0   0x00000054   Code   RO          304    i.Task_NRF_TX       freertos_demo.o
    0x08001414   0x08001414   0x00000004   Code   RO          260    i.UsageFault_Handler  stm32f10x_it.o
    0x08001418   0x08001418   0x0000000e   Code   RO         4907    i.__scatterload_copy  mc_w.l(handlers.o)
    0x08001426   0x08001426   0x00000002   Code   RO         4908    i.__scatterload_null  mc_w.l(handlers.o)
    0x08001428   0x08001428   0x0000000e   Code   RO         4909    i.__scatterload_zeroinit  mc_w.l(handlers.o)
    0x08001436   0x08001436   0x00000002   PAD
    0x08001438   0x08001438   0x00000044   Code   RO         3395    i.delay_init        delay.o
    0x0800147c   0x0800147c   0x00000018   Code   RO         3396    i.delay_ms          delay.o
    0x08001494   0x08001494   0x00000048   Code   RO         3398    i.delay_us          delay.o
    0x080014dc   0x080014dc   0x00000030   Code   RO         3532    i.lcdClear          lcd_st7735s.o
    0x0800150c   0x0800150c   0x00000060   Code   RO         3533    i.lcdGpioInit       lcd_st7735s.o
    0x0800156c   0x0800156c   0x0000020c   Code   RO         3534    i.lcdInit           lcd_st7735s.o
    0x08001778   0x08001778   0x0000006c   Code   RO         3535    i.lcdSelectRegister  lcd_st7735s.o
    0x080017e4   0x080017e4   0x00000052   Code   RO         3536    i.lcdSetAddress     lcd_st7735s.o
    0x08001836   0x08001836   0x00000012   Code   RO         3537    i.lcdWriteDataU16   lcd_st7735s.o
    0x08001848   0x08001848   0x0000006c   Code   RO         3538    i.lcdWriteDataU8    lcd_st7735s.o
    0x080018b4   0x080018b4   0x00000114   Code   RO          137    i.main              main.o
    0x080019c8   0x080019c8   0x000000c0   Code   RO         4414    i.prvAddCurrentTaskToDelayedList  tasks.o
    0x08001a88   0x08001a88   0x000000e4   Code   RO         4415    i.prvAddNewTaskToReadyList  tasks.o
    0x08001b6c   0x08001b6c   0x00000048   Code   RO         4416    i.prvCheckTasksWaitingTermination  tasks.o
    0x08001bb4   0x08001bb4   0x0000002a   Code   RO         4134    i.prvCopyDataFromQueue  queue.o
    0x08001bde   0x08001bde   0x0000006a   Code   RO         4135    i.prvCopyDataToQueue  queue.o
    0x08001c48   0x08001c48   0x00000012   Code   RO         4417    i.prvDeleteTCB      tasks.o
    0x08001c5a   0x08001c5a   0x00000002   PAD
    0x08001c5c   0x08001c5c   0x00000070   Code   RO         4717    i.prvHeapInit       heap_4.o
    0x08001ccc   0x08001ccc   0x00000028   Code   RO         4418    i.prvIdleTask       tasks.o
    0x08001cf4   0x08001cf4   0x00000026   Code   RO         4136    i.prvInitialiseNewQueue  queue.o
    0x08001d1a   0x08001d1a   0x0000007a   Code   RO         4419    i.prvInitialiseNewTask  tasks.o
    0x08001d94   0x08001d94   0x00000068   Code   RO         4420    i.prvInitialiseTaskLists  tasks.o
    0x08001dfc   0x08001dfc   0x00000068   Code   RO         4718    i.prvInsertBlockIntoFreeList  heap_4.o
    0x08001e64   0x08001e64   0x0000001a   Code   RO         4137    i.prvIsQueueEmpty   queue.o
    0x08001e7e   0x08001e7e   0x0000001e   Code   RO         4138    i.prvIsQueueFull    queue.o
    0x08001e9c   0x08001e9c   0x00000030   Code   RO         4421    i.prvResetNextTaskUnblockTime  tasks.o
    0x08001ecc   0x08001ecc   0x00000016   Code   RO         4780    i.prvTaskExitError  port.o
    0x08001ee2   0x08001ee2   0x0000007e   Code   RO         4139    i.prvUnlockQueue    queue.o
    0x08001f60   0x08001f60   0x000000e4   Code   RO         4720    i.pvPortMalloc      heap_4.o
    0x08002044   0x08002044   0x00000024   Code   RO         4781    i.pxPortInitialiseStack  port.o
    0x08002068   0x08002068   0x00000028   Code   RO         4095    i.uxListRemove      list.o
    0x08002090   0x08002090   0x0000001a   Code   RO         4096    i.vListInitialise   list.o
    0x080020aa   0x080020aa   0x00000006   Code   RO         4097    i.vListInitialiseItem  list.o
    0x080020b0   0x080020b0   0x00000034   Code   RO         4098    i.vListInsert       list.o
    0x080020e4   0x080020e4   0x00000024   Code   RO         4783    i.vPortEnterCritical  port.o
    0x08002108   0x08002108   0x00000020   Code   RO         4784    i.vPortExitCritical  port.o
    0x08002128   0x08002128   0x0000004c   Code   RO         4721    i.vPortFree         heap_4.o
    0x08002174   0x08002174   0x00000018   Code   RO         4785    i.vPortSetupTimerInterrupt  port.o
    0x0800218c   0x0800218c   0x00000034   Code   RO         4429    i.vTaskDelay        tasks.o
    0x080021c0   0x080021c0   0x00000018   Code   RO         4433    i.vTaskInternalSetTimeOutState  tasks.o
    0x080021d8   0x080021d8   0x0000000c   Code   RO         4434    i.vTaskMissedYield  tasks.o
    0x080021e4   0x080021e4   0x00000020   Code   RO         4435    i.vTaskPlaceOnEventList  tasks.o
    0x08002204   0x08002204   0x0000006c   Code   RO         4441    i.vTaskStartScheduler  tasks.o
    0x08002270   0x08002270   0x00000010   Code   RO         4443    i.vTaskSuspendAll   tasks.o
    0x08002280   0x08002280   0x00000060   Code   RO         4444    i.vTaskSwitchContext  tasks.o
    0x080022e0   0x080022e0   0x00000134   Code   RO         3846    i.window_field      dvr.o
    0x08002414   0x08002414   0x00000034   Code   RO         4786    i.xPortStartScheduler  port.o
    0x08002448   0x08002448   0x0000004c   Code   RO         4144    i.xQueueGenericCreate  queue.o
    0x08002494   0x08002494   0x000000a0   Code   RO         4145    i.xQueueGenericReset  queue.o
    0x08002534   0x08002534   0x00000118   Code   RO         4146    i.xQueueGenericSend  queue.o
    0x0800264c   0x0800264c   0x00000104   Code   RO         4153    i.xQueueReceive     queue.o
    0x08002750   0x08002750   0x00000060   Code   RO         4446    i.xTaskCheckForTimeOut  tasks.o
    0x080027b0   0x080027b0   0x00000068   Code   RO         4447    i.xTaskCreate       tasks.o
    0x08002818   0x08002818   0x00000190   Code   RO         4456    i.xTaskIncrementTick  tasks.o
    0x080029a8   0x080029a8   0x00000108   Code   RO         4457    i.xTaskRemoveFromEventList  tasks.o
    0x08002ab0   0x08002ab0   0x0000015c   Code   RO         4458    i.xTaskResumeAll    tasks.o
    0x08002c0c   0x08002c0c   0x000017d1   Data   RO         3540    .constdata          lcd_st7735s.o
    0x080043dd   0x080043dd   0x0000000f   Data   RO         3752    .constdata          nrf24l01.o
    0x080043ec   0x080043ec   0x00000020   Data   RO         4905    Region$$Table       anon$$obj.o


    Execution Region ER_RW (Exec base: 0x20000000, Load base: 0x0800440c, Size: 0x000000b0, Max: 0xffffffff, ABSOLUTE)

    Exec Addr    Load Addr    Size         Type   Attr      Idx    E Section Name        Object

    0x20000000   0x0800440c   0x00000014   Data   RW           14    .data               system_stm32f10x.o
    0x20000014   0x08004420   0x00000010   Data   RW          138    .data               main.o
    0x20000024   0x08004430   0x00000008   Data   RW          305    .data               freertos_demo.o
    0x2000002c   0x08004438   0x00000001   Data   RW         3399    .data               delay.o
    0x2000002d   0x08004439   0x00000005   Data   RW         3710    .data               key.o
    0x20000032   0x0800443e   0x0000001e   Data   RW         3848    .data               dvr.o
    0x20000050   0x0800445c   0x00000040   Data   RW         4461    .data               tasks.o
    0x20000090   0x0800449c   0x0000001c   Data   RW         4727    .data               heap_4.o
    0x200000ac   0x080044b8   0x00000004   Data   RW         4787    .data               port.o


    Execution Region ER_ZI (Exec base: 0x200000b0, Load base: 0x080044bc, Size: 0x00004158, Max: 0xffffffff, ABSOLUTE)

    Exec Addr    Load Addr    Size         Type   Attr      Idx    E Section Name        Object

    0x200000b0        -       0x00000090   Zero   RW         3847    .bss                dvr.o
    0x20000140        -       0x000000c8   Zero   RW         4460    .bss                tasks.o
    0x20000208        -       0x00003c00   Zero   RW         4726    .bss                heap_4.o
    0x20003e08        -       0x00000400   Zero   RW            1    STACK               startup_stm32f10x_md.o


==============================================================================

Image component sizes


      Code (inc. data)   RO Data    RW Data    ZI Data      Debug   Object Name

       164         18          0          1          0       1647   delay.o
      1188         54          0         30        144       7187   dvr.o
         0          0          0          0          0      14488   event_groups.o
       270         26          0          8          0       1790   freertos_demo.o
       520         58          0         28      15360       4547   heap_4.o
        84          8          0          5          0       1273   key.o
      1394         50       6097          0          0       9533   lcd_st7735s.o
        40          4          0          0          0        404   led.o
       124          0          0          0          0       2545   list.o
       276         72          0         16          0     229247   main.o
        40          0          0          0          0        466   misc.o
       754         62         15          0          0       6410   nrf24l01.o
       404         48          0          4          0       9048   port.o
      1144         12          0          0          0      11587   queue.o
        36          8        236          0       1024        796   startup_stm32f10x_md.o
       394         10          0          0          0      16525   stm32f10x_adc.o
       304          0          0          0          0      11792   stm32f10x_gpio.o
        20          0          0          0          0       2385   stm32f10x_it.o
        32          6          0          0          0        517   stm32f10x_rcc.o
       328         28          0         20          0      14961   system_stm32f10x.o
      2376        312          0         64        200      28359   tasks.o

    ----------------------------------------------------------------------
      9908        776       6380        176      16728     375507   Object Totals
         0          0         32          0          0          0   (incl. Generated)
        16          0          0          0          0          0   (incl. Padding)

    ----------------------------------------------------------------------

      Code (inc. data)   RO Data    RW Data    ZI Data      Debug   Library Member Name

         0          0          0          0          0          0   entry.o
         0          0          0          0          0          0   entry10a.o
         0          0          0          0          0          0   entry11a.o
         4          0          0          0          0          0   entry12b.o
         8          4          0          0          0          0   entry2.o
         4          0          0          0          0          0   entry5.o
         0          0          0          0          0          0   entry7b.o
         0          0          0          0          0          0   entry8b.o
         8          4          0          0          0          0   entry9a.o
        30          0          0          0          0          0   handlers.o
        36          8          0          0          0         68   init.o
         0          0          0          0          0          0   iusefp.o
        30          0          0          0          0         68   llshl.o
        36          0          0          0          0         68   llsshr.o
        32          0          0          0          0         68   llushr.o
        36          0          0          0          0         68   memcpya.o
        36          0          0          0          0        108   memseta.o
       334          0          0          0          0        148   dadd.o
       186          0          0          0          0        176   depilogue.o
        62          0          0          0          0         80   dfixi.o
        34          0          0          0          0         76   dflti.o
        26          0          0          0          0         76   dfltui.o
       228          0          0          0          0         96   dmul.o

    ----------------------------------------------------------------------
      1132         16          0          0          0       1100   Library Totals
         2          0          0          0          0          0   (incl. Padding)

    ----------------------------------------------------------------------

      Code (inc. data)   RO Data    RW Data    ZI Data      Debug   Library Name

       260         16          0          0          0        448   mc_w.l
       870          0          0          0          0        652   mf_w.l

    ----------------------------------------------------------------------
      1132         16          0          0          0       1100   Library Totals

    ----------------------------------------------------------------------

==============================================================================


      Code (inc. data)   RO Data    RW Data    ZI Data      Debug   

     11040        792       6380        176      16728     370727   Grand Totals
     11040        792       6380        176      16728     370727   ELF Image Totals
     11040        792       6380        176          0          0   ROM Totals

==============================================================================

    Total RO  Size (Code + RO Data)                17420 (  17.01kB)
    Total RW  Size (RW Data + ZI Data)             16904 (  16.51kB)
    Total ROM Size (Code + RO Data + RW Data)      17596 (  17.18kB)

==============================================================================

